 camera

 Timestamp is 58858581 (Mon Jan 23 12:24:33 2017)

 Preferred load address is 0000000180000000

 Start         Length     Name                   Class
 0001:00000000 00000000H .text$di                CODE
 0001:00000000 0000ce10H .text$mn                CODE
 0001:0000ce10 00000020H .text$mn$00             CODE
 0001:0000ce30 00000260H .text$x                 CODE
 0002:00000000 000002b0H .idata$5                DATA
 0002:000002b0 00000010H .00cfg                  DATA
 0002:000002c0 00000008H .CRT$XCA                DATA
 0002:000002c8 00000008H .CRT$XCU                DATA
 0002:000002d0 00000008H .CRT$XCZ                DATA
 0002:000002d8 00000008H .CRT$XIA                DATA
 0002:000002e0 00000018H .CRT$XIC                DATA
 0002:000002f8 00000008H .CRT$XIZ                DATA
 0002:00000300 00000008H .CRT$XPA                DATA
 0002:00000308 00000010H .CRT$XPX                DATA
 0002:00000318 00000008H .CRT$XPXA               DATA
 0002:00000320 00000008H .CRT$XPZ                DATA
 0002:00000328 00000008H .CRT$XTA                DATA
 0002:00000330 00000010H .CRT$XTZ                DATA
 0002:00000340 00007258H .rdata                  DATA
 0002:00007598 00000384H .rdata$r                DATA
 0002:0000791c 000003bcH .rdata$zzzdbg           DATA
 0002:00007cd8 00000008H .rtc$IAA                DATA
 0002:00007ce0 00000008H .rtc$IZZ                DATA
 0002:00007ce8 00000008H .rtc$TAA                DATA
 0002:00007cf0 00000008H .rtc$TZZ                DATA
 0002:00007cf8 00000bc8H .xdata                  DATA
 0002:000088c0 000001e4H .xdata$x                DATA
 0002:00008aa4 00000020H .didat$2                DATA
 0002:00008ac4 00000024H .didat$3                DATA
 0002:00008ae8 00000130H .didat$4                DATA
 0002:00008c18 000007a0H .didat$6                DATA
 0002:000093b8 00000138H .didat$7                DATA
 0002:000094f0 00000050H .edata                  DATA
 0002:00009540 00000028H .idata$2                DATA
 0002:00009568 00000018H .idata$3                DATA
 0002:00009580 000002b0H .idata$4                DATA
 0002:00009830 0000078aH .idata$6                DATA
 0003:00000000 00000920H .data                   DATA
 0003:00000920 00000118H .data$r                 DATA
 0003:00000a38 00000138H .didat$5                DATA
 0003:00000b70 00001308H .bss                    DATA
 0004:00000000 00000f0cH .pdata                  DATA
 0005:00000000 00000080H .gfids$x                DATA
 0005:00000080 00000048H .gfids$y                DATA
 0006:00000000 00000060H .rsrc$01                DATA
 0006:00000060 00000180H .rsrc$02                DATA

  Address         Publics by Value              Rva+Base               Lib:Object

 0000:00000000       __guard_iat_count          0000000000000000     <absolute>
 0000:00000000       __dynamic_value_reloc_table 0000000000000000     <absolute>
 0000:00000000       __guard_iat_table          0000000000000000     <absolute>
 0000:00000000       __guard_longjmp_table      0000000000000000     <absolute>
 0000:00000000       __guard_longjmp_count      0000000000000000     <absolute>
 0000:00000000       __guard_fids_count         0000000000000000     <absolute>
 0000:00000000       ___safe_se_handler_table   0000000000000000     <absolute>
 0000:00000000       ___safe_se_handler_count   0000000000000000     <absolute>
 0000:00000000       __guard_fids_table         0000000000000000     <absolute>
 0000:00000100       __guard_flags              0000000000000100     <absolute>
 0000:00000000       __ImageBase                0000000180000000     <linker-defined>
 0001:00000000       ??4Mat@cv@@QEAAAEAV01@AEBV01@@Z 0000000180001000 f i camera.obj
 0001:00000110       ?updateAsync@@YAXPEAUuv_async_s@@H@Z 0000000180001110 f   camera.obj
 0001:00000420       ?CameraOpen@@YAXPEAUuv_work_s@@@Z 0000000180001420 f   camera.obj
 0001:00000b50       ?CameraClose@@YAXPEAUuv_work_s@@H@Z 0000000180001b50 f   camera.obj
 0001:00000bc0       ?IsOpen@@YAXAEBV?$FunctionCallbackInfo@VValue@v8@@@v8@@@Z 0000000180001bc0 f   camera.obj
 0001:00000c30       ?GetPreviewSize@@YAXAEBV?$FunctionCallbackInfo@VValue@v8@@@v8@@@Z 0000000180001c30 f   camera.obj
 0001:00000d30       ?Open@@YAXAEBV?$FunctionCallbackInfo@VValue@v8@@@v8@@@Z 0000000180001d30 f   camera.obj
 0001:000016d0       ?Close@@YAXAEBV?$FunctionCallbackInfo@VValue@v8@@@v8@@@Z 00000001800026d0 f   camera.obj
 0001:000017c0       ?init@@YAXV?$Local@VObject@v8@@@v8@@@Z 00000001800027c0 f   camera.obj
 0001:000019a0       ?stringValue@@YA?AV?$basic_string@DU?$char_traits@D@std@@V?$allocator@D@2@@std@@V?$Local@VValue@v8@@@v8@@@Z 00000001800029a0 f   camera.obj
 0001:00001b70       ??1?$basic_string@DU?$char_traits@D@std@@V?$allocator@D@2@@std@@QEAA@XZ 0000000180002b70 f i camera.obj
 0001:00001c00       ??4?$basic_string@DU?$char_traits@D@std@@V?$allocator@D@2@@std@@QEAAAEAV01@$$QEAV01@@Z 0000000180002c00 f i camera.obj
 0001:00001cb0       ?assign@?$basic_string@DU?$char_traits@D@std@@V?$allocator@D@2@@std@@QEAAAEAV12@PEBD_K@Z 0000000180002cb0 f i camera.obj
 0001:00001de0       ?assign@?$basic_string@DU?$char_traits@D@std@@V?$allocator@D@2@@std@@QEAAAEAV12@AEBV12@_K1@Z 0000000180002de0 f i camera.obj
 0001:00001f10       ?_Assign_rv@?$basic_string@DU?$char_traits@D@std@@V?$allocator@D@2@@std@@QEAAX$$QEAV12@@Z 0000000180002f10 f i camera.obj
 0001:00001f90       ?erase@?$basic_string@DU?$char_traits@D@std@@V?$allocator@D@2@@std@@QEAAAEAV12@_K0@Z 0000000180002f90 f i camera.obj
 0001:00002060       ?_Copy@?$basic_string@DU?$char_traits@D@std@@V?$allocator@D@2@@std@@QEAAX_K0@Z 0000000180003060 f i camera.obj
 0001:0000222c       __imp_load_uv_loop_close   000000018000322c f   node:node.exe
 0001:00002238       __tailMerge_node_exe       0000000180003238 f i node:node.exe
 0001:000022b1       __imp_load_uv_queue_work   00000001800032b1 f   node:node.exe
 0001:000022bd       __imp_load_?Global@Context@v8@@QEAA?AV?$Local@VObject@v8@@@2@XZ 00000001800032bd f   node:node.exe
 0001:000022c9       __imp_load_?New@Integer@v8@@SA?AV?$Local@VInteger@v8@@@2@PEAVIsolate@2@H@Z 00000001800032c9 f   node:node.exe
 0001:000022d5       __imp_load_?ThrowException@Isolate@v8@@QEAA?AV?$Local@VValue@v8@@@2@V32@@Z 00000001800032d5 f   node:node.exe
 0001:000022e1       __imp_load_?GetCurrentContext@Isolate@v8@@QEAA?AV?$Local@VContext@v8@@@2@XZ 00000001800032e1 f   node:node.exe
 0001:000022ed       __imp_load_?GetCurrent@Isolate@v8@@SAPEAV12@XZ 00000001800032ed f   node:node.exe
 0001:000022f9       __imp_load_?CreateHandle@HandleScope@v8@@KAPEAPEAVObject@internal@2@PEAVIsolate@42@PEAV342@@Z 00000001800032f9 f   node:node.exe
 0001:00002305       __imp_load_??1HandleScope@v8@@QEAA@XZ 0000000180003305 f   node:node.exe
 0001:00002311       __imp_load_??0HandleScope@v8@@QEAA@PEAVIsolate@1@@Z 0000000180003311 f   node:node.exe
 0001:0000231d       __imp_load_?TypeError@Exception@v8@@SA?AV?$Local@VValue@v8@@@2@V?$Local@VString@v8@@@2@@Z 000000018000331d f   node:node.exe
 0001:00002329       __imp_load_?New@Array@v8@@SA?AV?$Local@VArray@v8@@@2@PEAVIsolate@2@H@Z 0000000180003329 f   node:node.exe
 0001:00002335       __imp_load_?GetFunction@FunctionTemplate@v8@@QEAA?AV?$Local@VFunction@v8@@@2@XZ 0000000180003335 f   node:node.exe
 0001:00002341       __imp_load_?New@FunctionTemplate@v8@@SA?AV?$Local@VFunctionTemplate@v8@@@2@PEAVIsolate@2@P6AXAEBV?$FunctionCallbackInfo@VValue@v8@@@2@@ZV?$Local@VValue@v8@@@2@V?$Local@VSignature@v8@@@2@H@Z 0000000180003341 f   node:node.exe
 0001:0000234d       __imp_load_?DisposeGlobal@V8@v8@@CAXPEAPEAVObject@internal@2@@Z 000000018000334d f   node:node.exe
 0001:00002359       __imp_load_?GlobalizeReference@V8@v8@@CAPEAPEAVObject@internal@2@PEAVIsolate@42@PEAPEAV342@@Z 0000000180003359 f   node:node.exe
 0001:00002365       __imp_load_?Int32Value@Value@v8@@QEBAHXZ 0000000180003365 f   node:node.exe
 0001:00002371       __imp_load_?BooleanValue@Value@v8@@QEBA_NXZ 0000000180003371 f   node:node.exe
 0001:0000237d       __imp_load_?IsNumber@Value@v8@@QEBA_NXZ 000000018000337d f   node:node.exe
 0001:00002389       __imp_load_?IsObject@Value@v8@@QEBA_NXZ 0000000180003389 f   node:node.exe
 0001:00002395       __imp_load_?IsFunction@Value@v8@@QEBA_NXZ 0000000180003395 f   node:node.exe
 0001:000023a1       __imp_load_?NewFromUtf8@String@v8@@SA?AV?$Local@VString@v8@@@2@PEAVIsolate@2@PEBDW4NewStringType@12@H@Z 00000001800033a1 f   node:node.exe
 0001:000023ad       __imp_load_?WriteUtf8@String@v8@@QEBAHPEADHPEAHH@Z 00000001800033ad f   node:node.exe
 0001:000023b9       __imp_load_?Utf8Length@String@v8@@QEBAHXZ 00000001800033b9 f   node:node.exe
 0001:000023c5       __imp_load_?New@Number@v8@@SA?AV?$Local@VNumber@v8@@@2@PEAVIsolate@2@N@Z 00000001800033c5 f   node:node.exe
 0001:000023d1       __imp_load_?New@Object@v8@@SA?AV?$Local@VObject@v8@@@2@PEAVIsolate@2@@Z 00000001800033d1 f   node:node.exe
 0001:000023dd       __imp_load_?Has@Object@v8@@QEAA_NV?$Local@VValue@v8@@@2@@Z 00000001800033dd f   node:node.exe
 0001:000023e9       __imp_load_?Get@Object@v8@@QEAA?AV?$Local@VValue@v8@@@2@V32@@Z 00000001800033e9 f   node:node.exe
 0001:000023f5       __imp_load_?Set@Object@v8@@QEAA_NV?$Local@VValue@v8@@@2@0@Z 00000001800033f5 f   node:node.exe
 0001:00002401       __imp_load_?Set@Object@v8@@QEAA_NIV?$Local@VValue@v8@@@2@@Z 0000000180003401 f   node:node.exe
 0001:0000240d       __imp_load_?Call@Function@v8@@QEAA?AV?$Local@VValue@v8@@@2@V32@HQEAV32@@Z 000000018000340d f   node:node.exe
 0001:00002419       __imp_load_node_module_register 0000000180003419 f   node:node.exe
 0001:00002425       __imp_load_uv_async_send   0000000180003425 f   node:node.exe
 0001:00002431       __imp_load_uv_async_init   0000000180003431 f   node:node.exe
 0001:0000243d       __imp_load_uv_default_loop 000000018000343d f   node:node.exe
 0001:00002449       __imp_load_?ToObject@Value@v8@@QEBA?AV?$Local@VObject@v8@@@2@XZ 0000000180003449 f   node:node.exe
 0001:00002455       __imp_load_?ToString@Value@v8@@QEBA?AV?$Local@VString@v8@@@2@XZ 0000000180003455 f   node:node.exe
 0001:00002464       ??0bad_alloc@std@@QEAA@AEBV01@@Z 0000000180003464 f i libcpmt:xthrow.obj
 0001:000024a4       ??0bad_alloc@std@@QEAA@XZ  00000001800034a4 f i libcpmt:xthrow.obj
 0001:000024c4       ??0exception@std@@QEAA@AEBV01@@Z 00000001800034c4 f i libcpmt:xthrow.obj
 0001:000024fc       ??0length_error@std@@QEAA@AEBV01@@Z 00000001800034fc f i libcpmt:xthrow.obj
 0001:0000253c       ??0length_error@std@@QEAA@PEBD@Z 000000018000353c f i libcpmt:xthrow.obj
 0001:00002588       ??0logic_error@std@@QEAA@AEBV01@@Z 0000000180003588 f i libcpmt:xthrow.obj
 0001:000025c8       ??0out_of_range@std@@QEAA@AEBV01@@Z 00000001800035c8 f i libcpmt:xthrow.obj
 0001:00002608       ??0out_of_range@std@@QEAA@PEBD@Z 0000000180003608 f i libcpmt:xthrow.obj
 0001:00002654       ??_Elogic_error@std@@UEAAPEAXI@Z 0000000180003654 f i libcpmt:xthrow.obj
 0001:00002654       ??_Eout_of_range@std@@UEAAPEAXI@Z 0000000180003654 f i libcpmt:xthrow.obj
 0001:00002654       ??_Ebad_alloc@std@@UEAAPEAXI@Z 0000000180003654 f i libcpmt:xthrow.obj
 0001:00002654       ??_Gexception@std@@UEAAPEAXI@Z 0000000180003654 f i libcpmt:xthrow.obj
 0001:00002654       ??_Gbad_array_new_length@std@@UEAAPEAXI@Z 0000000180003654 f i LIBCMT:throw_bad_alloc.obj
 0001:00002654       ??_Ebad_array_new_length@std@@UEAAPEAXI@Z 0000000180003654 f i LIBCMT:throw_bad_alloc.obj
 0001:00002654       ??_Gout_of_range@std@@UEAAPEAXI@Z 0000000180003654 f i libcpmt:xthrow.obj
 0001:00002654       ??_Eexception@std@@UEAAPEAXI@Z 0000000180003654 f i libcpmt:xthrow.obj
 0001:00002654       ??_Glogic_error@std@@UEAAPEAXI@Z 0000000180003654 f i libcpmt:xthrow.obj
 0001:00002654       ??_Gbad_alloc@std@@UEAAPEAXI@Z 0000000180003654 f i libcpmt:xthrow.obj
 0001:00002654       ??_Elength_error@std@@UEAAPEAXI@Z 0000000180003654 f i libcpmt:xthrow.obj
 0001:00002654       ??_Glength_error@std@@UEAAPEAXI@Z 0000000180003654 f i libcpmt:xthrow.obj
 0001:00002698       ?_Xbad_alloc@std@@YAXXZ    0000000180003698 f   libcpmt:xthrow.obj
 0001:00002698       ?__scrt_throw_std_bad_alloc@@YAXXZ 0000000180003698 f   LIBCMT:throw_bad_alloc.obj
 0001:000026b8       ?_Xlength_error@std@@YAXPEBD@Z 00000001800036b8 f   libcpmt:xthrow.obj
 0001:000026dc       ?_Xout_of_range@std@@YAXPEBD@Z 00000001800036dc f   libcpmt:xthrow.obj
 0001:00002700       ?what@exception@std@@UEBAPEBDXZ 0000000180003700 f i libcpmt:xthrow.obj
 0001:00002730       __security_check_cookie    0000000180003730 f   LIBCMT:_amdsecgs_.obj
 0001:00002754       ??2@YAPEAX_K@Z             0000000180003754 f   LIBCMT:new_scalar.obj
 0001:00002790       ??3@YAXPEAX@Z              0000000180003790 f   LIBCMT:delete_scalar.obj
 0001:00002798       ??3@YAXPEAX_K@Z            0000000180003798 f   LIBCMT:delete_scalar_size.obj
 0001:00002aec       _DllMainCRTStartup         0000000180003aec f   LIBCMT:dll_dllmain.obj
 0001:00002b2c       ??_Gtype_info@@UEAAPEAXI@Z 0000000180003b2c f i LIBCMT:std_type_info_static.obj
 0001:00002b2c       ??_Etype_info@@UEAAPEAXI@Z 0000000180003b2c f i LIBCMT:std_type_info_static.obj
 0001:00002b58       __raise_securityfailure    0000000180003b58 f   LIBCMT:gs_report.obj
 0001:00002b8c       __report_gsfailure         0000000180003b8c f   LIBCMT:gs_report.obj
 0001:00002c60       __report_rangecheckfailure 0000000180003c60 f   LIBCMT:gs_report.obj
 0001:00002c74       __report_securityfailure   0000000180003c74 f   LIBCMT:gs_report.obj
 0001:00002df4       ??0bad_array_new_length@std@@QEAA@AEBV01@@Z 0000000180003df4 f i LIBCMT:throw_bad_alloc.obj
 0001:00002e34       ??0bad_array_new_length@std@@QEAA@XZ 0000000180003e34 f i LIBCMT:throw_bad_alloc.obj
 0001:00002e54       ??1bad_array_new_length@std@@UEAA@XZ 0000000180003e54 f i LIBCMT:throw_bad_alloc.obj
 0001:00002e54       ??1bad_alloc@std@@UEAA@XZ  0000000180003e54 f i libcpmt:xthrow.obj
 0001:00002e54       ??1out_of_range@std@@UEAA@XZ 0000000180003e54 f i libcpmt:xthrow.obj
 0001:00002e54       ??1length_error@std@@UEAA@XZ 0000000180003e54 f i libcpmt:xthrow.obj
 0001:00002e68       ?__scrt_throw_std_bad_array_new_length@@YAXXZ 0000000180003e68 f   LIBCMT:throw_bad_alloc.obj
 0001:00002e88       __scrt_acquire_startup_lock 0000000180003e88 f   LIBCMT:utility.obj
 0001:00002ec4       __scrt_dllmain_after_initialize_c 0000000180003ec4 f   LIBCMT:utility.obj
 0001:00002ef8       __scrt_dllmain_before_initialize_c 0000000180003ef8 f   LIBCMT:utility.obj
 0001:00002f10       __scrt_dllmain_crt_thread_attach 0000000180003f10 f   LIBCMT:utility.obj
 0001:00002f38       __scrt_dllmain_crt_thread_detach 0000000180003f38 f   LIBCMT:utility.obj
 0001:00002f50       __scrt_dllmain_exception_filter 0000000180003f50 f   LIBCMT:utility.obj
 0001:00002fb4       __scrt_dllmain_uninitialize_c 0000000180003fb4 f   LIBCMT:utility.obj
 0001:00002fe4       __scrt_dllmain_uninitialize_critical 0000000180003fe4 f   LIBCMT:utility.obj
 0001:00002ff8       __scrt_initialize_crt      0000000180003ff8 f   LIBCMT:utility.obj
 0001:00003044       __scrt_initialize_onexit_tables 0000000180004044 f   LIBCMT:utility.obj
 0001:00003110       __scrt_is_nonwritable_in_current_image 0000000180004110 f   LIBCMT:utility.obj
 0001:000031ac       __scrt_release_startup_lock 00000001800041ac f   LIBCMT:utility.obj
 0001:000031d0       __scrt_uninitialize_crt    00000001800041d0 f   LIBCMT:utility.obj
 0001:000031fc       _onexit                    00000001800041fc f   LIBCMT:utility.obj
 0001:0000324c       atexit                     000000018000424c f   LIBCMT:utility.obj
 0001:00003264       __security_init_cookie     0000000180004264 f   LIBCMT:gs_support.obj
 0001:00003310       _get_startup_argv_mode     0000000180004310 f   LIBCMT:argv_mode.obj
 0001:00003310       DllMain                    0000000180004310 f   LIBCMT:dll_dllmain_stub.obj
 0001:00003318       ?__scrt_initialize_type_info@@YAXXZ 0000000180004318 f   LIBCMT:tncleanup.obj
 0001:00003328       ?__scrt_uninitialize_type_info@@YAXXZ 0000000180004328 f   LIBCMT:tncleanup.obj
 0001:00003334       __local_stdio_printf_options 0000000180004334 f i LIBCMT:default_local_stdio_options.obj
 0001:0000333c       __local_stdio_scanf_options 000000018000433c f i LIBCMT:default_local_stdio_options.obj
 0001:00003344       __scrt_initialize_default_local_stdio_options 0000000180004344 f   LIBCMT:default_local_stdio_options.obj
 0001:00003360       __scrt_get_dyn_tls_init_callback 0000000180004360 f   LIBCMT:dyn_tls_init.obj
 0001:00003368       __crt_debugger_hook        0000000180004368 f   LIBCMT:utility_desktop.obj
 0001:00003370       __scrt_fastfail            0000000180004370 f   LIBCMT:utility_desktop.obj
 0001:000034b8       _RTC_Initialize            00000001800044b8 f   LIBCMT:_initsect_.obj
 0001:00003504       _RTC_Terminate             0000000180004504 f   LIBCMT:_initsect_.obj
 0001:00003550       _guard_check_icall         0000000180004550 f i LIBCMT:checkcfg.obj
 0001:00003558       __isa_available_init       0000000180004558 f   LIBCMT:_cpu_disp_.obj
 0001:00003720       __scrt_is_ucrt_dll_in_use  0000000180004720 f   LIBCMT:ucrt_detection.obj
 0001:00003740       memcpy                     0000000180004740 f   libvcruntime:memcpy.obj
 0001:00003740       memmove                    0000000180004740 f   libvcruntime:memcpy.obj
 0001:00003b78       __std_exception_copy       0000000180004b78 f   libvcruntime:std_exception.obj
 0001:00003c08       __std_exception_destroy    0000000180004c08 f   libvcruntime:std_exception.obj
 0001:00003c30       _CxxThrowException         0000000180004c30 f   libvcruntime:throw.obj
 0001:00003d08       __C_specific_handler       0000000180004d08 f   libvcruntime:_chandler_.obj
 0001:00003f04       __vcrt_initialize          0000000180004f04 f   libvcruntime:initialization.obj
 0001:00003f38       __vcrt_thread_attach       0000000180004f38 f   libvcruntime:initialization.obj
 0001:00003f4c       __vcrt_thread_detach       0000000180004f4c f   libvcruntime:initialization.obj
 0001:00003f60       __vcrt_uninitialize        0000000180004f60 f   libvcruntime:initialization.obj
 0001:00003f80       __vcrt_uninitialize_critical 0000000180004f80 f   libvcruntime:initialization.obj
 0001:00003f90       __std_type_info_destroy_list 0000000180004f90 f   libvcruntime:std_type_info.obj
 0001:00003fd0       memset                     0000000180004fd0 f   libvcruntime:memset.obj
 0001:00004180       _local_unwind              0000000180005180 f   libvcruntime:_jmpuwind_.obj
 0001:000041b0       _NLG_Notify                00000001800051b0 f   libvcruntime:_jmpuwind_.obj
 0001:000041d0       __NLG_Dispatch2            00000001800051d0 f   libvcruntime:_jmpuwind_.obj
 0001:000041e0       __NLG_Return2              00000001800051e0 f   libvcruntime:_jmpuwind_.obj
 0001:000041e4       __except_validate_context_record 00000001800051e4 f   libvcruntime:jbcxrval.obj
 0001:000041e4       _guard_check_icall_nop     00000001800051e4 f   LIBCMT:guard_support.obj
 0001:000041e8       __vcrt_freefls             00000001800051e8 f   libvcruntime:per_thread_data.obj
 0001:00004208       __vcrt_freeptd             0000000180005208 f   libvcruntime:per_thread_data.obj
 0001:00004258       __vcrt_getptd_noexit       0000000180005258 f   libvcruntime:per_thread_data.obj
 0001:00004310       __vcrt_initialize_ptd      0000000180005310 f   libvcruntime:per_thread_data.obj
 0001:00004350       __vcrt_uninitialize_ptd    0000000180005350 f   libvcruntime:per_thread_data.obj
 0001:00004374       __vcrt_initialize_locks    0000000180005374 f   libvcruntime:locks.obj
 0001:000043bc       __vcrt_uninitialize_locks  00000001800053bc f   libvcruntime:locks.obj
 0001:000045bc       __vcrt_FlsAlloc            00000001800055bc f   libvcruntime:winapi_downlevel.obj
 0001:00004610       __vcrt_FlsFree             0000000180005610 f   libvcruntime:winapi_downlevel.obj
 0001:00004664       __vcrt_FlsGetValue         0000000180005664 f   libvcruntime:winapi_downlevel.obj
 0001:000046b8       __vcrt_FlsSetValue         00000001800056b8 f   libvcruntime:winapi_downlevel.obj
 0001:00004720       __vcrt_InitializeCriticalSectionEx 0000000180005720 f   libvcruntime:winapi_downlevel.obj
 0001:00004798       __vcrt_initialize_winapi_thunks 0000000180005798 f   libvcruntime:winapi_downlevel.obj
 0001:000047e4       __vcrt_uninitialize_winapi_thunks 00000001800057e4 f   libvcruntime:winapi_downlevel.obj
 0001:00004824       __vcrt_initialize_pure_virtual_call_handler 0000000180005824 f   libvcruntime:purevirt_data.obj
 0001:00004848       free                       0000000180005848 f   libucrt:free.obj
 0001:00004850       __acrt_call_reportfault    0000000180005850 f   libucrt:invalid_parameter.obj
 0001:000049ac       __acrt_initialize_invalid_parameter_handler 00000001800059ac f   libucrt:invalid_parameter.obj
 0001:000049b4       _invalid_parameter         00000001800059b4 f   libucrt:invalid_parameter.obj
 0001:00004a5c       _invalid_parameter_noinfo  0000000180005a5c f   libucrt:invalid_parameter.obj
 0001:00004a7c       _invalid_parameter_noinfo_noreturn 0000000180005a7c f   libucrt:invalid_parameter.obj
 0001:00004aac       _invoke_watson             0000000180005aac f   libucrt:invalid_parameter.obj
 0001:00004af4       malloc                     0000000180005af4 f   libucrt:malloc.obj
 0001:00004afc       ??0_LocaleUpdate@@QEAA@QEAU__crt_locale_pointers@@@Z 0000000180005afc f i libucrt:stricmp.obj
 0001:00004b8c       __ascii_stricmp            0000000180005b8c f   libucrt:stricmp.obj
 0001:00004bc8       _stricmp                   0000000180005bc8 f   libucrt:stricmp.obj
 0001:00004c10       _stricmp_l                 0000000180005c10 f   libucrt:stricmp.obj
 0001:00004cc4       __acrt_initialize_new_handler 0000000180005cc4 f   libucrt:new_handler.obj
 0001:00004ccc       _callnewh                  0000000180005ccc f   libucrt:new_handler.obj
 0001:00004d0c       _query_new_handler         0000000180005d0c f   libucrt:new_handler.obj
 0001:00004d40       _initterm                  0000000180005d40 f   libucrt:initterm.obj
 0001:00004db8       _initterm_e                0000000180005db8 f   libucrt:initterm.obj
 0001:00004e04       _seh_filter_dll            0000000180005e04 f   libucrt:exception_filter.obj
 0001:00004e18       _seh_filter_exe            0000000180005e18 f   libucrt:exception_filter.obj
 0001:000051d8       __acrt_initialize_thread_local_exit_callback 00000001800061d8 f   libucrt:exit.obj
 0001:000051e0       _cexit                     00000001800061e0 f   libucrt:exit.obj
 0001:000051f0       _exit                      00000001800061f0 f   libucrt:exit.obj
 0001:000051fc       _is_c_termination_complete 00000001800061fc f   libucrt:exit.obj
 0001:000053c0       __acrt_allocate_buffer_for_argv 00000001800063c0 f   libucrt:argv_parsing.obj
 0001:00005424       _configure_narrow_argv     0000000180006424 f   libucrt:argv_parsing.obj
 0001:00005780       __dcrt_uninitialize_environments_nolock 0000000180006780 f   libucrt:environment_initialization.obj
 0001:000057b8       _initialize_narrow_environment 00000001800067b8 f   libucrt:environment_initialization.obj
 0001:000057c0       ??$?RV<lambda_b8c45f8f788dd370798f47cfe8ac3a86>@@AEAV<lambda_4e60a939b0d047cfe11ddc22648dfba9>@@V<lambda_332c3edc96d0294ec56c57d38c1cdfd5>@@@?$__crt_seh_guarded_call@H@@QEAAH$$QEAV<lambda_b8c45f8f788dd370798f47cfe8ac3a86>@@AEAV<lambda_4e60a939b0d047cfe11ddc22648dfba9>@@$$QEAV<lambda_332c3edc96d0294ec56c57d38c1cdfd5>@@@Z 00000001800067c0 f i libucrt:onexit.obj
 0001:000057fc       ??$?RV<lambda_e24bbb7b643b32fcea6fa61b31d4c984>@@AEAV<lambda_275893d493268fdec8709772e3fcec0e>@@V<lambda_9d71df4d7cf3f480f8d633942495c3b0>@@@?$__crt_seh_guarded_call@H@@QEAAH$$QEAV<lambda_e24bbb7b643b32fcea6fa61b31d4c984>@@AEAV<lambda_275893d493268fdec8709772e3fcec0e>@@$$QEAV<lambda_9d71df4d7cf3f480f8d633942495c3b0>@@@Z 00000001800067fc f i libucrt:onexit.obj
 0001:00005b78       _crt_atexit                0000000180006b78 f   libucrt:onexit.obj
 0001:00005b88       _execute_onexit_table      0000000180006b88 f   libucrt:onexit.obj
 0001:00005bc4       _initialize_onexit_table   0000000180006bc4 f   libucrt:onexit.obj
 0001:00005c04       _register_onexit_function  0000000180006c04 f   libucrt:onexit.obj
 0001:00005c94       __acrt_uninitialize_command_line 0000000180006c94 f   libucrt:argv_data.obj
 0001:00005d84       __acrt_initialize          0000000180006d84 f   libucrt:initialization.obj
 0001:00005d98       __acrt_thread_attach       0000000180006d98 f   libucrt:initialization.obj
 0001:00005dac       __acrt_thread_detach       0000000180006dac f   libucrt:initialization.obj
 0001:00005dbc       __acrt_uninitialize        0000000180006dbc f   libucrt:initialization.obj
 0001:00005dd0       __acrt_uninitialize_critical 0000000180006dd0 f   libucrt:initialization.obj
 0001:00005de0       terminate                  0000000180006de0 f   libucrt:terminate.obj
 0001:00005e08       strcpy_s                   0000000180006e08 f   libucrt:strcpy_s.obj
 0001:00005e68       _free_base                 0000000180006e68 f   libucrt:free_base.obj
 0001:00005ea8       _malloc_base               0000000180006ea8 f   libucrt:malloc_base.obj
 0001:00005f08       abort                      0000000180006f08 f   libucrt:abort.obj
 0001:00005f60       _calloc_base               0000000180006f60 f   libucrt:calloc_base.obj
 0001:00005fd8       ??$?RV<lambda_46352004c1216016012b18bd6f87e700>@@AEAV<lambda_3bd07e1a1191394380780325891bf33f>@@V<lambda_334532d3f185bcaa59b5be82d7d22bff>@@@?$__crt_seh_guarded_call@X@@QEAAX$$QEAV<lambda_46352004c1216016012b18bd6f87e700>@@AEAV<lambda_3bd07e1a1191394380780325891bf33f>@@$$QEAV<lambda_334532d3f185bcaa59b5be82d7d22bff>@@@Z 0000000180006fd8 f i libucrt:per_thread_data.obj
 0001:00006038       ??$?RV<lambda_5e887d1dcbef67a5eb4283622ba103bf>@@AEAV<lambda_4466841279450cc726390878d4a41900>@@V<lambda_341c25c0346d94847f1f3c463c57e077>@@@?$__crt_seh_guarded_call@X@@QEAAX$$QEAV<lambda_5e887d1dcbef67a5eb4283622ba103bf>@@AEAV<lambda_4466841279450cc726390878d4a41900>@@$$QEAV<lambda_341c25c0346d94847f1f3c463c57e077>@@@Z 0000000180007038 f i libucrt:per_thread_data.obj
 0001:00006080       ??$?RV<lambda_72d1df2b273a38828b1ce30cbf4cdab5>@@AEAV<lambda_876a65b173b8412d3a47c70a915b0cf4>@@V<lambda_41932305e351933ebe8f8be3ed8bb5dc>@@@?$__crt_seh_guarded_call@X@@QEAAX$$QEAV<lambda_72d1df2b273a38828b1ce30cbf4cdab5>@@AEAV<lambda_876a65b173b8412d3a47c70a915b0cf4>@@$$QEAV<lambda_41932305e351933ebe8f8be3ed8bb5dc>@@@Z 0000000180007080 f i libucrt:per_thread_data.obj
 0001:000060c0       ??$?RV<lambda_fb3a7dec4e47f37f22dae91bb15c9095>@@AEAV<lambda_698284760c8add0bfb0756c19673e34b>@@V<lambda_dfb8eca1e75fef3034a8fb18dd509707>@@@?$__crt_seh_guarded_call@X@@QEAAX$$QEAV<lambda_fb3a7dec4e47f37f22dae91bb15c9095>@@AEAV<lambda_698284760c8add0bfb0756c19673e34b>@@$$QEAV<lambda_dfb8eca1e75fef3034a8fb18dd509707>@@@Z 00000001800070c0 f i libucrt:per_thread_data.obj
 0001:00006350       __acrt_freeptd             0000000180007350 f   libucrt:per_thread_data.obj
 0001:00006394       __acrt_getptd              0000000180007394 f   libucrt:per_thread_data.obj
 0001:00006428       __acrt_getptd_noexit       0000000180007428 f   libucrt:per_thread_data.obj
 0001:000064c8       __acrt_initialize_ptd      00000001800074c8 f   libucrt:per_thread_data.obj
 0001:00006504       __acrt_uninitialize_ptd    0000000180007504 f   libucrt:per_thread_data.obj
 0001:00006528       __acrt_errno_from_os_error 0000000180007528 f   libucrt:errno.obj
 0001:00006570       __acrt_errno_map_os_error  0000000180007570 f   libucrt:errno.obj
 0001:000065c0       __doserrno                 00000001800075c0 f   libucrt:errno.obj
 0001:000065e0       _errno                     00000001800075e0 f   libucrt:errno.obj
 0001:00006650       _tolower_l                 0000000180007650 f   libucrt:tolower_toupper.obj
 0001:00006790       __acrt_update_locale_info  0000000180007790 f   libucrt:locale_update.obj
 0001:000067c4       __acrt_update_multibyte_info 00000001800077c4 f   libucrt:locale_update.obj
 0001:000067f8       __acrt_set_locale_changed  00000001800077f8 f   libucrt:wsetlocale.obj
 0001:00006804       __acrt_uninitialize_locale 0000000180007804 f   libucrt:wsetlocale.obj
 0001:0000684c       __acrt_initialize_locks    000000018000784c f   libucrt:locks.obj
 0001:00006894       __acrt_lock                0000000180007894 f   libucrt:locks.obj
 0001:000068b0       __acrt_uninitialize_locks  00000001800078b0 f   libucrt:locks.obj
 0001:000068e8       __acrt_unlock              00000001800078e8 f   libucrt:locks.obj
 0001:00006aa4       __acrt_FlsAlloc            0000000180007aa4 f   libucrt:winapi_thunks.obj
 0001:00006afc       __acrt_FlsFree             0000000180007afc f   libucrt:winapi_thunks.obj
 0001:00006b54       __acrt_FlsGetValue         0000000180007b54 f   libucrt:winapi_thunks.obj
 0001:00006bac       __acrt_FlsSetValue         0000000180007bac f   libucrt:winapi_thunks.obj
 0001:00006c14       __acrt_InitializeCriticalSectionEx 0000000180007c14 f   libucrt:winapi_thunks.obj
 0001:00006c8c       __acrt_LCMapStringEx       0000000180007c8c f   libucrt:winapi_thunks.obj
 0001:00006d7c       __acrt_LocaleNameToLCID    0000000180007d7c f   libucrt:winapi_thunks.obj
 0001:00006de4       __acrt_initialize_winapi_thunks 0000000180007de4 f   libucrt:winapi_thunks.obj
 0001:00006e1c       __acrt_is_packaged_app     0000000180007e1c f   libucrt:winapi_thunks.obj
 0001:00006ea4       __acrt_uninitialize_winapi_thunks 0000000180007ea4 f   libucrt:winapi_thunks.obj
 0001:000073c4       ?expand_if_necessary@?$argument_list@D@?A0xca0879c4@@AEAAHXZ 00000001800083c4 f i libucrt:argv_wildcards.obj
 0001:0000748c       __acrt_expand_narrow_argv_wildcards 000000018000848c f   libucrt:argv_wildcards.obj
 0001:00007494       ??$?RV<lambda_99476a1ad63dd22509b5d3e65b0ffc95>@@AEAV<lambda_ad1ced32f4ac17aa236e5ef05d6b3b7c>@@V<lambda_f7424dd8d45958661754dc4f2697e9c3>@@@?$__crt_seh_guarded_call@X@@QEAAX$$QEAV<lambda_99476a1ad63dd22509b5d3e65b0ffc95>@@AEAV<lambda_ad1ced32f4ac17aa236e5ef05d6b3b7c>@@$$QEAV<lambda_f7424dd8d45958661754dc4f2697e9c3>@@@Z 0000000180008494 f i libucrt:mbctype.obj
 0001:00007b90       __acrt_initialize_multibyte 0000000180008b90 f   libucrt:mbctype.obj
 0001:00007bb8       __acrt_update_thread_multibyte_data 0000000180008bb8 f   libucrt:mbctype.obj
 0001:00007c78       _setmbcp_nolock            0000000180008c78 f   libucrt:mbctype.obj
 0001:00007f98       _ismbblead                 0000000180008f98 f   libucrt:ismbbyte.obj
 0001:00007fac       __acrt_initialize_command_line 0000000180008fac f   libucrt:argv_data.obj
 0001:00007fd4       __dcrt_get_narrow_environment_from_os 0000000180008fd4 f   libucrt:get_environment_from_os.obj
 0001:000080d8       _recalloc                  00000001800090d8 f   libucrt:recalloc.obj
 0001:000080e0       _recalloc_base             00000001800090e0 f   libucrt:recalloc.obj
 0001:00008178       __acrt_initialize_heap     0000000180009178 f   libucrt:heap_handle.obj
 0001:00008194       __acrt_uninitialize_heap   0000000180009194 f   libucrt:heap_handle.obj
 0001:00008388       __acrt_initialize_lowio    0000000180009388 f   libucrt:ioinit.obj
 0001:000083c4       __acrt_uninitialize_lowio  00000001800093c4 f   libucrt:ioinit.obj
 0001:00008404       __acrt_execute_initializers 0000000180009404 f   libucrt:shared_initialization.obj
 0001:00008498       __acrt_execute_uninitializers 0000000180009498 f   libucrt:shared_initialization.obj
 0001:000084e8       ??$?RV<lambda_c36588078e9f5dfd39652860aa6b3aaf>@@AEAV<lambda_ec61778202f4f5fc7e7711acc23c3bca>@@V<lambda_dc9d2797ccde5d239b4a0efae8ebd7db>@@@?$__crt_seh_guarded_call@P6AXH@Z@@QEAAP6AXH@Z$$QEAV<lambda_c36588078e9f5dfd39652860aa6b3aaf>@@AEAV<lambda_ec61778202f4f5fc7e7711acc23c3bca>@@$$QEAV<lambda_dc9d2797ccde5d239b4a0efae8ebd7db>@@@Z 00000001800094e8 f i libucrt:signal.obj
 0001:00008530       __acrt_get_sigabrt_handler 0000000180009530 f   libucrt:signal.obj
 0001:00008560       __acrt_initialize_signal_handlers 0000000180009560 f   libucrt:signal.obj
 0001:00008580       raise                      0000000180009580 f   libucrt:signal.obj
 0001:0000881c       __acrt_has_user_matherr    000000018000981c f   libucrt:matherr.obj
 0001:0000883c       __acrt_initialize_user_matherr 000000018000983c f   libucrt:matherr.obj
 0001:00008844       __acrt_invoke_user_matherr 0000000180009844 f   libucrt:matherr.obj
 0001:0000888c       _query_new_mode            000000018000988c f   libucrt:new_mode.obj
 0001:00008894       _mbtowc_l                  0000000180009894 f   libucrt:mbtowc.obj
 0001:000089dc       mbtowc                     00000001800099dc f   libucrt:mbtowc.obj
 0001:000089e4       _fileno                    00000001800099e4 f   libucrt:fileno.obj
 0001:00008a0c       __acrt_initialize_stdio    0000000180009a0c f   libucrt:_file.obj
 0001:00008b2c       __acrt_uninitialize_stdio  0000000180009b2c f   libucrt:_file.obj
 0001:00008b88       _lock_file                 0000000180009b88 f   libucrt:_file.obj
 0001:00008b94       _unlock_file               0000000180009b94 f   libucrt:_file.obj
 0001:00008ba0       __pctype_func              0000000180009ba0 f   libucrt:ctype.obj
 0001:00008bd0       _isctype_l                 0000000180009bd0 f   libucrt:isctype.obj
 0001:00008ce0       __acrt_add_locale_ref      0000000180009ce0 f   libucrt:locale_refcounting.obj
 0001:00008d6c       __acrt_free_locale         0000000180009d6c f   libucrt:locale_refcounting.obj
 0001:00008ee4       __acrt_locale_add_lc_time_reference 0000000180009ee4 f   libucrt:locale_refcounting.obj
 0001:00008f0c       __acrt_locale_free_lc_time_if_unreferenced 0000000180009f0c f   libucrt:locale_refcounting.obj
 0001:00008f44       __acrt_locale_release_lc_time_reference 0000000180009f44 f   libucrt:locale_refcounting.obj
 0001:00008f6c       __acrt_release_locale_ref  0000000180009f6c f   libucrt:locale_refcounting.obj
 0001:00009014       __acrt_update_thread_locale_data 000000018000a014 f   libucrt:locale_refcounting.obj
 0001:00009084       _updatetlocinfoEx_nolock   000000018000a084 f   libucrt:locale_refcounting.obj
 0001:000090ec       _isleadbyte_l              000000018000a0ec f i libucrt:_wctype.obj
 0001:00009488       __acrt_LCMapStringA        000000018000a488 f   libucrt:lcmapstringa.obj
 0001:00009520       __acrt_locale_free_monetary 000000018000a520 f   libucrt:initmon.obj
 0001:0000962c       __acrt_locale_free_numeric 000000018000a62c f   libucrt:initnum.obj
 0001:000096f0       __acrt_locale_free_time    000000018000a6f0 f   libucrt:inittime.obj
 0001:000097f8       __acrt_GetStringTypeA      000000018000a7f8 f   libucrt:getstringtypea.obj
 0001:00009a74       __acrt_DownlevelLocaleNameToLCID 000000018000aa74 f   libucrt:lcidtoname_downlevel.obj
 0001:00009b80       qsort                      000000018000ab80 f   libucrt:qsort.obj
 0001:00009eb4       strncpy_s                  000000018000aeb4 f   libucrt:strncpy_s.obj
 0001:00009f88       strpbrk                    000000018000af88 f   libucrt:strpbrk.obj
 0001:0000a028       _mbsdec                    000000018000b028 f   libucrt:mbsdec.obj
 0001:0000a030       _mbsdec_l                  000000018000b030 f   libucrt:mbsdec.obj
 0001:0000a0e0       _msize                     000000018000b0e0 f   libucrt:msize.obj
 0001:0000a11c       _realloc_base              000000018000b11c f   libucrt:realloc_base.obj
 0001:0000a1a0       __acrt_lowio_create_handle_array 000000018000b1a0 f   libucrt:osfinfo.obj
 0001:0000a238       __acrt_lowio_destroy_handle_array 000000018000b238 f   libucrt:osfinfo.obj
 0001:0000a288       __acrt_lowio_ensure_fh_exists 000000018000b288 f   libucrt:osfinfo.obj
 0001:0000a340       __acrt_lowio_lock_fh       000000018000b340 f   libucrt:osfinfo.obj
 0001:0000a364       __acrt_lowio_unlock_fh     000000018000b364 f   libucrt:osfinfo.obj
 0001:0000a388       _free_osfhnd               000000018000b388 f   libucrt:osfinfo.obj
 0001:0000a444       _get_osfhandle             000000018000b444 f   libucrt:osfinfo.obj
 0001:0000a4bc       _isatty                    000000018000b4bc f   libucrt:isatty.obj
 0001:0000a51c       __acrt_stdio_flush_nolock  000000018000b51c f   libucrt:fflush.obj
 0001:0000a594       _fflush_nolock             000000018000b594 f   libucrt:fflush.obj
 0001:0000a5e0       _flushall                  000000018000b5e0 f   libucrt:fflush.obj
 0001:0000a6d0       _fcloseall                 000000018000b6d0 f   libucrt:closeall.obj
 0001:0000a784       __acrt_stdio_free_buffer_nolock 000000018000b784 f   libucrt:_freebuf.obj
 0001:0000a7c4       __strncnt                  000000018000b7c4 f   libucrt:strncnt.obj
 0001:0000a7dc       _query_app_type            000000018000b7dc f   libucrt:report_runtime_error.obj
 0001:0000a7e4       ??$?RV<lambda_b521505b218e5242e90febf6bfebc422>@@AEAV<lambda_6978c1fb23f02e42e1d9e99668cc68aa>@@V<lambda_314360699dd331753a4119843814e9a7>@@@?$__crt_seh_guarded_call@H@@QEAAH$$QEAV<lambda_b521505b218e5242e90febf6bfebc422>@@AEAV<lambda_6978c1fb23f02e42e1d9e99668cc68aa>@@$$QEAV<lambda_314360699dd331753a4119843814e9a7>@@@Z 000000018000b7e4 f i libucrt:commit.obj
 0001:0000a870       _commit                    000000018000b870 f   libucrt:commit.obj
 0001:0000aea4       _write                     000000018000bea4 f   libucrt:write.obj
 0001:0000af90       _write_nolock              000000018000bf90 f   libucrt:write.obj
 0001:0000b280       log10                      000000018000c280 f   libucrt:log10.obj
 0001:0000b8c8       _lseeki64_nolock           000000018000c8c8 f   libucrt:lseek.obj
 0001:0000b8d0       _fclose_nolock             000000018000c8d0 f   libucrt:fclose.obj
 0001:0000b954       fclose                     000000018000c954 f   libucrt:fclose.obj
 0001:0000b9c0       _putwch_nolock             000000018000c9c0 f   libucrt:putwch.obj
 0001:0000bb40       _handle_error              000000018000cb40 f   libucrt:libm_error.obj
 0001:0000bc70       __acrt_initialize_fma3     000000018000cc70 f   libucrt:fma3_available.obj
 0001:0000bce0       _log10_special             000000018000cce0 f   libucrt:log_special.obj
 0001:0000bd98       ??$?RV<lambda_bfedae4ebbf01fab1bb6dcc6a9e276e0>@@AEAV<lambda_2fe9b910cf3cbf4a0ab98a02ba45b3ec>@@V<lambda_237c231691f317818eb88cc1d5d642d6>@@@?$__crt_seh_guarded_call@H@@QEAAH$$QEAV<lambda_bfedae4ebbf01fab1bb6dcc6a9e276e0>@@AEAV<lambda_2fe9b910cf3cbf4a0ab98a02ba45b3ec>@@$$QEAV<lambda_237c231691f317818eb88cc1d5d642d6>@@@Z 000000018000cd98 f i libucrt:close.obj
 0001:0000be0c       _close                     000000018000ce0c f   libucrt:close.obj
 0001:0000beb0       _close_nolock              000000018000ceb0 f   libucrt:close.obj
 0001:0000bf6c       ?__acrt_stdio_free_stream@@YAXV__crt_stdio_stream@@@Z 000000018000cf6c f   libucrt:stream.obj
 0001:0000bfb0       __dcrt_lowio_initialize_console_output 000000018000cfb0 f   libucrt:initcon.obj
 0001:0000bfec       __dcrt_terminate_console_output 000000018000cfec f   libucrt:initcon.obj
 0001:0000c020       _get_fpsr                  000000018000d020 f   libucrt:fpsr.obj
 0001:0000c030       _set_fpsr                  000000018000d030 f   libucrt:fpsr.obj
 0001:0000c03a       _fclrf                     000000018000d03a f   libucrt:fpsr.obj
 0001:0000c04e       _frnd                      000000018000d04e f   libucrt:fpsr.obj
 0001:0000c070       _raise_exc                 000000018000d070 f   libucrt:fpexcept.obj
 0001:0000c098       _raise_exc_ex              000000018000d098 f   libucrt:fpexcept.obj
 0001:0000c3a0       _set_errno_from_matherr    000000018000d3a0 f   libucrt:fpexcept.obj
 0001:0000c3d0       _clrfp                     000000018000d3d0 f   libucrt:fpctrl.obj
 0001:0000c3f0       _ctrlfp                    000000018000d3f0 f   libucrt:fpctrl.obj
 0001:0000c46c       _set_statfp                000000018000d46c f   libucrt:fpctrl.obj
 0001:0000c48c       _statfp                    000000018000d48c f   libucrt:fpctrl.obj
 0001:0000c49e       IsProcessorFeaturePresent  000000018000d49e f   kernel32:KERNEL32.dll
 0001:0000c4a4       RtlUnwindEx                000000018000d4a4 f   kernel32:KERNEL32.dll
 0001:0000c4ac       ?DloadAcquireSectionWriteAccess@@YAXXZ 000000018000d4ac f i DelayImp:delayhlp.obj
 0001:0000c568       ?DloadGetSRWLockFunctionPointers@@YAEXZ 000000018000d568 f i DelayImp:delayhlp.obj
 0001:0000c604       ?DloadMakePermanentImageCommit@@YAXPEAX_K@Z 000000018000d604 f i DelayImp:delayhlp.obj
 0001:0000c69c       ?DloadObtainSection@@YAPEAXPEAK0@Z 000000018000d69c f i DelayImp:delayhlp.obj
 0001:0000c734       ?DloadProtectSection@@YAXKPEAK@Z 000000018000d734 f i DelayImp:delayhlp.obj
 0001:0000c7c4       ?DloadReleaseSectionWriteAccess@@YAXXZ 000000018000d7c4 f i DelayImp:delayhlp.obj
 0001:0000c868       __delayLoadHelper2         000000018000d868 f   DelayImp:delayhlp.obj
 0001:0000cb70       _FindPESection             000000018000db70 f   LIBCMT:pesect.obj
 0001:0000cbc0       _IsNonwritableInCurrentImage 000000018000dbc0 f   LIBCMT:pesect.obj
 0001:0000cc10       _ValidateImageBase         000000018000dc10 f   LIBCMT:pesect.obj
 0001:0000cc40       __GSHandlerCheck           000000018000dc40 f   LIBCMT:_gshandler_.obj
 0001:0000cc60       __GSHandlerCheckCommon     000000018000dc60 f   LIBCMT:_gshandler_.obj
 0001:0000ccd0       __chkstk                   000000018000dcd0 f   LIBCMT:_chkstk_.obj
 0001:0000ccd0       _alloca_probe              000000018000dcd0 f   LIBCMT:_chkstk_.obj
 0001:0000cd40       memcmp                     000000018000dd40 f   libvcruntime:memcmp.obj
 0001:0000ce20       _guard_dispatch_icall_nop  000000018000de20 f   LIBCMT:_guard_dispatch_.obj
 0002:00000000       __imp_GetModuleHandleA     000000018000f000     kernel32:KERNEL32.dll
 0002:00000008       __imp_VirtualQuery         000000018000f008     kernel32:KERNEL32.dll
 0002:00000010       __imp_VirtualProtect       000000018000f010     kernel32:KERNEL32.dll
 0002:00000018       __imp_GetSystemInfo        000000018000f018     kernel32:KERNEL32.dll
 0002:00000020       __imp_CreateFileW          000000018000f020     kernel32:KERNEL32.dll
 0002:00000028       __imp_WriteConsoleW        000000018000f028     kernel32:KERNEL32.dll
 0002:00000030       __imp_CloseHandle          000000018000f030     kernel32:KERNEL32.dll
 0002:00000038       __imp_SetFilePointerEx     000000018000f038     kernel32:KERNEL32.dll
 0002:00000040       __imp_GetConsoleMode       000000018000f040     kernel32:KERNEL32.dll
 0002:00000048       __imp_GetConsoleCP         000000018000f048     kernel32:KERNEL32.dll
 0002:00000050       __imp_RtlCaptureContext    000000018000f050     kernel32:KERNEL32.dll
 0002:00000058       __imp_RtlLookupFunctionEntry 000000018000f058     kernel32:KERNEL32.dll
 0002:00000060       __imp_RtlVirtualUnwind     000000018000f060     kernel32:KERNEL32.dll
 0002:00000068       __imp_UnhandledExceptionFilter 000000018000f068     kernel32:KERNEL32.dll
 0002:00000070       __imp_SetUnhandledExceptionFilter 000000018000f070     kernel32:KERNEL32.dll
 0002:00000078       __imp_GetCurrentProcess    000000018000f078     kernel32:KERNEL32.dll
 0002:00000080       __imp_TerminateProcess     000000018000f080     kernel32:KERNEL32.dll
 0002:00000088       __imp_IsProcessorFeaturePresent 000000018000f088     kernel32:KERNEL32.dll
 0002:00000090       __imp_QueryPerformanceCounter 000000018000f090     kernel32:KERNEL32.dll
 0002:00000098       __imp_GetCurrentProcessId  000000018000f098     kernel32:KERNEL32.dll
 0002:000000a0       __imp_GetCurrentThreadId   000000018000f0a0     kernel32:KERNEL32.dll
 0002:000000a8       __imp_GetSystemTimeAsFileTime 000000018000f0a8     kernel32:KERNEL32.dll
 0002:000000b0       __imp_InitializeSListHead  000000018000f0b0     kernel32:KERNEL32.dll
 0002:000000b8       __imp_IsDebuggerPresent    000000018000f0b8     kernel32:KERNEL32.dll
 0002:000000c0       __imp_GetStartupInfoW      000000018000f0c0     kernel32:KERNEL32.dll
 0002:000000c8       __imp_GetModuleHandleW     000000018000f0c8     kernel32:KERNEL32.dll
 0002:000000d0       __imp_RtlPcToFileHeader    000000018000f0d0     kernel32:KERNEL32.dll
 0002:000000d8       __imp_RaiseException       000000018000f0d8     kernel32:KERNEL32.dll
 0002:000000e0       __imp_RtlUnwindEx          000000018000f0e0     kernel32:KERNEL32.dll
 0002:000000e8       __imp_InterlockedFlushSList 000000018000f0e8     kernel32:KERNEL32.dll
 0002:000000f0       __imp_GetLastError         000000018000f0f0     kernel32:KERNEL32.dll
 0002:000000f8       __imp_SetLastError         000000018000f0f8     kernel32:KERNEL32.dll
 0002:00000100       __imp_EnterCriticalSection 000000018000f100     kernel32:KERNEL32.dll
 0002:00000108       __imp_LeaveCriticalSection 000000018000f108     kernel32:KERNEL32.dll
 0002:00000110       __imp_DeleteCriticalSection 000000018000f110     kernel32:KERNEL32.dll
 0002:00000118       __imp_InitializeCriticalSectionAndSpinCount 000000018000f118     kernel32:KERNEL32.dll
 0002:00000120       __imp_TlsAlloc             000000018000f120     kernel32:KERNEL32.dll
 0002:00000128       __imp_TlsGetValue          000000018000f128     kernel32:KERNEL32.dll
 0002:00000130       __imp_TlsSetValue          000000018000f130     kernel32:KERNEL32.dll
 0002:00000138       __imp_TlsFree              000000018000f138     kernel32:KERNEL32.dll
 0002:00000140       __imp_FreeLibrary          000000018000f140     kernel32:KERNEL32.dll
 0002:00000148       __imp_GetProcAddress       000000018000f148     kernel32:KERNEL32.dll
 0002:00000150       __imp_LoadLibraryExW       000000018000f150     kernel32:KERNEL32.dll
 0002:00000158       __imp_ExitProcess          000000018000f158     kernel32:KERNEL32.dll
 0002:00000160       __imp_GetModuleHandleExW   000000018000f160     kernel32:KERNEL32.dll
 0002:00000168       __imp_GetModuleFileNameA   000000018000f168     kernel32:KERNEL32.dll
 0002:00000170       __imp_MultiByteToWideChar  000000018000f170     kernel32:KERNEL32.dll
 0002:00000178       __imp_WideCharToMultiByte  000000018000f178     kernel32:KERNEL32.dll
 0002:00000180       __imp_HeapFree             000000018000f180     kernel32:KERNEL32.dll
 0002:00000188       __imp_HeapAlloc            000000018000f188     kernel32:KERNEL32.dll
 0002:00000190       __imp_GetACP               000000018000f190     kernel32:KERNEL32.dll
 0002:00000198       __imp_LCMapStringW         000000018000f198     kernel32:KERNEL32.dll
 0002:000001a0       __imp_FindClose            000000018000f1a0     kernel32:KERNEL32.dll
 0002:000001a8       __imp_FindFirstFileExA     000000018000f1a8     kernel32:KERNEL32.dll
 0002:000001b0       __imp_FindNextFileA        000000018000f1b0     kernel32:KERNEL32.dll
 0002:000001b8       __imp_IsValidCodePage      000000018000f1b8     kernel32:KERNEL32.dll
 0002:000001c0       __imp_GetOEMCP             000000018000f1c0     kernel32:KERNEL32.dll
 0002:000001c8       __imp_GetCPInfo            000000018000f1c8     kernel32:KERNEL32.dll
 0002:000001d0       __imp_GetCommandLineA      000000018000f1d0     kernel32:KERNEL32.dll
 0002:000001d8       __imp_GetCommandLineW      000000018000f1d8     kernel32:KERNEL32.dll
 0002:000001e0       __imp_GetEnvironmentStringsW 000000018000f1e0     kernel32:KERNEL32.dll
 0002:000001e8       __imp_FreeEnvironmentStringsW 000000018000f1e8     kernel32:KERNEL32.dll
 0002:000001f0       __imp_GetProcessHeap       000000018000f1f0     kernel32:KERNEL32.dll
 0002:000001f8       __imp_GetStdHandle         000000018000f1f8     kernel32:KERNEL32.dll
 0002:00000200       __imp_GetFileType          000000018000f200     kernel32:KERNEL32.dll
 0002:00000208       __imp_GetStringTypeW       000000018000f208     kernel32:KERNEL32.dll
 0002:00000210       __imp_HeapSize             000000018000f210     kernel32:KERNEL32.dll
 0002:00000218       __imp_HeapReAlloc          000000018000f218     kernel32:KERNEL32.dll
 0002:00000220       __imp_SetStdHandle         000000018000f220     kernel32:KERNEL32.dll
 0002:00000228       __imp_WriteFile            000000018000f228     kernel32:KERNEL32.dll
 0002:00000230       __imp_FlushFileBuffers     000000018000f230     kernel32:KERNEL32.dll
 0002:00000238       __imp_LoadLibraryExA       000000018000f238     kernel32:KERNEL32.dll
 0002:00000240       \177KERNEL32_NULL_THUNK_DATA 000000018000f240     kernel32:KERNEL32.dll
 0002:00000248       __imp_?resize@cv@@YAXAEBV_InputArray@1@AEBV_OutputArray@1@V?$Size_@H@1@NNH@Z 000000018000f248     opencv_world320:opencv_world320.dll
 0002:00000250       __imp_?waitKey@cv@@YAHH@Z  000000018000f250     opencv_world320:opencv_world320.dll
 0002:00000258       __imp_?allocate@String@cv@@AEAAPEAD_K@Z 000000018000f258     opencv_world320:opencv_world320.dll
 0002:00000260       __imp_?deallocate@String@cv@@AEAAXXZ 000000018000f260     opencv_world320:opencv_world320.dll
 0002:00000268       __imp_?fastFree@cv@@YAXPEAX@Z 000000018000f268     opencv_world320:opencv_world320.dll
 0002:00000270       __imp_?imencode@cv@@YA_NAEBVString@1@AEBV_InputArray@1@AEAV?$vector@EV?$allocator@E@std@@@std@@AEBV?$vector@HV?$allocator@H@std@@@5@@Z 000000018000f270     opencv_world320:opencv_world320.dll
 0002:00000278       __imp_?destroyWindow@cv@@YAXAEBVString@1@@Z 000000018000f278     opencv_world320:opencv_world320.dll
 0002:00000280       __imp_?deallocate@Mat@cv@@QEAAXXZ 000000018000f280     opencv_world320:opencv_world320.dll
 0002:00000288       __imp_?copySize@Mat@cv@@QEAAXAEBV12@@Z 000000018000f288     opencv_world320:opencv_world320.dll
 0002:00000290       __imp_?namedWindow@cv@@YAXAEBVString@1@H@Z 000000018000f290     opencv_world320:opencv_world320.dll
 0002:00000298       __imp_??0VideoCapture@cv@@QEAA@XZ 000000018000f298     opencv_world320:opencv_world320.dll
 0002:000002a0       __imp_?imshow@cv@@YAXAEBVString@1@AEBV_InputArray@1@@Z 000000018000f2a0     opencv_world320:opencv_world320.dll
 0002:000002a8       \177opencv_world320_NULL_THUNK_DATA 000000018000f2a8     opencv_world320:opencv_world320.dll
 0002:000002b0       __guard_check_icall_fptr   000000018000f2b0     LIBCMT:guard_support.obj
 0002:000002b8       __guard_dispatch_icall_fptr 000000018000f2b8     LIBCMT:guard_support.obj
 0002:000002c0       __xc_a                     000000018000f2c0     LIBCMT:initializers.obj
 0002:000002c8       _register_camera_          000000018000f2c8     camera.obj
 0002:000002d0       __xc_z                     000000018000f2d0     LIBCMT:initializers.obj
 0002:000002d8       __xi_a                     000000018000f2d8     LIBCMT:initializers.obj
 0002:000002e0       __acrt_multibyte_initializer 000000018000f2e0     libucrt:multibyte_initializer.obj
 0002:000002e8       __acrt_stdio_initializer   000000018000f2e8     libucrt:stdio_initializer.obj
 0002:000002f0       __acrt_tran_fma3_initializer 000000018000f2f0     libucrt:fma3_initializer.obj
 0002:000002f8       __xi_z                     000000018000f2f8     LIBCMT:initializers.obj
 0002:00000300       __xp_a                     000000018000f300     LIBCMT:initializers.obj
 0002:00000308       __acrt_locale_terminator   000000018000f308     libucrt:locale_initializer.obj
 0002:00000310       __dcrt_console_output_terminator 000000018000f310     libucrt:console_output_initializer.obj
 0002:00000318       __acrt_stdio_terminator    000000018000f318     libucrt:stdio_initializer.obj
 0002:00000320       __xp_z                     000000018000f320     LIBCMT:initializers.obj
 0002:00000328       __xt_a                     000000018000f328     LIBCMT:initializers.obj
 0002:00000330       __xt_z                     000000018000f330     LIBCMT:initializers.obj
 0002:00000340       __sz_node_exe              000000018000f340     node:node.exe
 0002:00000358       ??_7exception@std@@6B@     000000018000f358     libcpmt:xthrow.obj
 0002:00000368       ??_C@_0BC@EOODALEL@Unknown?5exception?$AA@ 000000018000f368     libcpmt:xthrow.obj
 0002:00000388       ??_7bad_alloc@std@@6B@     000000018000f388     libcpmt:xthrow.obj
 0002:00000398       ??_C@_0P@GHFPNOJB@bad?5allocation?$AA@ 000000018000f398     libcpmt:xthrow.obj
 0002:000003b0       ??_7logic_error@std@@6B@   000000018000f3b0     libcpmt:xthrow.obj
 0002:000003c8       ??_7length_error@std@@6B@  000000018000f3c8     libcpmt:xthrow.obj
 0002:000003e0       ??_7out_of_range@std@@6B@  000000018000f3e0     libcpmt:xthrow.obj
 0002:000003f0       _pRawDllMain               000000018000f3f0     LIBCMT:dll_dllmain.obj
 0002:000003f0       _pDefaultRawDllMain        000000018000f3f0     LIBCMT:dll_dllmain.obj
 0002:00000400       ??_7type_info@@6B@         000000018000f400     LIBCMT:std_type_info_static.obj
 0002:00000420       ??_7bad_array_new_length@std@@6B@ 000000018000f420     LIBCMT:throw_bad_alloc.obj
 0002:00000430       ??_C@_0BF@KINCDENJ@bad?5array?5new?5length?$AA@ 000000018000f430     LIBCMT:throw_bad_alloc.obj
 0002:000004b0       ??_C@_1BC@DNHGCMLG@?$AAa?$AAd?$AAv?$AAa?$AAp?$AAi?$AA3?$AA2?$AA?$AA@ 000000018000f4b0     libvcruntime:winapi_downlevel.obj
 0002:000004c8       ??_C@_1DM@KHCHBNEB@?$AAa?$AAp?$AAi?$AA?9?$AAm?$AAs?$AA?9?$AAw?$AAi?$AAn?$AA?9?$AAc?$AAo?$AAr?$AAe?$AA?9?$AAf?$AAi?$AAb?$AAe?$AAr?$AAs?$AA?9?$AAl?$AA1?$AA?9?$AA1?$AA?9?$AA1?$AA?$AA@ 000000018000f4c8     libvcruntime:winapi_downlevel.obj
 0002:00000508       ??_C@_1DK@LPPGFMPP@?$AAa?$AAp?$AAi?$AA?9?$AAm?$AAs?$AA?9?$AAw?$AAi?$AAn?$AA?9?$AAc?$AAo?$AAr?$AAe?$AA?9?$AAs?$AAy?$AAn?$AAc?$AAh?$AA?9?$AAl?$AA1?$AA?9?$AA2?$AA?9?$AA0?$AA?$AA@ 000000018000f508     libvcruntime:winapi_downlevel.obj
 0002:00000548       ??_C@_1BC@GDMECMAK@?$AAk?$AAe?$AAr?$AAn?$AAe?$AAl?$AA3?$AA2?$AA?$AA@ 000000018000f548     libvcruntime:winapi_downlevel.obj
 0002:00000568       ??_C@_08KNHFBNJ@FlsAlloc?$AA@ 000000018000f568     libvcruntime:winapi_downlevel.obj
 0002:00000580       ??_C@_07PEJMOBNF@FlsFree?$AA@ 000000018000f580     libvcruntime:winapi_downlevel.obj
 0002:00000590       ??_C@_0M@GDNOONDI@FlsGetValue?$AA@ 000000018000f590     libvcruntime:winapi_downlevel.obj
 0002:000005a8       ??_C@_0M@JCPCPOEF@FlsSetValue?$AA@ 000000018000f5a8     libvcruntime:winapi_downlevel.obj
 0002:000005c0       ??_C@_0BM@HCFOFFN@InitializeCriticalSectionEx?$AA@ 000000018000f5c0     libvcruntime:winapi_downlevel.obj
 0002:00000900       ??_C@_08EHJDFFNH@__based?$CI?$AA@ 000000018000f900     libvcruntime:undname.obj
 0002:00000910       ??_C@_07KOLFKCDI@__cdecl?$AA@ 000000018000f910     libvcruntime:undname.obj
 0002:00000918       ??_C@_08GHMPAG@__pascal?$AA@ 000000018000f918     libvcruntime:undname.obj
 0002:00000928       ??_C@_09IFJBGAPI@__stdcall?$AA@ 000000018000f928     libvcruntime:undname.obj
 0002:00000938       ??_C@_0L@NPHFGOKO@__thiscall?$AA@ 000000018000f938     libvcruntime:undname.obj
 0002:00000948       ??_C@_0L@JMKHOMEK@__fastcall?$AA@ 000000018000f948     libvcruntime:undname.obj
 0002:00000958       ??_C@_0N@BCKKPABJ@__vectorcall?$AA@ 000000018000f958     libvcruntime:undname.obj
 0002:00000968       ??_C@_09HIJEGCPM@__clrcall?$AA@ 000000018000f968     libvcruntime:undname.obj
 0002:00000974       ??_C@_06GHPCKEAG@__eabi?$AA@ 000000018000f974     libvcruntime:undname.obj
 0002:00000980       ??_C@_07JOMMBBKO@__ptr64?$AA@ 000000018000f980     libvcruntime:undname.obj
 0002:00000988       ??_C@_0L@PILCLIHE@__restrict?$AA@ 000000018000f988     libvcruntime:undname.obj
 0002:00000998       ??_C@_0M@GFIIJFMG@__unaligned?$AA@ 000000018000f998     libvcruntime:undname.obj
 0002:000009a8       ??_C@_09DHDLOLLB@restrict?$CI?$AA@ 000000018000f9a8     libvcruntime:undname.obj
 0002:000009b4       ??_C@_04NIHEBCM@?5new?$AA@ 000000018000f9b4     libvcruntime:undname.obj
 0002:000009c0       ??_C@_07FPCDHGMM@?5delete?$AA@ 000000018000f9c0     libvcruntime:undname.obj
 0002:000009c8       ??_C@_01NEMOKFLO@?$DN?$AA@ 000000018000f9c8     libvcruntime:undname.obj
 0002:000009cc       ??_C@_02GPIOPFAK@?$DO?$DO?$AA@ 000000018000f9cc     libvcruntime:undname.obj
 0002:000009d0       ??_C@_02FODMEDOG@?$DM?$DM?$AA@ 000000018000f9d0     libvcruntime:undname.obj
 0002:000009d4       ??_C@_01DCLJPIOD@?$CB?$AA@ 000000018000f9d4     libvcruntime:undname.obj
 0002:000009d8       ??_C@_02EGOFBIJA@?$DN?$DN?$AA@ 000000018000f9d8     libvcruntime:undname.obj
 0002:000009dc       ??_C@_02FDNJECIE@?$CB?$DN?$AA@ 000000018000f9dc     libvcruntime:undname.obj
 0002:000009e0       ??_C@_02GPECMEKF@?$FL?$FN?$AA@ 000000018000f9e0     libvcruntime:undname.obj
 0002:000009e8       ??_C@_08LHJFAFGD@operator?$AA@ 000000018000f9e8     libvcruntime:undname.obj
 0002:000009f4       ??_C@_02HBOOOICD@?9?$DO?$AA@ 000000018000f9f4     libvcruntime:undname.obj
 0002:000009f8       ??_C@_01NBENCBCI@?$CK?$AA@ 000000018000f9f8     libvcruntime:undname.obj
 0002:000009fc       ??_C@_02ECNGHCIF@?$CL?$CL?$AA@ 000000018000f9fc     libvcruntime:undname.obj
 0002:00000a00       ??_C@_02BAABKJLB@?9?9?$AA@ 000000018000fa00     libvcruntime:undname.obj
 0002:00000a04       ??_C@_01JOAMLHOP@?9?$AA@   000000018000fa04     libvcruntime:undname.obj
 0002:00000a08       ??_C@_01MIFGBAGJ@?$CL?$AA@ 000000018000fa08     libvcruntime:undname.obj
 0002:00000a0c       ??_C@_01HNPIGOCE@?$CG?$AA@ 000000018000fa0c     libvcruntime:undname.obj
 0002:00000a10       ??_C@_03MNHNFDLC@?9?$DO?$CK?$AA@ 000000018000fa10     libvcruntime:undname.obj
 0002:00000a14       ??_C@_01KMDKNFGN@?1?$AA@   000000018000fa14     libvcruntime:undname.obj
 0002:00000a18       ??_C@_01FGNFDNOH@?$CF?$AA@ 000000018000fa18     libvcruntime:undname.obj
 0002:00000a1c       ??_C@_01MNNFJEPP@?$DM?$AA@ 000000018000fa1c     libvcruntime:undname.obj
 0002:00000a20       ??_C@_02EHCHHCKH@?$DM?$DN?$AA@ 000000018000fa20     libvcruntime:undname.obj
 0002:00000a24       ??_C@_01PPODPGHN@?$DO?$AA@ 000000018000fa24     libvcruntime:undname.obj
 0002:00000a28       ??_C@_02EEKDKGMJ@?$DO?$DN?$AA@ 000000018000fa28     libvcruntime:undname.obj
 0002:00000a2c       ??_C@_01IHBHIGKO@?0?$AA@   000000018000fa2c     libvcruntime:undname.obj
 0002:00000a30       ??_C@_02HCKGKOFO@?$CI?$CJ?$AA@ 000000018000fa30     libvcruntime:undname.obj
 0002:00000a34       ??_C@_01PJKLJHI@?$HO?$AA@  000000018000fa34     libvcruntime:undname.obj
 0002:00000a38       ??_C@_01JKBOJNNK@?$FO?$AA@ 000000018000fa38     libvcruntime:undname.obj
 0002:00000a3c       ??_C@_01DNKMNLPK@?$HM?$AA@ 000000018000fa3c     libvcruntime:undname.obj
 0002:00000a40       ??_C@_02PPKAJPJL@?$CG?$CG?$AA@ 000000018000fa40     libvcruntime:undname.obj
 0002:00000a44       ??_C@_02NONPIBCD@?$HM?$HM?$AA@ 000000018000fa44     libvcruntime:undname.obj
 0002:00000a48       ??_C@_02FPIMKNGF@?$CK?$DN?$AA@ 000000018000fa48     libvcruntime:undname.obj
 0002:00000a4c       ??_C@_02FOEOMHFC@?$CL?$DN?$AA@ 000000018000fa4c     libvcruntime:undname.obj
 0002:00000a50       ??_C@_02FKMDLLOA@?9?$DN?$AA@ 000000018000fa50     libvcruntime:undname.obj
 0002:00000a54       ??_C@_02FJEHGPIO@?1?$DN?$AA@ 000000018000fa54     libvcruntime:undname.obj
 0002:00000a58       ??_C@_02FENAOKFI@?$CF?$DN?$AA@ 000000018000fa58     libvcruntime:undname.obj
 0002:00000a5c       ??_C@_03IKFCCPFF@?$DO?$DO?$DN?$AA@ 000000018000fa5c     libvcruntime:undname.obj
 0002:00000a60       ??_C@_03CDNPDDLA@?$DM?$DM?$DN?$AA@ 000000018000fa60     libvcruntime:undname.obj
 0002:00000a64       ??_C@_02FGJGFEAB@?$CG?$DN?$AA@ 000000018000fa64     libvcruntime:undname.obj
 0002:00000a68       ??_C@_02DHLNPPGH@?$HM?$DN?$AA@ 000000018000fa68     libvcruntime:undname.obj
 0002:00000a6c       ??_C@_02MHEGNOJ@?$FO?$DN?$AA@ 000000018000fa6c     libvcruntime:undname.obj
 0002:00000a70       ??_C@_09IFPLHPGF@?$GAvftable?8?$AA@ 000000018000fa70     libvcruntime:undname.obj
 0002:00000a80       ??_C@_09BLBHBJP@?$GAvbtable?8?$AA@ 000000018000fa80     libvcruntime:undname.obj
 0002:00000a90       ??_C@_07FEEIOKP@?$GAvcall?8?$AA@ 000000018000fa90     libvcruntime:undname.obj
 0002:00000a98       ??_C@_08LLFFHHDJ@?$GAtypeof?8?$AA@ 000000018000fa98     libvcruntime:undname.obj
 0002:00000aa8       ??_C@_0BF@KDPPACIK@?$GAlocal?5static?5guard?8?$AA@ 000000018000faa8     libvcruntime:undname.obj
 0002:00000ac0       ??_C@_08OBABFOLI@?$GAstring?8?$AA@ 000000018000fac0     libvcruntime:undname.obj
 0002:00000ad0       ??_C@_0BD@JDLKDPAB@?$GAvbase?5destructor?8?$AA@ 000000018000fad0     libvcruntime:undname.obj
 0002:00000ae8       ??_C@_0BN@DEGPLNFK@?$GAvector?5deleting?5destructor?8?$AA@ 000000018000fae8     libvcruntime:undname.obj
 0002:00000b08       ??_C@_0BO@OBMKPJIG@?$GAdefault?5constructor?5closure?8?$AA@ 000000018000fb08     libvcruntime:undname.obj
 0002:00000b28       ??_C@_0BN@IMDCHIKM@?$GAscalar?5deleting?5destructor?8?$AA@ 000000018000fb28     libvcruntime:undname.obj
 0002:00000b48       ??_C@_0BO@PFGOCPJJ@?$GAvector?5constructor?5iterator?8?$AA@ 000000018000fb48     libvcruntime:undname.obj
 0002:00000b68       ??_C@_0BN@LFPFMEDL@?$GAvector?5destructor?5iterator?8?$AA@ 000000018000fb68     libvcruntime:undname.obj
 0002:00000b88       ??_C@_0CE@IKBNEHA@?$GAvector?5vbase?5constructor?5iterat@ 000000018000fb88     libvcruntime:undname.obj
 0002:00000bb0       ??_C@_0BL@NILFHHPC@?$GAvirtual?5displacement?5map?8?$AA@ 000000018000fbb0     libvcruntime:undname.obj
 0002:00000bd0       ??_C@_0CB@JONCMFFK@?$GAeh?5vector?5constructor?5iterator?8@ 000000018000fbd0     libvcruntime:undname.obj
 0002:00000bf8       ??_C@_0CA@GCEOPDGL@?$GAeh?5vector?5destructor?5iterator?8?$AA@ 000000018000fbf8     libvcruntime:undname.obj
 0002:00000c18       ??_C@_0CH@OOJPLCPH@?$GAeh?5vector?5vbase?5constructor?5ite@ 000000018000fc18     libvcruntime:undname.obj
 0002:00000c40       ??_C@_0BL@LLKPOHJI@?$GAcopy?5constructor?5closure?8?$AA@ 000000018000fc40     libvcruntime:undname.obj
 0002:00000c60       ??_C@_0BA@KBCDOMBN@?$GAudt?5returning?8?$AA@ 000000018000fc60     libvcruntime:undname.obj
 0002:00000c70       ??_C@_03KLGMFNMG@?$GAEH?$AA@ 000000018000fc70     libvcruntime:undname.obj
 0002:00000c74       ??_C@_05KHLCHHI@?$GARTTI?$AA@ 000000018000fc74     libvcruntime:undname.obj
 0002:00000c80       ??_C@_0BA@KKLDJDLB@?$GAlocal?5vftable?8?$AA@ 000000018000fc80     libvcruntime:undname.obj
 0002:00000c90       ??_C@_0CE@IIHCMGGL@?$GAlocal?5vftable?5constructor?5closu@ 000000018000fc90     libvcruntime:undname.obj
 0002:00000cb4       ??_C@_06FHBGPFGH@?5new?$FL?$FN?$AA@ 000000018000fcb4     libvcruntime:undname.obj
 0002:00000cc0       ??_C@_09LBNFPBCA@?5delete?$FL?$FN?$AA@ 000000018000fcc0     libvcruntime:undname.obj
 0002:00000cd0       ??_C@_0P@HJKNJFNN@?$GAomni?5callsig?8?$AA@ 000000018000fcd0     libvcruntime:undname.obj
 0002:00000ce0       ??_C@_0BL@CNOONJFP@?$GAplacement?5delete?5closure?8?$AA@ 000000018000fce0     libvcruntime:undname.obj
 0002:00000d00       ??_C@_0BN@CKNJLHMB@?$GAplacement?5delete?$FL?$FN?5closure?8?$AA@ 000000018000fd00     libvcruntime:undname.obj
 0002:00000d20       ??_C@_0CG@CFDHKGGD@?$GAmanaged?5vector?5constructor?5iter@ 000000018000fd20     libvcruntime:undname.obj
 0002:00000d48       ??_C@_0CF@IMGKMJNO@?$GAmanaged?5vector?5destructor?5itera@ 000000018000fd48     libvcruntime:undname.obj
 0002:00000d70       ??_C@_0CG@HLDDJMAG@?$GAeh?5vector?5copy?5constructor?5iter@ 000000018000fd70     libvcruntime:undname.obj
 0002:00000d98       ??_C@_0CM@FCBBDIGB@?$GAeh?5vector?5vbase?5copy?5constructo@ 000000018000fd98     libvcruntime:undname.obj
 0002:00000dc8       ??_C@_0BL@CLIPGLGB@?$GAdynamic?5initializer?5for?5?8?$AA@ 000000018000fdc8     libvcruntime:undname.obj
 0002:00000de8       ??_C@_0CB@PDBIFEP@?$GAdynamic?5atexit?5destructor?5for?5?8@ 000000018000fde8     libvcruntime:undname.obj
 0002:00000e10       ??_C@_0CD@CGAJBKEJ@?$GAvector?5copy?5constructor?5iterato@ 000000018000fe10     libvcruntime:undname.obj
 0002:00000e38       ??_C@_0CJ@GJELGAMM@?$GAvector?5vbase?5copy?5constructor?5i@ 000000018000fe38     libvcruntime:undname.obj
 0002:00000e68       ??_C@_0CL@FGIJHLCE@?$GAmanaged?5vector?5copy?5constructor@ 000000018000fe68     libvcruntime:undname.obj
 0002:00000e98       ??_C@_0BM@PMGGMLDN@?$GAlocal?5static?5thread?5guard?8?$AA@ 000000018000fe98     libvcruntime:undname.obj
 0002:00000eb8       ??_C@_0N@BDNMDMOL@operator?5?$CC?$CC?5?$AA@ 000000018000feb8     libvcruntime:undname.obj
 0002:00000ec8       ??_C@_0BC@DAFEJGAK@?5Type?5Descriptor?8?$AA@ 000000018000fec8     libvcruntime:undname.obj
 0002:00000ee0       ??_C@_0BM@LDKODKLH@?5Base?5Class?5Descriptor?5at?5?$CI?$AA@ 000000018000fee0     libvcruntime:undname.obj
 0002:00000f00       ??_C@_0BD@LGICGFMM@?5Base?5Class?5Array?8?$AA@ 000000018000ff00     libvcruntime:undname.obj
 0002:00000f18       ??_C@_0BN@MECKDCOJ@?5Class?5Hierarchy?5Descriptor?8?$AA@ 000000018000ff18     libvcruntime:undname.obj
 0002:00000f38       ??_C@_0BK@CFCOFLF@?5Complete?5Object?5Locator?8?$AA@ 000000018000ff38     libvcruntime:undname.obj
 0002:00000f60       __acrt_exception_action_table 000000018000ff60     libucrt:exception_filter.obj
 0002:00001020       __acrt_signal_action_table_count 0000000180010020     libucrt:exception_filter.obj
 0002:00001028       __acrt_signal_action_first_fpe_index 0000000180010028     libucrt:exception_filter.obj
 0002:00001030       __acrt_signal_action_fpe_count 0000000180010030     libucrt:exception_filter.obj
 0002:00001038       ??_C@_1BI@BGOHAHKC@?$AAm?$AAs?$AAc?$AAo?$AAr?$AAe?$AAe?$AA?4?$AAd?$AAl?$AAl?$AA?$AA@ 0000000180010038     libucrt:exit.obj
 0002:00001050       ??_C@_0P@MIGLKIOC@CorExitProcess?$AA@ 0000000180010050     libucrt:exit.obj
 0002:000012c0       __lc_time_c                00000001800102c0     libucrt:nlsdata.obj
 0002:00001580       ??_C@_03KOEHGMDN@Sun?$AA@  0000000180010580     libucrt:nlsdata.obj
 0002:00001584       ??_C@_03PDAGKDH@Mon?$AA@   0000000180010584     libucrt:nlsdata.obj
 0002:00001588       ??_C@_03NAGEINEP@Tue?$AA@  0000000180010588     libucrt:nlsdata.obj
 0002:0000158c       ??_C@_03MHOMLAJA@Wed?$AA@  000000018001058c     libucrt:nlsdata.obj
 0002:00001590       ??_C@_03IOFIKPDN@Thu?$AA@  0000000180010590     libucrt:nlsdata.obj
 0002:00001594       ??_C@_03IDIOELNC@Fri?$AA@  0000000180010594     libucrt:nlsdata.obj
 0002:00001598       ??_C@_03FEFJNEK@Sat?$AA@   0000000180010598     libucrt:nlsdata.obj
 0002:0000159c       ??_C@_06OOPIFAJ@Sunday?$AA@ 000000018001059c     libucrt:nlsdata.obj
 0002:000015a4       ??_C@_06JLEDEDGH@Monday?$AA@ 00000001800105a4     libucrt:nlsdata.obj
 0002:000015b0       ??_C@_07BAAGCFCM@Tuesday?$AA@ 00000001800105b0     libucrt:nlsdata.obj
 0002:000015b8       ??_C@_09DLIGFAKA@Wednesday?$AA@ 00000001800105b8     libucrt:nlsdata.obj
 0002:000015c8       ??_C@_08HACCIKIA@Thursday?$AA@ 00000001800105c8     libucrt:nlsdata.obj
 0002:000015d4       ??_C@_06JECMNKMI@Friday?$AA@ 00000001800105d4     libucrt:nlsdata.obj
 0002:000015e0       ??_C@_08INBOOONO@Saturday?$AA@ 00000001800105e0     libucrt:nlsdata.obj
 0002:000015ec       ??_C@_03JIHJHPIE@Jan?$AA@  00000001800105ec     libucrt:nlsdata.obj
 0002:000015f0       ??_C@_03HJBDCHOM@Feb?$AA@  00000001800105f0     libucrt:nlsdata.obj
 0002:000015f4       ??_C@_03ODNJBKGA@Mar?$AA@  00000001800105f4     libucrt:nlsdata.obj
 0002:000015f8       ??_C@_03LEOLGMJP@Apr?$AA@  00000001800105f8     libucrt:nlsdata.obj
 0002:000015fc       ??_C@_03CNMDKL@May?$AA@    00000001800105fc     libucrt:nlsdata.obj
 0002:00001600       ??_C@_03IDFGHECI@Jun?$AA@  0000000180010600     libucrt:nlsdata.obj
 0002:00001604       ??_C@_03LBGABGKK@Jul?$AA@  0000000180010604     libucrt:nlsdata.obj
 0002:00001608       ??_C@_03IFJFEIGA@Aug?$AA@  0000000180010608     libucrt:nlsdata.obj
 0002:0000160c       ??_C@_03GGCAPAJC@Sep?$AA@  000000018001060c     libucrt:nlsdata.obj
 0002:00001610       ??_C@_03BMAOKBAD@Oct?$AA@  0000000180010610     libucrt:nlsdata.obj
 0002:00001614       ??_C@_03JPJOFNIA@Nov?$AA@  0000000180010614     libucrt:nlsdata.obj
 0002:00001618       ??_C@_03MKABNOCG@Dec?$AA@  0000000180010618     libucrt:nlsdata.obj
 0002:00001620       ??_C@_07CGJPFGJA@January?$AA@ 0000000180010620     libucrt:nlsdata.obj
 0002:00001628       ??_C@_08GNJGEPFN@February?$AA@ 0000000180010628     libucrt:nlsdata.obj
 0002:00001634       ??_C@_05HPCKOFNC@March?$AA@ 0000000180010634     libucrt:nlsdata.obj
 0002:0000163c       ??_C@_05DMJDNLEJ@April?$AA@ 000000018001063c     libucrt:nlsdata.obj
 0002:00001644       ??_C@_04CNLMGBGM@June?$AA@ 0000000180010644     libucrt:nlsdata.obj
 0002:0000164c       ??_C@_04MIEPOIFP@July?$AA@ 000000018001064c     libucrt:nlsdata.obj
 0002:00001654       ??_C@_06LBBHFDDG@August?$AA@ 0000000180010654     libucrt:nlsdata.obj
 0002:00001660       ??_C@_09BHHEALKD@September?$AA@ 0000000180010660     libucrt:nlsdata.obj
 0002:00001670       ??_C@_07JJNFCEND@October?$AA@ 0000000180010670     libucrt:nlsdata.obj
 0002:00001678       ??_C@_08HCHEGEOA@November?$AA@ 0000000180010678     libucrt:nlsdata.obj
 0002:00001688       ??_C@_08EDHMEBNP@December?$AA@ 0000000180010688     libucrt:nlsdata.obj
 0002:00001694       ??_C@_02DEDBPAFC@AM?$AA@   0000000180010694     libucrt:nlsdata.obj
 0002:00001698       ??_C@_02CJNFDJBF@PM?$AA@   0000000180010698     libucrt:nlsdata.obj
 0002:000016a0       ??_C@_08BPBNCDIB@MM?1dd?1yy?$AA@ 00000001800106a0     libucrt:nlsdata.obj
 0002:000016b0       ??_C@_0BE@CKGJFCPC@dddd?0?5MMMM?5dd?0?5yyyy?$AA@ 00000001800106b0     libucrt:nlsdata.obj
 0002:000016c8       ??_C@_08JCCMCCIL@HH?3mm?3ss?$AA@ 00000001800106c8     libucrt:nlsdata.obj
 0002:000016d8       ??_C@_17MBGCMIPB@?$AAS?$AAu?$AAn?$AA?$AA@ 00000001800106d8     libucrt:nlsdata.obj
 0002:000016e0       ??_C@_17KBOMKBF@?$AAM?$AAo?$AAn?$AA?$AA@ 00000001800106e0     libucrt:nlsdata.obj
 0002:000016e8       ??_C@_17BMKGEGOJ@?$AAT?$AAu?$AAe?$AA?$AA@ 00000001800106e8     libucrt:nlsdata.obj
 0002:000016f0       ??_C@_17CJEDCEPE@?$AAW?$AAe?$AAd?$AA?$AA@ 00000001800106f0     libucrt:nlsdata.obj
 0002:000016f8       ??_C@_17PDPHAADD@?$AAT?$AAh?$AAu?$AA?$AA@ 00000001800106f8     libucrt:nlsdata.obj
 0002:00001700       ??_C@_17HFOLPPLP@?$AAF?$AAr?$AAi?$AA?$AA@ 0000000180010700     libucrt:nlsdata.obj
 0002:00001708       ??_C@_17GGIBDPIH@?$AAS?$AAa?$AAt?$AA?$AA@ 0000000180010708     libucrt:nlsdata.obj
 0002:00001710       ??_C@_1O@IHNHDHPB@?$AAS?$AAu?$AAn?$AAd?$AAa?$AAy?$AA?$AA@ 0000000180010710     libucrt:nlsdata.obj
 0002:00001720       ??_C@_1O@MMNBFLIA@?$AAM?$AAo?$AAn?$AAd?$AAa?$AAy?$AA?$AA@ 0000000180010720     libucrt:nlsdata.obj
 0002:00001730       ??_C@_1BA@ENFBFFEK@?$AAT?$AAu?$AAe?$AAs?$AAd?$AAa?$AAy?$AA?$AA@ 0000000180010730     libucrt:nlsdata.obj
 0002:00001740       ??_C@_1BE@EBOGMDOH@?$AAW?$AAe?$AAd?$AAn?$AAe?$AAs?$AAd?$AAa?$AAy?$AA?$AA@ 0000000180010740     libucrt:nlsdata.obj
 0002:00001758       ??_C@_1BC@HHMNLIHE@?$AAT?$AAh?$AAu?$AAr?$AAs?$AAd?$AAa?$AAy?$AA?$AA@ 0000000180010758     libucrt:nlsdata.obj
 0002:00001770       ??_C@_1O@PDICJHAG@?$AAF?$AAr?$AAi?$AAd?$AAa?$AAy?$AA?$AA@ 0000000180010770     libucrt:nlsdata.obj
 0002:00001780       ??_C@_1BC@ENMNNPAJ@?$AAS?$AAa?$AAt?$AAu?$AAr?$AAd?$AAa?$AAy?$AA?$AA@ 0000000180010780     libucrt:nlsdata.obj
 0002:00001798       ??_C@_17DKNBKCHM@?$AAJ?$AAa?$AAn?$AA?$AA@ 0000000180010798     libucrt:nlsdata.obj
 0002:000017a0       ??_C@_17LMDJEKJN@?$AAF?$AAe?$AAb?$AA?$AA@ 00000001800107a0     libucrt:nlsdata.obj
 0002:000017a8       ??_C@_17CKNLEDEC@?$AAM?$AAa?$AAr?$AA?$AA@ 00000001800107a8     libucrt:nlsdata.obj
 0002:000017b0       ??_C@_17LFPOIHDD@?$AAA?$AAp?$AAr?$AA?$AA@ 00000001800107b0     libucrt:nlsdata.obj
 0002:000017b8       ??_C@_17PNNKMEED@?$AAM?$AAa?$AAy?$AA?$AA@ 00000001800107b8     libucrt:nlsdata.obj
 0002:000017c0       ??_C@_17KCJGOCPB@?$AAJ?$AAu?$AAn?$AA?$AA@ 00000001800107c0     libucrt:nlsdata.obj
 0002:000017c8       ??_C@_17IJPCKHK@?$AAJ?$AAu?$AAl?$AA?$AA@ 00000001800107c8     libucrt:nlsdata.obj
 0002:000017d0       ??_C@_17ICPELBCN@?$AAA?$AAu?$AAg?$AA?$AA@ 00000001800107d0     libucrt:nlsdata.obj
 0002:000017d8       ??_C@_17HCHCOKMG@?$AAS?$AAe?$AAp?$AA?$AA@ 00000001800107d8     libucrt:nlsdata.obj
 0002:000017e0       ??_C@_17FNLKOI@?$AAO?$AAc?$AAt?$AA?$AA@ 00000001800107e0     libucrt:nlsdata.obj
 0002:000017e8       ??_C@_17BBDMLCIG@?$AAN?$AAo?$AAv?$AA?$AA@ 00000001800107e8     libucrt:nlsdata.obj
 0002:000017f0       ??_C@_17EGKACKIF@?$AAD?$AAe?$AAc?$AA?$AA@ 00000001800107f0     libucrt:nlsdata.obj
 0002:000017f8       ??_C@_1BA@EFMEIEBA@?$AAJ?$AAa?$AAn?$AAu?$AAa?$AAr?$AAy?$AA?$AA@ 00000001800107f8     libucrt:nlsdata.obj
 0002:00001808       ??_C@_1BC@JGDDFFAM@?$AAF?$AAe?$AAb?$AAr?$AAu?$AAa?$AAr?$AAy?$AA?$AA@ 0000000180010808     libucrt:nlsdata.obj
 0002:00001820       ??_C@_1M@IKEENEDF@?$AAM?$AAa?$AAr?$AAc?$AAh?$AA?$AA@ 0000000180010820     libucrt:nlsdata.obj
 0002:00001830       ??_C@_1M@GJNLMHFD@?$AAA?$AAp?$AAr?$AAi?$AAl?$AA?$AA@ 0000000180010830     libucrt:nlsdata.obj
 0002:00001840       ??_C@_19EPFLPGAP@?$AAJ?$AAu?$AAn?$AAe?$AA?$AA@ 0000000180010840     libucrt:nlsdata.obj
 0002:00001850       ??_C@_19BIFMLPCD@?$AAJ?$AAu?$AAl?$AAy?$AA?$AA@ 0000000180010850     libucrt:nlsdata.obj
 0002:00001860       ??_C@_1O@PAHLKOAC@?$AAA?$AAu?$AAg?$AAu?$AAs?$AAt?$AA?$AA@ 0000000180010860     libucrt:nlsdata.obj
 0002:00001870       ??_C@_1BE@DKAAMBJL@?$AAS?$AAe?$AAp?$AAt?$AAe?$AAm?$AAb?$AAe?$AAr?$AA?$AA@ 0000000180010870     libucrt:nlsdata.obj
 0002:00001888       ??_C@_1BA@EPANDLNG@?$AAO?$AAc?$AAt?$AAo?$AAb?$AAe?$AAr?$AA?$AA@ 0000000180010888     libucrt:nlsdata.obj
 0002:00001898       ??_C@_1BC@BGLIFPF@?$AAN?$AAo?$AAv?$AAe?$AAm?$AAb?$AAe?$AAr?$AA?$AA@ 0000000180010898     libucrt:nlsdata.obj
 0002:000018b0       ??_C@_1BC@FEMKIFH@?$AAD?$AAe?$AAc?$AAe?$AAm?$AAb?$AAe?$AAr?$AA?$AA@ 00000001800108b0     libucrt:nlsdata.obj
 0002:000018c4       ??_C@_15ODEHAHHF@?$AAA?$AAM?$AA?$AA@ 00000001800108c4     libucrt:nlsdata.obj
 0002:000018cc       ??_C@_15CLMNNGEL@?$AAP?$AAM?$AA?$AA@ 00000001800108cc     libucrt:nlsdata.obj
 0002:000018d8       ??_C@_1BC@IEBCMHCM@?$AAM?$AAM?$AA?1?$AAd?$AAd?$AA?1?$AAy?$AAy?$AA?$AA@ 00000001800108d8     libucrt:nlsdata.obj
 0002:000018f0       ??_C@_1CI@KNAKOEBC@?$AAd?$AAd?$AAd?$AAd?$AA?0?$AA?5?$AAM?$AAM?$AAM?$AAM?$AA?5?$AAd?$AAd?$AA?0?$AA?5?$AAy?$AAy?$AAy?$AAy?$AA?$AA@ 00000001800108f0     libucrt:nlsdata.obj
 0002:00001918       ??_C@_1BC@GDGBMEMK@?$AAH?$AAH?$AA?3?$AAm?$AAm?$AA?3?$AAs?$AAs?$AA?$AA@ 0000000180010918     libucrt:nlsdata.obj
 0002:00001930       ??_C@_1M@BMHNFIME@?$AAe?$AAn?$AA?9?$AAU?$AAS?$AA?$AA@ 0000000180010930     libucrt:nlsdata.obj
 0002:000019e0       ??_C@_1EG@CNNIPFIM@?$AAa?$AAp?$AAi?$AA?9?$AAm?$AAs?$AA?9?$AAw?$AAi?$AAn?$AA?9?$AAa?$AAp?$AAp?$AAm?$AAo?$AAd?$AAe?$AAl?$AA?9?$AAr?$AAu?$AAn?$AAt?$AAi?$AAm?$AAe?$AA?9?$AAl?$AA1?$AA?9?$AA1@ 00000001800109e0     libucrt:winapi_thunks.obj
 0002:00001a30       ??_C@_1EA@JGEFHKEI@?$AAa?$AAp?$AAi?$AA?9?$AAm?$AAs?$AA?9?$AAw?$AAi?$AAn?$AA?9?$AAc?$AAo?$AAr?$AAe?$AA?9?$AAd?$AAa?$AAt?$AAe?$AAt?$AAi?$AAm?$AAe?$AA?9?$AAl?$AA1?$AA?9?$AA1?$AA?9?$AA1?$AA?$AA@ 0000000180010a30     libucrt:winapi_thunks.obj
 0002:00001a70       ??_C@_1DI@GCIAAENM@?$AAa?$AAp?$AAi?$AA?9?$AAm?$AAs?$AA?9?$AAw?$AAi?$AAn?$AA?9?$AAc?$AAo?$AAr?$AAe?$AA?9?$AAf?$AAi?$AAl?$AAe?$AA?9?$AAl?$AA2?$AA?9?$AA1?$AA?9?$AA1?$AA?$AA@ 0000000180010a70     libucrt:winapi_thunks.obj
 0002:00001ab0       ??_C@_1EI@MPIAOHOC@?$AAa?$AAp?$AAi?$AA?9?$AAm?$AAs?$AA?9?$AAw?$AAi?$AAn?$AA?9?$AAc?$AAo?$AAr?$AAe?$AA?9?$AAl?$AAo?$AAc?$AAa?$AAl?$AAi?$AAz?$AAa?$AAt?$AAi?$AAo?$AAn?$AA?9?$AAl?$AA1?$AA?9@ 0000000180010ab0     libucrt:winapi_thunks.obj
 0002:00001b00       ??_C@_1FK@FPHCKFIE@?$AAa?$AAp?$AAi?$AA?9?$AAm?$AAs?$AA?9?$AAw?$AAi?$AAn?$AA?9?$AAc?$AAo?$AAr?$AAe?$AA?9?$AAl?$AAo?$AAc?$AAa?$AAl?$AAi?$AAz?$AAa?$AAt?$AAi?$AAo?$AAn?$AA?9?$AAo?$AAb?$AAs@ 0000000180010b00     libucrt:winapi_thunks.obj
 0002:00001b60       ??_C@_1EM@DILCGIIO@?$AAa?$AAp?$AAi?$AA?9?$AAm?$AAs?$AA?9?$AAw?$AAi?$AAn?$AA?9?$AAc?$AAo?$AAr?$AAe?$AA?9?$AAp?$AAr?$AAo?$AAc?$AAe?$AAs?$AAs?$AAt?$AAh?$AAr?$AAe?$AAa?$AAd?$AAs?$AA?9?$AAl@ 0000000180010b60     libucrt:winapi_thunks.obj
 0002:00001bb0       ??_C@_1DM@LNCGDDPN@?$AAa?$AAp?$AAi?$AA?9?$AAm?$AAs?$AA?9?$AAw?$AAi?$AAn?$AA?9?$AAc?$AAo?$AAr?$AAe?$AA?9?$AAs?$AAt?$AAr?$AAi?$AAn?$AAg?$AA?9?$AAl?$AA1?$AA?9?$AA1?$AA?9?$AA0?$AA?$AA@ 0000000180010bb0     libucrt:winapi_thunks.obj
 0002:00001bf0       ??_C@_1DO@FPAPJEMD@?$AAa?$AAp?$AAi?$AA?9?$AAm?$AAs?$AA?9?$AAw?$AAi?$AAn?$AA?9?$AAc?$AAo?$AAr?$AAe?$AA?9?$AAs?$AAy?$AAs?$AAi?$AAn?$AAf?$AAo?$AA?9?$AAl?$AA1?$AA?9?$AA2?$AA?9?$AA1?$AA?$AA@ 0000000180010bf0     libucrt:winapi_thunks.obj
 0002:00001c30       ??_C@_1DK@NDHNAHIO@?$AAa?$AAp?$AAi?$AA?9?$AAm?$AAs?$AA?9?$AAw?$AAi?$AAn?$AA?9?$AAc?$AAo?$AAr?$AAe?$AA?9?$AAw?$AAi?$AAn?$AAr?$AAt?$AA?9?$AAl?$AA1?$AA?9?$AA1?$AA?9?$AA0?$AA?$AA@ 0000000180010c30     libucrt:winapi_thunks.obj
 0002:00001c70       ??_C@_1DM@KGHDGBCM@?$AAa?$AAp?$AAi?$AA?9?$AAm?$AAs?$AA?9?$AAw?$AAi?$AAn?$AA?9?$AAc?$AAo?$AAr?$AAe?$AA?9?$AAx?$AAs?$AAt?$AAa?$AAt?$AAe?$AA?9?$AAl?$AA2?$AA?9?$AA1?$AA?9?$AA0?$AA?$AA@ 0000000180010c70     libucrt:winapi_thunks.obj
 0002:00001cb0       ??_C@_1EO@IJIOEFOH@?$AAa?$AAp?$AAi?$AA?9?$AAm?$AAs?$AA?9?$AAw?$AAi?$AAn?$AA?9?$AAr?$AAt?$AAc?$AAo?$AAr?$AAe?$AA?9?$AAn?$AAt?$AAu?$AAs?$AAe?$AAr?$AA?9?$AAw?$AAi?$AAn?$AAd?$AAo?$AAw?$AA?9@ 0000000180010cb0     libucrt:winapi_thunks.obj
 0002:00001d00       ??_C@_1FG@HHGEKANL@?$AAa?$AAp?$AAi?$AA?9?$AAm?$AAs?$AA?9?$AAw?$AAi?$AAn?$AA?9?$AAs?$AAe?$AAc?$AAu?$AAr?$AAi?$AAt?$AAy?$AA?9?$AAs?$AAy?$AAs?$AAt?$AAe?$AAm?$AAf?$AAu?$AAn?$AAc?$AAt?$AAi@ 0000000180010d00     libucrt:winapi_thunks.obj
 0002:00001d60       ??_C@_1FG@NCKKOLKO@?$AAe?$AAx?$AAt?$AA?9?$AAm?$AAs?$AA?9?$AAw?$AAi?$AAn?$AA?9?$AAk?$AAe?$AAr?$AAn?$AAe?$AAl?$AA3?$AA2?$AA?9?$AAp?$AAa?$AAc?$AAk?$AAa?$AAg?$AAe?$AA?9?$AAc?$AAu?$AAr?$AAr@ 0000000180010d60     libucrt:winapi_thunks.obj
 0002:00001dc0       ??_C@_1EG@DBIOJECG@?$AAe?$AAx?$AAt?$AA?9?$AAm?$AAs?$AA?9?$AAw?$AAi?$AAn?$AA?9?$AAn?$AAt?$AAu?$AAs?$AAe?$AAr?$AA?9?$AAd?$AAi?$AAa?$AAl?$AAo?$AAg?$AAb?$AAo?$AAx?$AA?9?$AAl?$AA1?$AA?9?$AA1@ 0000000180010dc0     libucrt:winapi_thunks.obj
 0002:00001e10       ??_C@_1EO@FIHMJCLF@?$AAe?$AAx?$AAt?$AA?9?$AAm?$AAs?$AA?9?$AAw?$AAi?$AAn?$AA?9?$AAn?$AAt?$AAu?$AAs?$AAe?$AAr?$AA?9?$AAw?$AAi?$AAn?$AAd?$AAo?$AAw?$AAs?$AAt?$AAa?$AAt?$AAi?$AAo?$AAn?$AA?9@ 0000000180010e10     libucrt:winapi_thunks.obj
 0002:00001e60       ??_C@_1O@BCCLBEOE@?$AAu?$AAs?$AAe?$AAr?$AA3?$AA2?$AA?$AA@ 0000000180010e60     libucrt:winapi_thunks.obj
 0002:00001e98       ??_C@_0BE@JOGNEJCI@GetCurrentPackageId?$AA@ 0000000180010e98     libucrt:winapi_thunks.obj
 0002:00001ec0       ??_C@_0O@KKBNKAPF@LCMapStringEx?$AA@ 0000000180010ec0     libucrt:winapi_thunks.obj
 0002:00001ed8       ??_C@_0BB@HBDEELFH@LocaleNameToLCID?$AA@ 0000000180010ed8     libucrt:winapi_thunks.obj
 0002:00001f10       ??_C@_1M@HPNHIDJI@?$AAj?$AAa?$AA?9?$AAJ?$AAP?$AA?$AA@ 0000000180010f10     libucrt:mbctype.obj
 0002:00001f20       ??_C@_1M@BIBDDEMK@?$AAz?$AAh?$AA?9?$AAC?$AAN?$AA?$AA@ 0000000180010f20     libucrt:mbctype.obj
 0002:00001f30       ??_C@_1M@JLOOOEGK@?$AAk?$AAo?$AA?9?$AAK?$AAR?$AA?$AA@ 0000000180010f30     libucrt:mbctype.obj
 0002:00001f40       ??_C@_1M@CLNBBOPM@?$AAz?$AAh?$AA?9?$AAT?$AAW?$AA?$AA@ 0000000180010f40     libucrt:mbctype.obj
 0002:00001f50       __newctype                 0000000180010f50     libucrt:ctype.obj
 0002:00002250       __newclmap                 0000000180011250     libucrt:ctype.obj
 0002:000023d0       __newcumap                 00000001800113d0     libucrt:ctype.obj
 0002:00002550       ??_C@_15PJPFLCCM@?$AAu?$AAk?$AA?$AA@ 0000000180011550     libucrt:get_qualified_locale.obj
 0002:000033a0       ??_C@_15EMKDOKLE@?$AAa?$AAr?$AA?$AA@ 00000001800123a0     libucrt:lcidtoname_downlevel.obj
 0002:000033a8       ??_C@_15KNPADPLH@?$AAb?$AAg?$AA?$AA@ 00000001800123a8     libucrt:lcidtoname_downlevel.obj
 0002:000033b0       ??_C@_15EDMHLDMO@?$AAc?$AAa?$AA?$AA@ 00000001800123b0     libucrt:lcidtoname_downlevel.obj
 0002:000033b8       ??_C@_1O@BPEAJADD@?$AAz?$AAh?$AA?9?$AAC?$AAH?$AAS?$AA?$AA@ 00000001800123b8     libucrt:lcidtoname_downlevel.obj
 0002:000033c8       ??_C@_15LJNHCMNK@?$AAc?$AAs?$AA?$AA@ 00000001800123c8     libucrt:lcidtoname_downlevel.obj
[...]
 0004:000008dc       $pdata$?getSystemCP@@YAHH@Z 000000018001b8dc     libucrt:mbctype.obj
 0004:000008e8       $pdata$?setSBCS@@YAXPEAU__crt_multibyte_data@@@Z 000000018001b8e8     libucrt:mbctype.obj
 0004:000008f4       $pdata$?setSBUpLow@@YAXPEAU__crt_multibyte_data@@@Z 000000018001b8f4     libucrt:mbctype.obj
 0004:00000900       $pdata$?setmbcp_internal@@YAHH_N@Z 000000018001b900     libucrt:mbctype.obj
 0004:0000090c       $pdata$__acrt_initialize_multibyte 000000018001b90c     libucrt:mbctype.obj
 0004:00000918       $pdata$__acrt_update_thread_multibyte_data 000000018001b918     libucrt:mbctype.obj
 0004:00000924       $pdata$_setmbcp_nolock     000000018001b924     libucrt:mbctype.obj
 0004:00000930       $pdata$?x_ismbbtype_l@@YAHPEAU__crt_locale_pointers@@IHH@Z 000000018001b930     libucrt:ismbbyte.obj
 0004:0000093c       $pdata$__acrt_initialize_command_line 000000018001b93c     libucrt:argv_data.obj
 0004:00000948       $pdata$__dcrt_get_narrow_environment_from_os 000000018001b948     libucrt:get_environment_from_os.obj
 0004:00000954       $pdata$_recalloc_base      000000018001b954     libucrt:recalloc.obj
 0004:00000960       $pdata$__acrt_initialize_heap 000000018001b960     libucrt:heap_handle.obj
 0004:0000096c       $pdata$?initialize_inherited_file_handles_nolock@@YAXXZ 000000018001b96c     libucrt:ioinit.obj
 0004:00000978       $pdata$?initialize_stdio_handles_nolock@@YAXXZ 000000018001b978     libucrt:ioinit.obj
 0004:00000984       $pdata$__acrt_initialize_lowio 000000018001b984     libucrt:ioinit.obj
 0004:00000990       $pdata$__acrt_uninitialize_lowio 000000018001b990     libucrt:ioinit.obj
 0004:0000099c       $pdata$__acrt_execute_initializers 000000018001b99c     libucrt:shared_initialization.obj
 0004:000009a8       $pdata$__acrt_execute_uninitializers 000000018001b9a8     libucrt:shared_initialization.obj
 0004:000009b4       $pdata$??$?RV<lambda_c36588078e9f5dfd39652860aa6b3aaf>@@AEAV<lambda_ec61778202f4f5fc7e7711acc23c3bca>@@V<lambda_dc9d2797ccde5d239b4a0efae8ebd7db>@@@?$__crt_seh_guarded_call@P6AXH@Z@@QEAAP6AXH@Z$$QEAV<lambda_c36588078e9f5dfd39652860aa6b3aaf>@@AEAV<lambda_ec61778202f4f5fc7e7711acc23c3bca>@@$$QEAV<lambda_dc9d2797ccde5d239b4a0efae8ebd7db>@@@Z 000000018001b9b4     libucrt:signal.obj
 0004:000009c0       $pdata$__acrt_get_sigabrt_handler 000000018001b9c0     libucrt:signal.obj
 0004:000009cc       $pdata$raise               000000018001b9cc     libucrt:signal.obj
 0004:000009d8       $pdata$__acrt_invoke_user_matherr 000000018001b9d8     libucrt:matherr.obj
 0004:000009e4       $pdata$_mbtowc_l           000000018001b9e4     libucrt:mbtowc.obj
 0004:000009f0       $pdata$_fileno             000000018001b9f0     libucrt:fileno.obj
 0004:000009fc       $pdata$__acrt_initialize_stdio 000000018001b9fc     libucrt:_file.obj
 0004:00000a08       $pdata$__acrt_uninitialize_stdio 000000018001ba08     libucrt:_file.obj
 0004:00000a14       $pdata$__pctype_func       000000018001ba14     libucrt:ctype.obj
 0004:00000a20       $pdata$_isctype_l          000000018001ba20     libucrt:isctype.obj
 0004:00000a2c       $pdata$__acrt_free_locale  000000018001ba2c     libucrt:locale_refcounting.obj
 0004:00000a38       $pdata$__acrt_locale_free_lc_time_if_unreferenced 000000018001ba38     libucrt:locale_refcounting.obj
 0004:00000a44       $pdata$__acrt_release_locale_ref 000000018001ba44     libucrt:locale_refcounting.obj
 0004:00000a50       $pdata$__acrt_update_thread_locale_data 000000018001ba50     libucrt:locale_refcounting.obj
 0004:00000a5c       $pdata$_updatetlocinfoEx_nolock 000000018001ba5c     libucrt:locale_refcounting.obj
 0004:00000a68       $pdata$_isleadbyte_l       000000018001ba68     libucrt:_wctype.obj
 0004:00000a74       $pdata$?__acrt_LCMapStringA_stat@@YAHPEAU__crt_locale_pointers@@PEB_WKPEBDHPEADHHH@Z 000000018001ba74     libucrt:lcmapstringa.obj
 0004:00000a80       $pdata$__acrt_LCMapStringA 000000018001ba80     libucrt:lcmapstringa.obj
 0004:00000a8c       $pdata$__acrt_locale_free_monetary 000000018001ba8c     libucrt:initmon.obj
 0004:00000a98       $pdata$__acrt_locale_free_numeric 000000018001ba98     libucrt:initnum.obj
 0004:00000aa4       $pdata$?free_crt_array_internal@@YAXQEAPEBX_K@Z 000000018001baa4     libucrt:inittime.obj
 0004:00000ab0       $pdata$__acrt_locale_free_time 000000018001bab0     libucrt:inittime.obj
 0004:00000abc       $pdata$__acrt_GetStringTypeA 000000018001babc     libucrt:getstringtypea.obj
 0004:00000ac8       $pdata$?GetTableIndexFromLocaleName@@YAHPEB_W@Z 000000018001bac8     libucrt:lcidtoname_downlevel.obj
 0004:00000ad4       $pdata$__acrt_DownlevelLocaleNameToLCID 000000018001bad4     libucrt:lcidtoname_downlevel.obj
 0004:00000ae0       $pdata$?shortsort@@YAXPEAD0_KP6AHPEBX2@Z@Z 000000018001bae0     libucrt:qsort.obj
 0004:00000aec       $pdata$2$?shortsort@@YAXPEAD0_KP6AHPEBX2@Z@Z 000000018001baec     libucrt:qsort.obj
 0004:00000af8       $pdata$3$?shortsort@@YAXPEAD0_KP6AHPEBX2@Z@Z 000000018001baf8     libucrt:qsort.obj
 0004:00000b04       $pdata$qsort               000000018001bb04     libucrt:qsort.obj
 0004:00000b10       $pdata$4$qsort             000000018001bb10     libucrt:qsort.obj
 0004:00000b1c       $pdata$5$qsort             000000018001bb1c     libucrt:qsort.obj
 0004:00000b28       $pdata$strncpy_s           000000018001bb28     libucrt:strncpy_s.obj
 0004:00000b34       $pdata$strpbrk             000000018001bb34     libucrt:strpbrk.obj
 0004:00000b40       $pdata$_mbsdec_l           000000018001bb40     libucrt:mbsdec.obj
 0004:00000b4c       $pdata$?initialize_multibyte@@YAHXZ 000000018001bb4c     libucrt:multibyte_initializer.obj
 0004:00000b58       $pdata$_msize              000000018001bb58     libucrt:msize.obj
 0004:00000b64       $pdata$_realloc_base       000000018001bb64     libucrt:realloc_base.obj
 0004:00000b70       $pdata$__acrt_lowio_create_handle_array 000000018001bb70     libucrt:osfinfo.obj
 0004:00000b7c       $pdata$__acrt_lowio_destroy_handle_array 000000018001bb7c     libucrt:osfinfo.obj
 0004:00000b88       $pdata$__acrt_lowio_ensure_fh_exists 000000018001bb88     libucrt:osfinfo.obj
 0004:00000b94       $pdata$_free_osfhnd        000000018001bb94     libucrt:osfinfo.obj
 0004:00000ba0       $pdata$_get_osfhandle      000000018001bba0     libucrt:osfinfo.obj
 0004:00000bac       $pdata$_isatty             000000018001bbac     libucrt:isatty.obj
 0004:00000bb8       $pdata$__acrt_stdio_flush_nolock 000000018001bbb8     libucrt:fflush.obj
 0004:00000bc4       $pdata$_fflush_nolock      000000018001bbc4     libucrt:fflush.obj
 0004:00000bd0       $pdata$common_flush_all    000000018001bbd0     libucrt:fflush.obj
 0004:00000bdc       $pdata$_fcloseall          000000018001bbdc     libucrt:closeall.obj
 0004:00000be8       $pdata$__acrt_stdio_free_buffer_nolock 000000018001bbe8     libucrt:_freebuf.obj
 0004:00000bf4       $pdata$??$?RV<lambda_b521505b218e5242e90febf6bfebc422>@@AEAV<lambda_6978c1fb23f02e42e1d9e99668cc68aa>@@V<lambda_314360699dd331753a4119843814e9a7>@@@?$__crt_seh_guarded_call@H@@QEAAH$$QEAV<lambda_b521505b218e5242e90febf6bfebc422>@@AEAV<lambda_6978c1fb23f02e42e1d9e99668cc68aa>@@$$QEAV<lambda_314360699dd331753a4119843814e9a7>@@@Z 000000018001bbf4     libucrt:commit.obj
 0004:00000c00       $pdata$_commit             000000018001bc00     libucrt:commit.obj
 0004:00000c0c       $pdata$?write_double_translated_ansi_nolock@@YA?AUwrite_result@?A0x9c548279@@HQEBDI@Z 000000018001bc0c     libucrt:write.obj
 0004:00000c18       $pdata$?write_text_ansi_nolock@@YA?AUwrite_result@?A0x9c548279@@HQEBDI@Z 000000018001bc18     libucrt:write.obj
 0004:00000c24       $pdata$?write_text_utf16le_nolock@@YA?AUwrite_result@?A0x9c548279@@HQEBDI@Z 000000018001bc24     libucrt:write.obj
 0004:00000c30       $pdata$?write_text_utf8_nolock@@YA?AUwrite_result@?A0x9c548279@@HQEBDI@Z 000000018001bc30     libucrt:write.obj
 0004:00000c3c       $pdata$_write              000000018001bc3c     libucrt:write.obj
 0004:00000c48       $pdata$_write_nolock       000000018001bc48     libucrt:write.obj
 0004:00000c60       $pdata$??$common_lseek_nolock@_J@@YA_JH_JH@Z 000000018001bc60     libucrt:lseek.obj
 0004:00000c6c       $pdata$_fclose_nolock      000000018001bc6c     libucrt:fclose.obj
 0004:00000c78       $pdata$fclose              000000018001bc78     libucrt:fclose.obj
 0004:00000c84       $pdata$_putwch_nolock      000000018001bc84     libucrt:putwch.obj
 0004:00000c90       $pdata$_call_matherr       000000018001bc90     libucrt:libm_error.obj
 0004:00000c9c       $pdata$_exception_enabled  000000018001bc9c     libucrt:libm_error.obj
 0004:00000ca8       $pdata$_handle_error       000000018001bca8     libucrt:libm_error.obj
 0004:00000cb4       $pdata$__acrt_initialize_fma3 000000018001bcb4     libucrt:fma3_available.obj
 0004:00000cc0       $pdata$_log10_special      000000018001bcc0     libucrt:log_special.obj
 0004:00000ccc       $pdata$_log_special_common 000000018001bccc     libucrt:log_special.obj
 0004:00000cd8       $pdata$??$?RV<lambda_bfedae4ebbf01fab1bb6dcc6a9e276e0>@@AEAV<lambda_2fe9b910cf3cbf4a0ab98a02ba45b3ec>@@V<lambda_237c231691f317818eb88cc1d5d642d6>@@@?$__crt_seh_guarded_call@H@@QEAAH$$QEAV<lambda_bfedae4ebbf01fab1bb6dcc6a9e276e0>@@AEAV<lambda_2fe9b910cf3cbf4a0ab98a02ba45b3ec>@@$$QEAV<lambda_237c231691f317818eb88cc1d5d642d6>@@@Z 000000018001bcd8     libucrt:close.obj
 0004:00000ce4       $pdata$_close              000000018001bce4     libucrt:close.obj
 0004:00000cf0       $pdata$_close_nolock       000000018001bcf0     libucrt:close.obj
 0004:00000cfc       $pdata$__dcrt_lowio_initialize_console_output 000000018001bcfc     libucrt:initcon.obj
 0004:00000d08       $pdata$__dcrt_terminate_console_output 000000018001bd08     libucrt:initcon.obj
 0004:00000d20       $pdata$_raise_exc          000000018001bd20     libucrt:fpexcept.obj
 0004:00000d2c       $pdata$_raise_exc_ex       000000018001bd2c     libucrt:fpexcept.obj
 0004:00000d38       $pdata$_set_errno_from_matherr 000000018001bd38     libucrt:fpexcept.obj
 0004:00000d44       $pdata$_clrfp              000000018001bd44     libucrt:fpctrl.obj
 0004:00000d50       $pdata$_ctrlfp             000000018001bd50     libucrt:fpctrl.obj
 0004:00000d5c       $pdata$_set_statfp         000000018001bd5c     libucrt:fpctrl.obj
 0004:00000d68       $pdata$_statfp             000000018001bd68     libucrt:fpctrl.obj
 0004:00000d74       $pdata$?DloadAcquireSectionWriteAccess@@YAXXZ 000000018001bd74     DelayImp:delayhlp.obj
 0004:00000d80       $pdata$?DloadGetSRWLockFunctionPointers@@YAEXZ 000000018001bd80     DelayImp:delayhlp.obj
 0004:00000d8c       $pdata$?DloadMakePermanentImageCommit@@YAXPEAX_K@Z 000000018001bd8c     DelayImp:delayhlp.obj
 0004:00000d98       $pdata$?DloadObtainSection@@YAPEAXPEAK0@Z 000000018001bd98     DelayImp:delayhlp.obj
 0004:00000da4       $pdata$?DloadProtectSection@@YAXKPEAK@Z 000000018001bda4     DelayImp:delayhlp.obj
 0004:00000db0       $pdata$?DloadReleaseSectionWriteAccess@@YAXXZ 000000018001bdb0     DelayImp:delayhlp.obj
 0004:00000dbc       $pdata$__delayLoadHelper2  000000018001bdbc     DelayImp:delayhlp.obj
 0004:00000dc8       $pdata$_IsNonwritableInCurrentImage 000000018001bdc8     LIBCMT:pesect.obj
 0004:00000dd4       $pdata$__GSHandlerCheck    000000018001bdd4     LIBCMT:_gshandler_.obj
 0004:00000de0       $pdata$__GSHandlerCheckCommon 000000018001bde0     LIBCMT:_gshandler_.obj
 0004:00000e10       $pdata$?fin$0@?0??dllmain_crt_process_attach@@YAHQEAUHINSTANCE__@@QEAX@Z@4HA 000000018001be10     LIBCMT:dll_dllmain.obj
 0004:00000e1c       $pdata$?fin$0@?0??dllmain_crt_process_detach@@YAH_N@Z@4HA 000000018001be1c     LIBCMT:dll_dllmain.obj
 0004:00000e28       $pdata$?filt$0@?0??dllmain_dispatch@@YAHQEAUHINSTANCE__@@KQEAX@Z@4HA 000000018001be28     LIBCMT:dll_dllmain.obj
 0004:00000e34       $pdata$__scrt_is_nonwritable_in_current_image$filt$0 000000018001be34     LIBCMT:utility.obj
 0004:00000e40       $pdata$_query_new_handler$fin$0 000000018001be40     libucrt:new_handler.obj
 0004:00000e4c       $pdata$?filt$0@?0??common_exit@@YAXHW4_crt_exit_cleanup_mode@@W4_crt_exit_return_mode@@@Z@4HA 000000018001be4c     libucrt:exit.obj
 0004:00000e58       $pdata$?fin$1@?0??common_exit@@YAXHW4_crt_exit_cleanup_mode@@W4_crt_exit_return_mode@@@Z@4HA 000000018001be58     libucrt:exit.obj
 0004:00000e64       $pdata$?fin$0@?0???$?RV<lambda_e24bbb7b643b32fcea6fa61b31d4c984>@@AEAV<lambda_275893d493268fdec8709772e3fcec0e>@@V<lambda_9d71df4d7cf3f480f8d633942495c3b0>@@@?$__crt_seh_guarded_call@H@@QEAAH$$QEAV<lambda_e24bbb7b643b32fcea6fa61b31d4c984>@@AEAV<lambda_275893d493268fdec8709772e3fcec0e>@@$$QEAV<lambda_9d71df4d7cf3f480f8d633942495c3b0>@@@Z@4HA 000000018001be64     libucrt:onexit.obj
 0004:00000e70       $pdata$?fin$0@?0???$?RV<lambda_5e887d1dcbef67a5eb4283622ba103bf>@@AEAV<lambda_4466841279450cc726390878d4a41900>@@V<lambda_341c25c0346d94847f1f3c463c57e077>@@@?$__crt_seh_guarded_call@X@@QEAAX$$QEAV<lambda_5e887d1dcbef67a5eb4283622ba103bf>@@AEAV<lambda_4466841279450cc726390878d4a41900>@@$$QEAV<lambda_341c25c0346d94847f1f3c463c57e077>@@@Z@4HA 000000018001be70     libucrt:per_thread_data.obj
 0004:00000e70       $pdata$?fin$0@?0???$?RV<lambda_b8c45f8f788dd370798f47cfe8ac3a86>@@AEAV<lambda_4e60a939b0d047cfe11ddc22648dfba9>@@V<lambda_332c3edc96d0294ec56c57d38c1cdfd5>@@@?$__crt_seh_guarded_call@H@@QEAAH$$QEAV<lambda_b8c45f8f788dd370798f47cfe8ac3a86>@@AEAV<lambda_4e60a939b0d047cfe11ddc22648dfba9>@@$$QEAV<lambda_332c3edc96d0294ec56c57d38c1cdfd5>@@@Z@4HA 000000018001be70     libucrt:onexit.obj
 0004:00000e70       $pdata$?fin$0@?0???$?RV<lambda_fb3a7dec4e47f37f22dae91bb15c9095>@@AEAV<lambda_698284760c8add0bfb0756c19673e34b>@@V<lambda_dfb8eca1e75fef3034a8fb18dd509707>@@@?$__crt_seh_guarded_call@X@@QEAAX$$QEAV<lambda_fb3a7dec4e47f37f22dae91bb15c9095>@@AEAV<lambda_698284760c8add0bfb0756c19673e34b>@@$$QEAV<lambda_dfb8eca1e75fef3034a8fb18dd509707>@@@Z@4HA 000000018001be70     libucrt:per_thread_data.obj
 0004:00000e70       $pdata$?fin$0@?0???$?RV<lambda_99476a1ad63dd22509b5d3e65b0ffc95>@@AEAV<lambda_ad1ced32f4ac17aa236e5ef05d6b3b7c>@@V<lambda_f7424dd8d45958661754dc4f2697e9c3>@@@?$__crt_seh_guarded_call@X@@QEAAX$$QEAV<lambda_99476a1ad63dd22509b5d3e65b0ffc95>@@AEAV<lambda_ad1ced32f4ac17aa236e5ef05d6b3b7c>@@$$QEAV<lambda_f7424dd8d45958661754dc4f2697e9c3>@@@Z@4HA 000000018001be70     libucrt:mbctype.obj
 0004:00000e70       $pdata$?fin$0@?0???$?RV<lambda_46352004c1216016012b18bd6f87e700>@@AEAV<lambda_3bd07e1a1191394380780325891bf33f>@@V<lambda_334532d3f185bcaa59b5be82d7d22bff>@@@?$__crt_seh_guarded_call@X@@QEAAX$$QEAV<lambda_46352004c1216016012b18bd6f87e700>@@AEAV<lambda_3bd07e1a1191394380780325891bf33f>@@$$QEAV<lambda_334532d3f185bcaa59b5be82d7d22bff>@@@Z@4HA 000000018001be70     libucrt:per_thread_data.obj
 0004:00000e70       $pdata$?fin$0@?0???$?RV<lambda_72d1df2b273a38828b1ce30cbf4cdab5>@@AEAV<lambda_876a65b173b8412d3a47c70a915b0cf4>@@V<lambda_41932305e351933ebe8f8be3ed8bb5dc>@@@?$__crt_seh_guarded_call@X@@QEAAX$$QEAV<lambda_72d1df2b273a38828b1ce30cbf4cdab5>@@AEAV<lambda_876a65b173b8412d3a47c70a915b0cf4>@@$$QEAV<lambda_41932305e351933ebe8f8be3ed8bb5dc>@@@Z@4HA 000000018001be70     libucrt:per_thread_data.obj
 0004:00000e70       $pdata$?fin$0@?0???$?RV<lambda_c36588078e9f5dfd39652860aa6b3aaf>@@AEAV<lambda_ec61778202f4f5fc7e7711acc23c3bca>@@V<lambda_dc9d2797ccde5d239b4a0efae8ebd7db>@@@?$__crt_seh_guarded_call@P6AXH@Z@@QEAAP6AXH@Z$$QEAV<lambda_c36588078e9f5dfd39652860aa6b3aaf>@@AEAV<lambda_ec61778202f4f5fc7e7711acc23c3bca>@@$$QEAV<lambda_dc9d2797ccde5d239b4a0efae8ebd7db>@@@Z@4HA 000000018001be70     libucrt:signal.obj
 0004:00000e7c       $pdata$__acrt_update_thread_multibyte_data$fin$0 000000018001be7c     libucrt:mbctype.obj
 0004:00000e88       $pdata$raise$fin$0         000000018001be88     libucrt:signal.obj
 0004:00000e94       $pdata$__acrt_uninitialize_locale$fin$0 000000018001be94     libucrt:wsetlocale.obj
 0004:00000e94       $pdata$__acrt_update_thread_locale_data$fin$0 000000018001be94     libucrt:locale_refcounting.obj
 0004:00000ea0       $pdata$__acrt_initialize_lowio$fin$0 000000018001bea0     libucrt:ioinit.obj
 0004:00000ea0       $pdata$__acrt_lowio_ensure_fh_exists$fin$0 000000018001bea0     libucrt:osfinfo.obj
 0004:00000eac       $pdata$common_flush_all$fin$0 000000018001beac     libucrt:fflush.obj
 0004:00000eb8       $pdata$common_flush_all$fin$1 000000018001beb8     libucrt:fflush.obj
 0004:00000ec4       $pdata$_fcloseall$fin$0    000000018001bec4     libucrt:closeall.obj
 0004:00000ed0       $pdata$?fin$0@?0???$?RV<lambda_bfedae4ebbf01fab1bb6dcc6a9e276e0>@@AEAV<lambda_2fe9b910cf3cbf4a0ab98a02ba45b3ec>@@V<lambda_237c231691f317818eb88cc1d5d642d6>@@@?$__crt_seh_guarded_call@H@@QEAAH$$QEAV<lambda_bfedae4ebbf01fab1bb6dcc6a9e276e0>@@AEAV<lambda_2fe9b910cf3cbf4a0ab98a02ba45b3ec>@@$$QEAV<lambda_237c231691f317818eb88cc1d5d642d6>@@@Z@4HA 000000018001bed0     libucrt:close.obj
 0004:00000ed0       $pdata$?fin$0@?0???$?RV<lambda_b521505b218e5242e90febf6bfebc422>@@AEAV<lambda_6978c1fb23f02e42e1d9e99668cc68aa>@@V<lambda_314360699dd331753a4119843814e9a7>@@@?$__crt_seh_guarded_call@H@@QEAAH$$QEAV<lambda_b521505b218e5242e90febf6bfebc422>@@AEAV<lambda_6978c1fb23f02e42e1d9e99668cc68aa>@@$$QEAV<lambda_314360699dd331753a4119843814e9a7>@@@Z@4HA 000000018001bed0     libucrt:commit.obj
 0004:00000edc       $pdata$_write$fin$0        000000018001bedc     libucrt:write.obj
 0004:00000ee8       $pdata$fclose$fin$0        000000018001bee8     libucrt:fclose.obj
 0004:00000ef4       $pdata$_ctrlfp$filt$0      000000018001bef4     libucrt:fpctrl.obj
 0004:00000f00       $pdata$_IsNonwritableInCurrentImage$filt$0 000000018001bf00     LIBCMT:pesect.obj
 0005:00000000       __guard_fids__             000000018001c000     libucrt:initialization.obj
 0005:00000060       __guard_fids___acrt_initialize_ptd 000000018001c060     libucrt:per_thread_data.obj
 0005:00000064       __guard_fids_??$expand_argument_wildcards@D@@YAHQEAD0AEAV?$argument_list@D@?A0xca0879c4@@@Z 000000018001c064     libucrt:argv_wildcards.obj
 0005:00000068       __guard_fids__             000000018001c068     libucrt:locale_initializer.obj
 0005:0000006c       __guard_fids__             000000018001c06c     libucrt:multibyte_initializer.obj
 0005:00000070       __guard_fids__             000000018001c070     libucrt:stdio_initializer.obj
 0005:00000074       __guard_fids__             000000018001c074     libucrt:stdio_initializer.obj
 0005:00000078       __guard_fids__             000000018001c078     libucrt:fma3_initializer.obj
 0005:0000007c       __guard_fids__             000000018001c07c     libucrt:console_output_initializer.obj
 0005:00000080       __guard_fids__             000000018001c080     libcpmt:xthrow.obj
 0005:00000088       __guard_fids__             000000018001c088     libcpmt:xthrow.obj
 0005:00000090       __guard_fids__             000000018001c090     libcpmt:xthrow.obj
 0005:00000098       __guard_fids__             000000018001c098     libcpmt:xthrow.obj
 0005:000000a0       __guard_fids__             000000018001c0a0     libcpmt:xthrow.obj
 0005:000000a8       __guard_fids_?dllmain_crt_process_attach@@YAHQEAUHINSTANCE__@@QEAX@Z 000000018001c0a8     LIBCMT:dll_dllmain.obj
 0005:000000b0       __guard_fids_?dllmain_dispatch@@YAHQEAUHINSTANCE__@@KQEAX@Z 000000018001c0b0     LIBCMT:dll_dllmain.obj
 0005:000000b4       __guard_fids__             000000018001c0b4     LIBCMT:std_type_info_static.obj
 0005:000000b8       __guard_fids__             000000018001c0b8     LIBCMT:throw_bad_alloc.obj
 0005:000000c0       __guard_fids__             000000018001c0c0     LIBCMT:guard_support.obj
 0005:000000c4       __guard_fids___vcrt_initialize_ptd 000000018001c0c4     libvcruntime:per_thread_data.obj
 0006:00000060       $R000000                   000000018001d060     * linker generated manifest res *

 Exports

  ordinal    name

        1    _register_camera_
