 wifi

 Timestamp is 590da9f9 (Sat May  6 18:48:25 2017)

 Preferred load address is 0000000180000000

 Start         Length     Name                   Class
 0001:00000000 00000070H .text$di                CODE
 0001:00000070 00019ee0H .text$mn                CODE
 0001:00019f50 00000020H .text$mn$00             CODE
 0001:00019f70 000003e0H .text$x                 CODE
 0001:0001a350 000000fcH .text$yd                CODE
 0002:00000000 000002d8H .idata$5                DATA
 0002:000002d8 00000010H .00cfg                  DATA
 0002:000002e8 00000008H .CRT$XCA                DATA
 0002:000002f0 00000018H .CRT$XCC                DATA
 0002:00000308 00000010H .CRT$XCL                DATA
 0002:00000318 00000008H .CRT$XCU                DATA
 0002:00000320 00000008H .CRT$XCZ                DATA
 0002:00000328 00000008H .CRT$XIA                DATA
 0002:00000330 00000030H .CRT$XIC                DATA
 0002:00000360 00000008H .CRT$XIZ                DATA
 0002:00000368 00000008H .CRT$XLA                DATA
 0002:00000370 00000008H .CRT$XLZ                DATA
 0002:00000378 00000008H .CRT$XPA                DATA
 0002:00000380 00000010H .CRT$XPX                DATA
 0002:00000390 00000008H .CRT$XPXA               DATA
 0002:00000398 00000008H .CRT$XPZ                DATA
 0002:000003a0 00000008H .CRT$XTA                DATA
 0002:000003a8 00000008H .CRT$XTZ                DATA
 0002:000003b0 0000ebf8H .rdata                  DATA
 0002:0000efa8 00000028H .rdata$T                DATA
 0002:0000efd0 00000764H .rdata$r                DATA
 0002:0000f734 0000047cH .rdata$zzzdbg           DATA
 0002:0000fbb0 00000008H .rtc$IAA                DATA
 0002:0000fbb8 00000008H .rtc$IZZ                DATA
 0002:0000fbc0 00000008H .rtc$TAA                DATA
 0002:0000fbc8 00000008H .rtc$TZZ                DATA
 0002:0000fbd0 00001670H .xdata                  DATA
 0002:00011240 00000244H .xdata$x                DATA
 0002:00011484 00000020H .didat$2                DATA
 0002:000114a4 00000024H .didat$3                DATA
 0002:000114c8 00000070H .didat$4                DATA
 0002:00011538 00000348H .didat$6                DATA
 0002:00011880 00000070H .didat$7                DATA
 0002:000118f0 0000004cH .edata                  DATA
 0002:0001193c 0000003cH .idata$2                DATA
 0002:00011978 00000018H .idata$3                DATA
 0002:00011990 000002d8H .idata$4                DATA
 0002:00011c68 00000690H .idata$6                DATA
 0003:00000000 00000a50H .data                   DATA
 0003:00000a50 00000268H .data$r                 DATA
 0003:00000cb8 00000078H .didat$5                DATA
 0003:00000d30 0000183cH .bss                    DATA
 0004:00000000 00001a1cH .pdata                  DATA
 0005:00000000 000000b4H .gfids$x                DATA
 0005:000000b4 000000dcH .gfids$y                DATA
 0006:00000000 00000004H .tls                    DATA
 0006:00000004 00000004H .tls$                   DATA
 0006:00000008 00000001H .tls$ZZZ                DATA
 0007:00000000 00000060H .rsrc$01                DATA
 0007:00000060 00000180H .rsrc$02                DATA

  Address         Publics by Value              Rva+Base               Lib:Object

 0000:00000000       __guard_iat_count          0000000000000000     <absolute>
 0000:00000000       __dynamic_value_reloc_table 0000000000000000     <absolute>
 0000:00000000       __guard_iat_table          0000000000000000     <absolute>
 0000:00000000       __guard_longjmp_table      0000000000000000     <absolute>
 0000:00000000       __guard_longjmp_count      0000000000000000     <absolute>
 0000:00000000       __guard_fids_count         0000000000000000     <absolute>
 0000:00000000       ___safe_se_handler_table   0000000000000000     <absolute>
 0000:00000000       ___safe_se_handler_count   0000000000000000     <absolute>
 0000:00000000       __guard_fids_table         0000000000000000     <absolute>
 0000:00000100       __guard_flags              0000000000000100     <absolute>
 0000:00000000       __ImageBase                0000000180000000     <linker-defined>
 0001:00000070       ?NODE_SET_METHOD@node@@YAXV?$Local@VObject@v8@@@v8@@PEBDP6AXAEBV?$FunctionCallbackInfo@VValue@v8@@@3@@Z@Z 0000000180001070 f i wifi.obj
 0001:00000130       ?what@exception@stdext@@UEBAPEBDXZ 0000000180001130 f i wifi.obj
 0001:00000150       _guard_check_icall_nop     0000000180001150 f i LIBCMT:guard_support.obj
 0001:00000150       ?_Unlock@?$basic_streambuf@DU?$char_traits@D@std@@@std@@UEAAXXZ 0000000180001150 f i wifi.obj
 0001:00000150       ?_Doraise@exception@stdext@@MEBAXXZ 0000000180001150 f i wifi.obj
 0001:00000150       __except_validate_context_record 0000000180001150 f i libvcruntime:jbcxrval.obj
 0001:00000150       ?imbue@?$basic_streambuf@DU?$char_traits@D@std@@@std@@MEAAXAEBVlocale@2@@Z 0000000180001150 f i wifi.obj
 0001:00000150       ?_Lock@?$basic_streambuf@DU?$char_traits@D@std@@@std@@UEAAXXZ 0000000180001150 f i wifi.obj
 0001:00000160       ??_Gruntime_error@std@@UEAAPEAXI@Z 0000000180001160 f i wifi.obj
 0001:00000160       ??_Eexception@stdext@@UEAAPEAXI@Z 0000000180001160 f i * CIL library *:* CIL module *
 0001:00000160       ??_Eruntime_error@std@@UEAAPEAXI@Z 0000000180001160 f i * CIL library *:* CIL module *
 0001:00000160       ??_Gexception@stdext@@UEAAPEAXI@Z 0000000180001160 f i wifi.obj
 0001:00000190       ?_Doraise@runtime_error@std@@MEBAXXZ 0000000180001190 f i wifi.obj
 0001:00000190       ?_Doraise@failure@ios_base@std@@MEBAXXZ 0000000180001190 f i wifi.obj
 0001:000001b0       ??0_Locinfo@std@@QEAA@PEBD@Z 00000001800011b0 f i wifi.obj
 0001:00000270       ??1_Locinfo@std@@QEAA@XZ   0000000180001270 f i wifi.obj
 0001:00000310       ??_G_Facet_base@std@@UEAAPEAXI@Z 0000000180001310 f i wifi.obj
 0001:00000310       ??_E_Facet_base@std@@UEAAPEAXI@Z 0000000180001310 f i * CIL library *:* CIL module *
 0001:00000340       ?_Incref@facet@locale@std@@UEAAXXZ 0000000180001340 f i wifi.obj
 0001:00000350       ?_Decref@facet@locale@std@@UEAAPEAV_Facet_base@3@XZ 0000000180001350 f i wifi.obj
 0001:00000360       ?_Getcat@?$ctype@D@std@@SA_KPEAPEBVfacet@locale@2@PEBV42@@Z 0000000180001360 f i wifi.obj
 0001:00000420       ?do_tolower@?$ctype@D@std@@MEBADD@Z 0000000180001420 f i wifi.obj
 0001:00000430       ?do_tolower@?$ctype@D@std@@MEBAPEBDPEADPEBD@Z 0000000180001430 f i wifi.obj
 0001:00000490       ?do_toupper@?$ctype@D@std@@MEBADD@Z 0000000180001490 f i wifi.obj
 0001:000004a0       ?do_toupper@?$ctype@D@std@@MEBAPEBDPEADPEBD@Z 00000001800014a0 f i wifi.obj
 0001:00000500       ?do_narrow@?$ctype@D@std@@MEBADDD@Z 0000000180001500 f i wifi.obj
 0001:00000500       ?do_widen@?$ctype@D@std@@MEBADD@Z 0000000180001500 f i wifi.obj
 0001:00000510       ?do_widen@?$ctype@D@std@@MEBAPEBDPEBD0PEAD@Z 0000000180001510 f i wifi.obj
 0001:00000530       ?do_narrow@?$ctype@D@std@@MEBAPEBDPEBD0DPEAD@Z 0000000180001530 f i wifi.obj
 0001:00000550       ??_G?$ctype@D@std@@MEAAPEAXI@Z 0000000180001550 f i wifi.obj
 0001:00000550       ??_E?$ctype@D@std@@MEAAPEAXI@Z 0000000180001550 f i * CIL library *:* CIL module *
 0001:000005c0       ??_G_Iostream_error_category@std@@UEAAPEAXI@Z 00000001800015c0 f i wifi.obj
 0001:000005c0       ??_Gerror_category@std@@UEAAPEAXI@Z 00000001800015c0 f i wifi.obj
 0001:000005c0       ??_Eerror_category@std@@UEAAPEAXI@Z 00000001800015c0 f i * CIL library *:* CIL module *
 0001:000005c0       ??_E_Iostream_error_category@std@@UEAAPEAXI@Z 00000001800015c0 f i * CIL library *:* CIL module *
 0001:000005f0       ?default_error_condition@error_category@std@@UEBA?AVerror_condition@2@H@Z 00000001800015f0 f i wifi.obj
 0001:00000600       ?equivalent@error_category@std@@UEBA_NHAEBVerror_condition@2@@Z 0000000180001600 f i wifi.obj
 0001:00000620       ?equivalent@error_category@std@@UEBA_NAEBVerror_code@2@H@Z 0000000180001620 f i wifi.obj
 0001:00000640       ??0_System_error@std@@IEAA@Verror_code@1@AEBV?$basic_string@DU?$char_traits@D@std@@V?$allocator@D@2@@1@@Z 0000000180001640 f i wifi.obj
 0001:00000850       ??_G_System_error@std@@UEAAPEAXI@Z 0000000180001850 f i wifi.obj
 0001:00000850       ??_Efailure@ios_base@std@@UEAAPEAXI@Z 0000000180001850 f i * CIL library *:* CIL module *
 0001:00000850       ??_Gfailure@ios_base@std@@UEAAPEAXI@Z 0000000180001850 f i wifi.obj
 0001:00000850       ??_E_System_error@std@@UEAAPEAXI@Z 0000000180001850 f i * CIL library *:* CIL module *
 0001:00000880       ?name@_Iostream_error_category@std@@UEBAPEBDXZ 0000000180001880 f i wifi.obj
 0001:00000890       ?message@_Iostream_error_category@std@@UEBA?AV?$basic_string@DU?$char_traits@D@std@@V?$allocator@D@2@@2@H@Z 0000000180001890 f i wifi.obj
 0001:00000910       ?clear@ios_base@std@@QEAAXH_N@Z 0000000180001910 f i wifi.obj
 0001:00000c80       ??_Eios_base@std@@UEAAPEAXI@Z 0000000180001c80 f i * CIL library *:* CIL module *
 0001:00000c80       ??_Gios_base@std@@UEAAPEAXI@Z 0000000180001c80 f i wifi.obj
 0001:00000cc0       ?wifiScan@@YAXAEBV?$FunctionCallbackInfo@VValue@v8@@@v8@@@Z 0000000180001cc0 f   wifi.obj
 0001:000015e0       ?init@@YAXV?$Local@VObject@v8@@@v8@@@Z 00000001800025e0 f   wifi.obj
 0001:00001600       ??1?$basic_string@DU?$char_traits@D@std@@V?$allocator@D@2@@std@@QEAA@XZ 0000000180002600 f i wifi.obj
 0001:00001690       ??1?$basic_stringstream@DU?$char_traits@D@std@@V?$allocator@D@2@@std@@UEAA@XZ 0000000180002690 f i wifi.obj
 0001:000017c0       ?seekpos@?$basic_stringbuf@DU?$char_traits@D@std@@V?$allocator@D@2@@std@@MEAA?AV?$fpos@U_Mbstatet@@@2@V32@H@Z 00000001800027c0 f i wifi.obj
 0001:000018d0       ?seekoff@?$basic_stringbuf@DU?$char_traits@D@std@@V?$allocator@D@2@@std@@MEAA?AV?$fpos@U_Mbstatet@@@2@_JHH@Z 00000001800028d0 f i wifi.obj
 0001:00001a60       ?underflow@?$basic_stringbuf@DU?$char_traits@D@std@@V?$allocator@D@2@@std@@MEAAHXZ 0000000180002a60 f i wifi.obj
 0001:00001ac0       ?pbackfail@?$basic_stringbuf@DU?$char_traits@D@std@@V?$allocator@D@2@@std@@MEAAHH@Z 0000000180002ac0 f i wifi.obj
 0001:00001b10       ?overflow@?$basic_stringbuf@DU?$char_traits@D@std@@V?$allocator@D@2@@std@@MEAAHH@Z 0000000180002b10 f i wifi.obj
 0001:00001d80       ?sync@?$basic_streambuf@DU?$char_traits@D@std@@@std@@MEAAHXZ 0000000180002d80 f i wifi.obj
 0001:00001d80       ?showmanyc@?$basic_streambuf@DU?$char_traits@D@std@@@std@@MEAA_JXZ 0000000180002d80 f i wifi.obj
 0001:00001d90       ?setbuf@?$basic_streambuf@DU?$char_traits@D@std@@@std@@MEAAPEAV12@PEAD_J@Z 0000000180002d90 f i wifi.obj
 0001:00001da0       ?seekpos@?$basic_streambuf@DU?$char_traits@D@std@@@std@@MEAA?AV?$fpos@U_Mbstatet@@@2@V32@H@Z 0000000180002da0 f i wifi.obj
 0001:00001da0       ?seekoff@?$basic_streambuf@DU?$char_traits@D@std@@@std@@MEAA?AV?$fpos@U_Mbstatet@@@2@_JHH@Z 0000000180002da0 f i wifi.obj
 0001:00001dc0       ?xsputn@?$basic_streambuf@DU?$char_traits@D@std@@@std@@MEAA_JPEBD_J@Z 0000000180002dc0 f i wifi.obj
 0001:00001e80       ?xsgetn@?$basic_streambuf@DU?$char_traits@D@std@@@std@@MEAA_JPEAD_J@Z 0000000180002e80 f i wifi.obj
 0001:00001f80       ?uflow@?$basic_streambuf@DU?$char_traits@D@std@@@std@@MEAAHXZ 0000000180002f80 f i wifi.obj
 0001:00001fc0       ?underflow@?$basic_streambuf@DU?$char_traits@D@std@@@std@@MEAAHXZ 0000000180002fc0 f i wifi.obj
 0001:00001fc0       ?overflow@?$basic_streambuf@DU?$char_traits@D@std@@@std@@MEAAHH@Z 0000000180002fc0 f i wifi.obj
 0001:00001fc0       ?pbackfail@?$basic_streambuf@DU?$char_traits@D@std@@@std@@MEAAHH@Z 0000000180002fc0 f i wifi.obj
 0001:00001fd0       ??_E?$basic_stringstream@DU?$char_traits@D@std@@V?$allocator@D@2@@std@@UEAAPEAXI@Z 0000000180002fd0 f i * CIL library *:* CIL module *
 0001:00001fd0       ??_G?$basic_stringstream@DU?$char_traits@D@std@@V?$allocator@D@2@@std@@UEAAPEAXI@Z 0000000180002fd0 f i wifi.obj
 0001:00002020       ??_E?$basic_stringbuf@DU?$char_traits@D@std@@V?$allocator@D@2@@std@@UEAAPEAXI@Z 0000000180003020 f i * CIL library *:* CIL module *
 0001:00002020       ??_G?$basic_stringbuf@DU?$char_traits@D@std@@V?$allocator@D@2@@std@@UEAAPEAXI@Z 0000000180003020 f i wifi.obj
 0001:000020b0       ??_E?$basic_iostream@DU?$char_traits@D@std@@@std@@UEAAPEAXI@Z 00000001800030b0 f i * CIL library *:* CIL module *
 0001:000020b0       ??_G?$basic_iostream@DU?$char_traits@D@std@@@std@@UEAAPEAXI@Z 00000001800030b0 f i wifi.obj
 0001:000020f0       ??_E?$basic_ostream@DU?$char_traits@D@std@@@std@@UEAAPEAXI@Z 00000001800030f0 f i * CIL library *:* CIL module *
 0001:000020f0       ??_G?$basic_ostream@DU?$char_traits@D@std@@@std@@UEAAPEAXI@Z 00000001800030f0 f i wifi.obj
 0001:00002160       ??_G?$basic_istream@DU?$char_traits@D@std@@@std@@UEAAPEAXI@Z 0000000180003160 f i wifi.obj
 0001:00002160       ??_E?$basic_istream@DU?$char_traits@D@std@@@std@@UEAAPEAXI@Z 0000000180003160 f i * CIL library *:* CIL module *
 0001:000021d0       ??_G?$basic_streambuf@DU?$char_traits@D@std@@@std@@UEAAPEAXI@Z 00000001800031d0 f i wifi.obj
 0001:000021d0       ??_E?$basic_streambuf@DU?$char_traits@D@std@@@std@@UEAAPEAXI@Z 00000001800031d0 f i * CIL library *:* CIL module *
 0001:00002250       ??_Glocale@std@@QEAAPEAXI@Z 0000000180003250 f i wifi.obj
 0001:000022b0       ??_D?$basic_iostream@DU?$char_traits@D@std@@@std@@QEAAXXZ 00000001800032b0 f i wifi.obj
 0001:00002340       ?assign@?$basic_string@DU?$char_traits@D@std@@V?$allocator@D@2@@std@@QEAAAEAV12@PEBD_K@Z 0000000180003340 f i wifi.obj
 0001:00002470       ?assign@?$basic_string@DU?$char_traits@D@std@@V?$allocator@D@2@@std@@QEAAAEAV12@AEBV12@_K1@Z 0000000180003470 f i wifi.obj
 0001:000025a0       ?append@?$basic_string@DU?$char_traits@D@std@@V?$allocator@D@2@@std@@QEAAAEAV12@PEBD_K@Z 00000001800035a0 f i wifi.obj
 0001:000026f0       ?append@?$basic_string@DU?$char_traits@D@std@@V?$allocator@D@2@@std@@QEAAAEAV12@AEBV12@_K1@Z 00000001800036f0 f i wifi.obj
 0001:00002820       ?_Tidy@?$basic_stringbuf@DU?$char_traits@D@std@@V?$allocator@D@2@@std@@IEAAXXZ 0000000180003820 f i wifi.obj
 0001:000028e0       ?str@?$basic_stringbuf@DU?$char_traits@D@std@@V?$allocator@D@2@@std@@QEBA?AV?$basic_string@DU?$char_traits@D@std@@V?$allocator@D@2@@2@XZ 00000001800038e0 f i wifi.obj
 0001:00002a70       ?allocate@?$allocator@D@std@@QEAAPEAD_K@Z 0000000180003a70 f i wifi.obj
 0001:00002ad0       ?deallocate@?$allocator@D@std@@QEAAXPEAD_K@Z 0000000180003ad0 f i wifi.obj
 0001:00002b30       ?_Pnavail@?$basic_streambuf@DU?$char_traits@D@std@@@std@@IEBA_JXZ 0000000180003b30 f i wifi.obj
 0001:00002b50       ?_Gnavail@?$basic_streambuf@DU?$char_traits@D@std@@@std@@IEBA_JXZ 0000000180003b50 f i wifi.obj
 0001:00002b70       ?_Reallocate@?$vector@V?$basic_string@DU?$char_traits@D@std@@V?$allocator@D@2@@std@@V?$allocator@V?$basic_string@DU?$char_traits@D@std@@V?$allocator@D@2@@std@@@2@@std@@IEAAX_K@Z 0000000180003b70 f i wifi.obj
 0001:00002cb0       ?erase@?$basic_string@DU?$char_traits@D@std@@V?$allocator@D@2@@std@@QEAAAEAV12@_K0@Z 0000000180003cb0 f i wifi.obj
 0001:00002d80       ?_Copy@?$basic_string@DU?$char_traits@D@std@@V?$allocator@D@2@@std@@QEAAX_K0@Z 0000000180003d80 f i wifi.obj
 0001:00002f00       ??$use_facet@V?$ctype@D@std@@@std@@YAAEBV?$ctype@D@0@AEBVlocale@0@@Z 0000000180003f00 f i wifi.obj
 0001:00003030       ??$_Immortalize@V_Iostream_error_category@std@@@std@@YAAEAV_Iostream_error_category@0@XZ 0000000180004030 f i wifi.obj
 0001:000030b0       ??$?6U?$char_traits@D@std@@@std@@YAAEAV?$basic_ostream@DU?$char_traits@D@std@@@0@AEAV10@D@Z 00000001800040b0 f i wifi.obj
 0001:00003340       ??$_Destroy_range1@V?$allocator@V?$basic_string@DU?$char_traits@D@std@@V?$allocator@D@2@@std@@@std@@PEAV?$basic_string@DU?$char_traits@D@std@@V?$allocator@D@2@@2@@std@@YAXPEAV?$basic_string@DU?$char_traits@D@std@@V?$allocator@D@2@@0@0AEAU?$_Wrap_alloc@V?$allocator@V?$basic_string@DU?$char_traits@D@std@@V?$allocator@D@2@@std@@@std@@@0@U?$integral_constant@_N$0A@@0@@Z 0000000180004340 f i wifi.obj
 0001:00003400       ??0sentry@?$basic_ostream@DU?$char_traits@D@std@@@std@@QEAA@AEAV12@@Z 0000000180004400 f i wifi.obj
 0001:00003480       ?flush@?$basic_ostream@DU?$char_traits@D@std@@@std@@QEAAAEAV12@XZ 0000000180004480 f i wifi.obj
 0001:000035a0       ??$_Uninitialized_move_al_unchecked1@PEAV?$basic_string@DU?$char_traits@D@std@@V?$allocator@D@2@@std@@PEAV12@V?$allocator@V?$basic_string@DU?$char_traits@D@std@@V?$allocator@D@2@@std@@@2@@std@@YAPEAV?$basic_string@DU?$char_traits@D@std@@V?$allocator@D@2@@0@PEAV10@00AEAU?$_Wrap_alloc@V?$allocator@V?$basic_string@DU?$char_traits@D@std@@V?$allocator@D@2@@std@@@std@@@0@U_General_ptr_iterator_tag@0@U_Any_tag@0@@Z 00000001800045a0 f i wifi.obj
 0001:00003664       ??_E?$basic_ostream@DU?$char_traits@D@std@@@std@@$4PPPPPPPM@A@EAAPEAXI@Z 0000000180004664 f i wifi.obj
 0001:00003670       ??_E?$basic_stringstream@DU?$char_traits@D@std@@V?$allocator@D@2@@std@@$4PPPPPPPM@A@EAAPEAXI@Z 0000000180004670 f i wifi.obj
 0001:0000367c       ??_E?$basic_istream@DU?$char_traits@D@std@@@std@@$4PPPPPPPM@A@EAAPEAXI@Z 000000018000467c f i wifi.obj
 0001:00003688       ??_E?$basic_iostream@DU?$char_traits@D@std@@@std@@$4PPPPPPPM@A@EAAPEAXI@Z 0000000180004688 f i wifi.obj
 0001:000036ec       __imp_load_?New@Integer@v8@@SA?AV?$Local@VInteger@v8@@@2@PEAVIsolate@2@H@Z 00000001800046ec f   node:node.exe
 0001:000036f8       __tailMerge_node_exe       00000001800046f8 f i node:node.exe
 0001:00003771       __imp_load_?GetCurrent@Isolate@v8@@SAPEAV12@XZ 0000000180004771 f   node:node.exe
 0001:0000377d       __imp_load_??1HandleScope@v8@@QEAA@XZ 000000018000477d f   node:node.exe
 0001:00003789       __imp_load_??0HandleScope@v8@@QEAA@PEAVIsolate@1@@Z 0000000180004789 f   node:node.exe
 0001:00003795       __imp_load_?New@Array@v8@@SA?AV?$Local@VArray@v8@@@2@PEAVIsolate@2@H@Z 0000000180004795 f   node:node.exe
 0001:000037a1       __imp_load_?GetFunction@FunctionTemplate@v8@@QEAA?AV?$Local@VFunction@v8@@@2@XZ 00000001800047a1 f   node:node.exe
 0001:000037ad       __imp_load_?New@FunctionTemplate@v8@@SA?AV?$Local@VFunctionTemplate@v8@@@2@PEAVIsolate@2@P6AXAEBV?$FunctionCallbackInfo@VValue@v8@@@2@@ZV?$Local@VValue@v8@@@2@V?$Local@VSignature@v8@@@2@H@Z 00000001800047ad f   node:node.exe
 0001:000037b9       __imp_load_?NewFromUtf8@String@v8@@SA?AV?$Local@VString@v8@@@2@PEAVIsolate@2@PEBDW4NewStringType@12@H@Z 00000001800047b9 f   node:node.exe
 0001:000037c5       __imp_load_?New@Object@v8@@SA?AV?$Local@VObject@v8@@@2@PEAVIsolate@2@@Z 00000001800047c5 f   node:node.exe
 0001:000037d1       __imp_load_?Set@Object@v8@@QEAA_NV?$Local@VValue@v8@@@2@0@Z 00000001800047d1 f   node:node.exe
 0001:000037dd       __imp_load_?Set@Object@v8@@QEAA_NIV?$Local@VValue@v8@@@2@@Z 00000001800047dd f   node:node.exe
 0001:000037e9       __imp_load_?SetName@Function@v8@@QEAAXV?$Local@VString@v8@@@2@@Z 00000001800047e9 f   node:node.exe
 0001:000037f5       __imp_load_node_module_register 00000001800047f5 f   node:node.exe
 0001:00003804       ??0_Init_locks@std@@QEAA@XZ 0000000180004804 f   libcpmt:xlock.obj
 0001:00003850       ??0_Lockit@std@@QEAA@H@Z   0000000180004850 f   libcpmt:xlock.obj
 0001:0000388c       ??1_Init_locks@std@@QEAA@XZ 000000018000488c f   libcpmt:xlock.obj
 0001:000038d0       ??1_Lockit@std@@QEAA@XZ    00000001800048d0 f   libcpmt:xlock.obj
 0001:00003904       ??4?$_Yarn@D@std@@QEAAAEAV01@PEBD@Z 0000000180004904 f i libcpmt:locale0.obj
 0001:0000397c       ??_G_Fac_node@std@@QEAAPEAXI@Z 000000018000497c f i libcpmt:locale0.obj
 0001:00003a08       ??_G_Locimp@locale@std@@MEAAPEAXI@Z 0000000180004a08 f i libcpmt:locale0.obj
 0001:00003a08       ??_E_Locimp@locale@std@@MEAAPEAXI@Z 0000000180004a08 f i libcpmt:locale0.obj
 0001:00003a74       ?_Facet_Register@std@@YAXPEAV_Facet_base@1@@Z 0000000180004a74 f   libcpmt:locale0.obj
 0001:00003aac       ?_Getgloballocale@locale@std@@CAPEAV_Locimp@12@XZ 0000000180004aac f   libcpmt:locale0.obj
 0001:00003ab4       ?_Init@locale@std@@CAPEAV_Locimp@12@_N@Z 0000000180004ab4 f   libcpmt:locale0.obj
 0001:00003b70       ?_Locimp_dtor@_Locimp@locale@std@@CAXPEAV123@@Z 0000000180004b70 f   libcpmt:locale0.obj
 0001:00003c18       ?_Locinfo_ctor@_Locinfo@std@@SAXPEAV12@PEBD@Z 0000000180004c18 f   libcpmt:locale0.obj
 0001:00003c84       ?_Locinfo_dtor@_Locinfo@std@@SAXPEAV12@@Z 0000000180004c84 f   libcpmt:locale0.obj
 0001:00003ca8       ?_New_Locimp@_Locimp@locale@std@@CAPEAV123@_N@Z 0000000180004ca8 f   libcpmt:locale0.obj
 0001:00003d18       ?_Setgloballocale@locale@std@@CAXPEAX@Z 0000000180004d18 f   libcpmt:locale0.obj
 0001:00003d4c       _Deletegloballocale        0000000180004d4c f   libcpmt:locale0.obj
 0001:00003dd4       ??0bad_alloc@std@@QEAA@AEBV01@@Z 0000000180004dd4 f i libcpmt:xthrow.obj
 0001:00003e14       ??0bad_alloc@std@@QEAA@XZ  0000000180004e14 f i libcpmt:xthrow.obj
 0001:00003e34       ??0exception@std@@QEAA@AEBV01@@Z 0000000180004e34 f i libcpmt:xthrow.obj
 0001:00003e6c       ??0length_error@std@@QEAA@AEBV01@@Z 0000000180004e6c f i libcpmt:xthrow.obj
 0001:00003eac       ??0length_error@std@@QEAA@PEBD@Z 0000000180004eac f i libcpmt:xthrow.obj
 0001:00003ef8       ??0logic_error@std@@QEAA@AEBV01@@Z 0000000180004ef8 f i libcpmt:xthrow.obj
 0001:00003f38       ??0out_of_range@std@@QEAA@AEBV01@@Z 0000000180004f38 f i libcpmt:xthrow.obj
 0001:00003f78       ??0out_of_range@std@@QEAA@PEBD@Z 0000000180004f78 f i libcpmt:xthrow.obj
 0001:00003fc4       ?_Xlength_error@std@@YAXPEBD@Z 0000000180004fc4 f   libcpmt:xthrow.obj
 0001:00003fe8       ?_Xout_of_range@std@@YAXPEBD@Z 0000000180004fe8 f   libcpmt:xthrow.obj
 0001:0000400c       ?what@exception@std@@UEBAPEBDXZ 000000018000500c f i libcpmt:xthrow.obj
 0001:00004020       ?_Ios_base_dtor@ios_base@std@@CAXPEAV12@@Z 0000000180005020 f   libcpmt:ios.obj
 0001:00004064       ?_Tidy@ios_base@std@@AEAAXXZ 0000000180005064 f i libcpmt:ios.obj
 0001:000040f4       ?_Syserror_map@std@@YAPEBDH@Z 00000001800050f4 f   libcpmt:syserror.obj
 0001:0000411c       _Getctype                  000000018000511c f   libcpmt:_tolower.obj
 0001:000041dc       _Tolower                   00000001800051dc f   libcpmt:_tolower.obj
 0001:00004304       _Toupper                   0000000180005304 f   libcpmt:_toupper.obj
 0001:0000443c       _Mtxdst                    000000018000543c f   libcpmt:xmtx.obj
 0001:00004444       _Mtxinit                   0000000180005444 f   libcpmt:xmtx.obj
 0001:00004454       _Mtxlock                   0000000180005454 f   libcpmt:xmtx.obj
 0001:0000445c       _Mtxunlock                 000000018000545c f   libcpmt:xmtx.obj
 0001:00004464       ?_Atexit@@YAXP6AXXZ@Z      0000000180005464 f   libcpmt:iosptrs.obj
 0001:000044a4       __local_stdio_printf_options 00000001800054a4 f i libcpmt:locale.obj
 0001:000044ac       __crtLCMapStringA          00000001800054ac f   libcpmt:StlLCMapStringA.obj
 0001:00004c68       __crtInitializeCriticalSectionEx 0000000180005c68 f   libcpmt:winapisupp.obj
 0001:00004cc8       GetTableIndexFromLocaleName 0000000180005cc8 f   libcpmt:winapinls.obj
 0001:00004d54       __crtDownlevelLocaleNameToLCID 0000000180005d54 f   libcpmt:winapinls.obj
 0001:00004d88       __crtLCMapStringEx         0000000180005d88 f   libcpmt:winapinls.obj
 0001:00004e44       __wcsnicmp_ascii           0000000180005e44 f   libcpmt:winapinls.obj
 0001:00004eb0       __security_check_cookie    0000000180005eb0 f   LIBCMT:_amdsecgs_.obj
 0001:0000501c       _Init_thread_footer        000000018000601c f   LIBCMT:thread_safe_statics.obj
 0001:0000507c       _Init_thread_header        000000018000607c f   LIBCMT:thread_safe_statics.obj
 0001:000050e4       _Init_thread_notify        00000001800060e4 f   LIBCMT:thread_safe_statics.obj
 0001:00005140       _Init_thread_wait          0000000180006140 f   LIBCMT:thread_safe_statics.obj
 0001:000051d8       ??2@YAPEAX_K@Z             00000001800061d8 f   LIBCMT:new_scalar.obj
 0001:00005214       __scrt_acquire_startup_lock 0000000180006214 f   LIBCMT:utility.obj
 0001:00005250       __scrt_dllmain_after_initialize_c 0000000180006250 f   LIBCMT:utility.obj
 0001:00005284       __scrt_dllmain_before_initialize_c 0000000180006284 f   LIBCMT:utility.obj
 0001:0000529c       __scrt_dllmain_crt_thread_attach 000000018000629c f   LIBCMT:utility.obj
 0001:000052c4       __scrt_dllmain_crt_thread_detach 00000001800062c4 f   LIBCMT:utility.obj
 0001:000052dc       __scrt_dllmain_exception_filter 00000001800062dc f   LIBCMT:utility.obj
 0001:00005340       __scrt_dllmain_uninitialize_c 0000000180006340 f   LIBCMT:utility.obj
 0001:00005370       __scrt_dllmain_uninitialize_critical 0000000180006370 f   LIBCMT:utility.obj
 0001:00005384       __scrt_initialize_crt      0000000180006384 f   LIBCMT:utility.obj
 0001:000053d0       __scrt_initialize_onexit_tables 00000001800063d0 f   LIBCMT:utility.obj
 0001:0000549c       __scrt_is_nonwritable_in_current_image 000000018000649c f   LIBCMT:utility.obj
 0001:00005538       __scrt_release_startup_lock 0000000180006538 f   LIBCMT:utility.obj
 0001:0000555c       __scrt_uninitialize_crt    000000018000655c f   LIBCMT:utility.obj
 0001:00005588       _onexit                    0000000180006588 f   LIBCMT:utility.obj
 0001:000055d8       atexit                     00000001800065d8 f   LIBCMT:utility.obj
 0001:000055f0       ??3@YAXPEAX@Z              00000001800065f0 f   LIBCMT:delete_scalar.obj
 0001:000055f8       ??_V@YAXPEAX@Z             00000001800065f8 f   LIBCMT:delete_array.obj
 0001:000055f8       ??3@YAXPEAX_K@Z            00000001800065f8 f   LIBCMT:delete_scalar_size.obj
 0001:0000594c       _DllMainCRTStartup         000000018000694c f   LIBCMT:dll_dllmain.obj
 0001:0000598c       _guard_check_icall         000000018000698c f i LIBCMT:checkcfg.obj
 0001:00005994       ??_Etype_info@@UEAAPEAXI@Z 0000000180006994 f i LIBCMT:std_type_info_static.obj
 0001:00005994       ??_Gtype_info@@UEAAPEAXI@Z 0000000180006994 f i LIBCMT:std_type_info_static.obj
 0001:000059c0       __GSHandlerCheck           00000001800069c0 f   LIBCMT:_gshandler_.obj
 0001:000059e0       __GSHandlerCheckCommon     00000001800069e0 f   LIBCMT:_gshandler_.obj
 0001:00005a50       _alloca_probe              0000000180006a50 f   LIBCMT:_chkstk_.obj
 0001:00005a50       __chkstk                   0000000180006a50 f   LIBCMT:_chkstk_.obj
 0001:00005aa4       __raise_securityfailure    0000000180006aa4 f   LIBCMT:gs_report.obj
 0001:00005ad8       __report_gsfailure         0000000180006ad8 f   LIBCMT:gs_report.obj
 0001:00005bac       __report_rangecheckfailure 0000000180006bac f   LIBCMT:gs_report.obj
 0001:00005bc0       __report_securityfailure   0000000180006bc0 f   LIBCMT:gs_report.obj
 0001:00005d40       __crt_debugger_hook        0000000180006d40 f   LIBCMT:utility_desktop.obj
 0001:00005d48       __scrt_fastfail            0000000180006d48 f   LIBCMT:utility_desktop.obj
 0001:00005e90       ??0bad_array_new_length@std@@QEAA@AEBV01@@Z 0000000180006e90 f i LIBCMT:throw_bad_alloc.obj
 0001:00005ed0       ??0bad_array_new_length@std@@QEAA@XZ 0000000180006ed0 f i LIBCMT:throw_bad_alloc.obj
 0001:00005ef0       ??1bad_alloc@std@@UEAA@XZ  0000000180006ef0 f i libcpmt:xthrow.obj
 0001:00005ef0       ??1bad_exception@std@@UEAA@XZ 0000000180006ef0 f i libvcruntime:frame.obj
 0001:00005ef0       ??1out_of_range@std@@UEAA@XZ 0000000180006ef0 f i libcpmt:xthrow.obj
 0001:00005ef0       ??1length_error@std@@UEAA@XZ 0000000180006ef0 f i libcpmt:xthrow.obj
 0001:00005ef0       ??1bad_array_new_length@std@@UEAA@XZ 0000000180006ef0 f i LIBCMT:throw_bad_alloc.obj
 0001:00005f04       ??_Gbad_array_new_length@std@@UEAAPEAXI@Z 0000000180006f04 f i LIBCMT:throw_bad_alloc.obj
 0001:00005f04       ??_Glogic_error@std@@UEAAPEAXI@Z 0000000180006f04 f i libcpmt:xthrow.obj
 0001:00005f04       ??_Ebad_alloc@std@@UEAAPEAXI@Z 0000000180006f04 f i libcpmt:xthrow.obj
 0001:00005f04       ??_Ebad_exception@std@@UEAAPEAXI@Z 0000000180006f04 f i libvcruntime:frame.obj
 0001:00005f04       ??_Elength_error@std@@UEAAPEAXI@Z 0000000180006f04 f i libcpmt:xthrow.obj
 0001:00005f04       ??_Elogic_error@std@@UEAAPEAXI@Z 0000000180006f04 f i libcpmt:xthrow.obj
 0001:00005f04       ??_Glength_error@std@@UEAAPEAXI@Z 0000000180006f04 f i libcpmt:xthrow.obj
 0001:00005f04       ??_Gexception@std@@UEAAPEAXI@Z 0000000180006f04 f i libcpmt:xthrow.obj
 0001:00005f04       ??_Gbad_alloc@std@@UEAAPEAXI@Z 0000000180006f04 f i libcpmt:xthrow.obj
 0001:00005f04       ??_Gbad_exception@std@@UEAAPEAXI@Z 0000000180006f04 f i libvcruntime:frame.obj
 0001:00005f04       ??_Gout_of_range@std@@UEAAPEAXI@Z 0000000180006f04 f i libcpmt:xthrow.obj
 0001:00005f04       ??_Eexception@std@@UEAAPEAXI@Z 0000000180006f04 f i libcpmt:xthrow.obj
 0001:00005f04       ??_Eout_of_range@std@@UEAAPEAXI@Z 0000000180006f04 f i libcpmt:xthrow.obj
 0001:00005f04       ??_Ebad_array_new_length@std@@UEAAPEAXI@Z 0000000180006f04 f i LIBCMT:throw_bad_alloc.obj
 0001:00005f48       ?_Xbad_alloc@std@@YAXXZ    0000000180006f48 f   libcpmt:xthrow.obj
 0001:00005f48       ?__scrt_throw_std_bad_alloc@@YAXXZ 0000000180006f48 f   LIBCMT:throw_bad_alloc.obj
 0001:00005f68       ?__scrt_throw_std_bad_array_new_length@@YAXXZ 0000000180006f68 f   LIBCMT:throw_bad_alloc.obj
 0001:00005f88       __isa_available_init       0000000180006f88 f   LIBCMT:_cpu_disp_.obj
 0001:00006150       __scrt_is_ucrt_dll_in_use  0000000180007150 f   LIBCMT:ucrt_detection.obj
 0001:0000615c       __security_init_cookie     000000018000715c f   LIBCMT:gs_support.obj
 0001:00006208       DllMain                    0000000180007208 f   LIBCMT:dll_dllmain_stub.obj
 0001:00006208       _get_startup_argv_mode     0000000180007208 f   LIBCMT:argv_mode.obj
 0001:00006210       ?__scrt_initialize_type_info@@YAXXZ 0000000180007210 f   LIBCMT:tncleanup.obj
 0001:00006220       ?__scrt_uninitialize_type_info@@YAXXZ 0000000180007220 f   LIBCMT:tncleanup.obj
 0001:0000622c       __local_stdio_scanf_options 000000018000722c f i LIBCMT:default_local_stdio_options.obj
 0001:00006234       __scrt_initialize_default_local_stdio_options 0000000180007234 f   LIBCMT:default_local_stdio_options.obj
 0001:00006250       __scrt_get_dyn_tls_init_callback 0000000180007250 f   LIBCMT:dyn_tls_init.obj
 0001:00006258       _RTC_Initialize            0000000180007258 f   LIBCMT:_initsect_.obj
 0001:000062a4       _RTC_Terminate             00000001800072a4 f   LIBCMT:_initsect_.obj
 0001:00006300       memmove                    0000000180007300 f   libvcruntime:memcpy.obj
 0001:00006300       memcpy                     0000000180007300 f   libvcruntime:memcpy.obj
 0001:00006738       _purecall                  0000000180007738 f   libvcruntime:purevirt.obj
 0001:00006774       __DestructExceptionObject  0000000180007774 f   libvcruntime:frame.obj
 0001:000067fc       ??0bad_exception@std@@QEAA@AEBV01@@Z 00000001800077fc f i libvcruntime:frame.obj
 0001:0000683c       ??0bad_exception@std@@QEAA@XZ 000000018000783c f i libvcruntime:frame.obj
 0001:000071b8       ?_CallMemberFunction0@@YAXPEAXP6AX0@Z@Z 00000001800081b8 f i libvcruntime:frame.obj
 0001:000071bc       ?_CallMemberFunction1@@YAXPEAXP6AX0@Z0@Z 00000001800081bc f i libvcruntime:frame.obj
 0001:000071c8       ?_CallMemberFunction2@@YAXPEAXP6AX0@Z0H@Z 00000001800081c8 f i libvcruntime:frame.obj
 0001:000071d8       __AdjustPointer            00000001800081d8 f   libvcruntime:frame.obj
 0001:000071fc       __BuildCatchObject         00000001800081fc f   libvcruntime:frame.obj
 0001:000072c0       __BuildCatchObjectHelper   00000001800082c0 f   libvcruntime:frame.obj
 0001:000074a0       __CxxCallCatchBlock        00000001800084a0 f   libvcruntime:frame.obj
 0001:0000768c       __FrameUnwindFilter        000000018000868c f   libvcruntime:frame.obj
 0001:000076d8       __FrameUnwindToState       00000001800086d8 f   libvcruntime:frame.obj
 0001:0000786c       __InternalCxxFrameHandler  000000018000886c f   libvcruntime:frame.obj
 0001:00007ac4       __TypeMatch                0000000180008ac4 f   libvcruntime:frame.obj
 0001:00007c04       __std_terminate            0000000180008c04 f   libvcruntime:frame.obj
 0001:00007c10       ?_ExecutionInCatch@@YAHPEAU_xDISPATCHER_CONTEXT@@PEBU_s_FuncInfo@@@Z 0000000180008c10 f   libvcruntime:trnsctrl.obj
 0001:00007c84       ?_GetEstablisherFrame@@YAPEA_KPEA_KPEAU_xDISPATCHER_CONTEXT@@PEBU_s_FuncInfo@@0@Z 0000000180008c84 f   libvcruntime:trnsctrl.obj
 0001:00007d50       ?_GetRangeOfTrysToCheck@@YAPEBU_s_TryBlockMapEntry@@PEA_KPEBU_s_FuncInfo@@HHPEAI2PEAU_xDISPATCHER_CONTEXT@@@Z 0000000180008d50 f   libvcruntime:trnsctrl.obj
 0001:00007e7c       ?__FrameUnwindToEmptyState@@YAXPEA_KPEAU_xDISPATCHER_CONTEXT@@PEBU_s_FuncInfo@@@Z 0000000180008e7c f   libvcruntime:trnsctrl.obj
 0001:00007f10       ?__SehTransFilter@@YAHPEAU_EXCEPTION_POINTERS@@PEAUEHExceptionRecord@@PEA_KPEAU_CONTEXT@@PEAU_xDISPATCHER_CONTEXT@@PEBU_s_FuncInfo@@PEAH@Z 0000000180008f10 f   libvcruntime:trnsctrl.obj
 0001:00007fa8       _CallSETranslator          0000000180008fa8 f   libvcruntime:trnsctrl.obj
 0001:00008000       _CreateFrameInfo           0000000180009000 f   libvcruntime:trnsctrl.obj
 0001:0000803c       _FindAndUnlinkFrame        000000018000903c f   libvcruntime:trnsctrl.obj
 0001:00008094       _GetImageBase              0000000180009094 f   libvcruntime:trnsctrl.obj
 0001:000080a8       _GetThrowImageBase         00000001800090a8 f   libvcruntime:trnsctrl.obj
 0001:000080bc       _IsExceptionObjectToBeDestroyed 00000001800090bc f   libvcruntime:trnsctrl.obj
 0001:000080ec       _SetImageBase              00000001800090ec f   libvcruntime:trnsctrl.obj
 0001:00008104       _SetThrowImageBase         0000000180009104 f   libvcruntime:trnsctrl.obj
 0001:0000811c       _UnwindNestedFrames        000000018000911c f   libvcruntime:trnsctrl.obj
 0001:00008240       __CxxFrameHandler3         0000000180009240 f   libvcruntime:trnsctrl.obj
 0001:000082c0       __std_exception_copy       00000001800092c0 f   libvcruntime:std_exception.obj
 0001:00008350       __std_exception_destroy    0000000180009350 f   libvcruntime:std_exception.obj
 0001:00008378       _CxxThrowException         0000000180009378 f   libvcruntime:throw.obj
 0001:00008460       memset                     0000000180009460 f   libvcruntime:memset.obj
 0001:00008610       memcmp                     0000000180009610 f   libvcruntime:memcmp.obj
 0001:000088a0       __vcrt_FlsAlloc            00000001800098a0 f   libvcruntime:winapi_downlevel.obj
 0001:000088f4       __vcrt_FlsFree             00000001800098f4 f   libvcruntime:winapi_downlevel.obj
 0001:00008948       __vcrt_FlsGetValue         0000000180009948 f   libvcruntime:winapi_downlevel.obj
 0001:0000899c       __vcrt_FlsSetValue         000000018000999c f   libvcruntime:winapi_downlevel.obj
 0001:00008a04       __vcrt_InitializeCriticalSectionEx 0000000180009a04 f   libvcruntime:winapi_downlevel.obj
 0001:00008a7c       __vcrt_initialize_winapi_thunks 0000000180009a7c f   libvcruntime:winapi_downlevel.obj
 0001:00008ac8       __vcrt_uninitialize_winapi_thunks 0000000180009ac8 f   libvcruntime:winapi_downlevel.obj
 0001:00008b08       __vcrt_initialize          0000000180009b08 f   libvcruntime:initialization.obj
 0001:00008b3c       __vcrt_thread_attach       0000000180009b3c f   libvcruntime:initialization.obj
 0001:00008b50       __vcrt_thread_detach       0000000180009b50 f   libvcruntime:initialization.obj
 0001:00008b64       __vcrt_uninitialize        0000000180009b64 f   libvcruntime:initialization.obj
 0001:00008b84       __vcrt_uninitialize_critical 0000000180009b84 f   libvcruntime:initialization.obj
 0001:00008b94       __C_specific_handler       0000000180009b94 f   libvcruntime:_chandler_.obj
 0001:00008d90       __std_type_info_compare    0000000180009d90 f   libvcruntime:std_type_info.obj
 0001:00008db8       __std_type_info_destroy_list 0000000180009db8 f   libvcruntime:std_type_info.obj
 0001:00008de4       __vcrt_initialize_pure_virtual_call_handler 0000000180009de4 f   libvcruntime:purevirt_data.obj
 0001:00008e08       __vcrt_freefls             0000000180009e08 f   libvcruntime:per_thread_data.obj
 0001:00008e28       __vcrt_freeptd             0000000180009e28 f   libvcruntime:per_thread_data.obj
 0001:00008e78       __vcrt_getptd              0000000180009e78 f   libvcruntime:per_thread_data.obj
 0001:00008e94       __vcrt_getptd_noexit       0000000180009e94 f   libvcruntime:per_thread_data.obj
 0001:00008f4c       __vcrt_initialize_ptd      0000000180009f4c f   libvcruntime:per_thread_data.obj
 0001:00008f8c       __vcrt_uninitialize_ptd    0000000180009f8c f   libvcruntime:per_thread_data.obj
 0001:00008fb0       ?__GetCurrentState@@YAHPEA_KPEAU_xDISPATCHER_CONTEXT@@PEBU_s_FuncInfo@@@Z 0000000180009fb0 f   libvcruntime:ehstate.obj
 0001:00008fd8       ?__GetUnwindTryBlock@@YAHPEA_KPEAU_xDISPATCHER_CONTEXT@@PEBU_s_FuncInfo@@@Z 0000000180009fd8 f   libvcruntime:ehstate.obj
 0001:00009004       ?__SetState@@YAXPEA_KPEAU_xDISPATCHER_CONTEXT@@PEBU_s_FuncInfo@@H@Z 000000018000a004 f   libvcruntime:ehstate.obj
 0001:00009010       ?__SetUnwindTryBlock@@YAXPEA_KPEAU_xDISPATCHER_CONTEXT@@PEBU_s_FuncInfo@@H@Z 000000018000a010 f   libvcruntime:ehstate.obj
 0001:0000904c       ?__StateFromControlPc@@YAHPEBU_s_FuncInfo@@PEAU_xDISPATCHER_CONTEXT@@@Z 000000018000a04c f   libvcruntime:ehstate.obj
 0001:00009054       ?__StateFromIp@@YAHPEBU_s_FuncInfo@@PEAU_xDISPATCHER_CONTEXT@@_J@Z 000000018000a054 f   libvcruntime:ehstate.obj
 0001:000090d0       _CallSettingFrame          000000018000a0d0 f   libvcruntime:handlers.obj
 0001:00009120       _local_unwind              000000018000a120 f   libvcruntime:_jmpuwind_.obj
 0001:00009150       _NLG_Notify                000000018000a150 f   libvcruntime:_jmpuwind_.obj
 0001:00009170       __NLG_Dispatch2            000000018000a170 f   libvcruntime:_jmpuwind_.obj
 0001:00009180       __NLG_Return2              000000018000a180 f   libvcruntime:_jmpuwind_.obj
 0001:00009184       __vcrt_initialize_locks    000000018000a184 f   libvcruntime:locks.obj
 0001:000091cc       __vcrt_uninitialize_locks  000000018000a1cc f   libvcruntime:locks.obj
 0001:00009204       abort                      000000018000a204 f   libucrt:abort.obj
 0001:0000925c       __acrt_call_reportfault    000000018000a25c f   libucrt:invalid_parameter.obj
 0001:000093b8       __acrt_initialize_invalid_parameter_handler 000000018000a3b8 f   libucrt:invalid_parameter.obj
 0001:000093c0       _invalid_parameter         000000018000a3c0 f   libucrt:invalid_parameter.obj
 0001:00009468       _invalid_parameter_noinfo  000000018000a468 f   libucrt:invalid_parameter.obj
 0001:00009488       _invalid_parameter_noinfo_noreturn 000000018000a488 f   libucrt:invalid_parameter.obj
 0001:000094b8       _invoke_watson             000000018000a4b8 f   libucrt:invalid_parameter.obj
 0001:00009500       free                       000000018000a500 f   libucrt:free.obj
 0001:00009508       ??0_LocaleUpdate@@QEAA@QEAU__crt_locale_pointers@@@Z 000000018000a508 f i libucrt:stricmp.obj
 0001:00009598       __ascii_stricmp            000000018000a598 f   libucrt:stricmp.obj
 0001:000095d4       _stricmp                   000000018000a5d4 f   libucrt:stricmp.obj
 0001:0000961c       _stricmp_l                 000000018000a61c f   libucrt:stricmp.obj
 0001:000096d0       __acrt_initialize_locks    000000018000a6d0 f   libucrt:locks.obj
 0001:00009718       __acrt_lock                000000018000a718 f   libucrt:locks.obj
 0001:00009734       __acrt_uninitialize_locks  000000018000a734 f   libucrt:locks.obj
 0001:0000976c       __acrt_unlock              000000018000a76c f   libucrt:locks.obj
 0001:00009788       _lock_locales              000000018000a788 f   libucrt:locks.obj
 0001:00009798       _unlock_locales            000000018000a798 f   libucrt:locks.obj
 0001:000097a8       malloc                     000000018000a7a8 f   libucrt:malloc.obj
 0001:00009898       setlocale                  000000018000a898 f   libucrt:setlocale.obj
 0001:00009a64       _calloc_base               000000018000aa64 f   libucrt:calloc_base.obj
 0001:00009adc       __pctype_func              000000018000aadc f   libucrt:ctype.obj
 0001:00009b0c       islower                    000000018000ab0c f i libucrt:_ctype.obj
 0001:00009b80       isupper                    000000018000ab80 f i libucrt:_ctype.obj
 0001:00009bf4       _wcsdup                    000000018000abf4 f   libucrt:wcsdup.obj
 0001:00009c78       ___lc_codepage_func        000000018000ac78 f   libucrt:initctype.obj
 0001:00009ca8       ___lc_locale_name_func     000000018000aca8 f   libucrt:initctype.obj
 0001:00009cdc       __acrt_locale_initialize_ctype 000000018000acdc f   libucrt:initctype.obj
 0001:0000a2b0       _malloc_base               000000018000b2b0 f   libucrt:malloc_base.obj
 0001:0000a310       _realloc_base              000000018000b310 f   libucrt:realloc_base.obj
 0001:0000a394       __acrt_errno_from_os_error 000000018000b394 f   libucrt:errno.obj
 0001:0000a3dc       __acrt_errno_map_os_error  000000018000b3dc f   libucrt:errno.obj
 0001:0000a42c       __doserrno                 000000018000b42c f   libucrt:errno.obj
 0001:0000a44c       _errno                     000000018000b44c f   libucrt:errno.obj
 0001:0000a470       pow                        000000018000b470 f   libucrt:pow.obj
 0001:0000bb10       powf                       000000018000cb10 f   libucrt:powf.obj
 0001:0000c9d8       __strncnt                  000000018000d9d8 f   libucrt:strncnt.obj
 0001:0000c9f0       _free_base                 000000018000d9f0 f   libucrt:free_base.obj
 0001:0000caa8       _ismbblead                 000000018000daa8 f   libucrt:ismbbyte.obj
 0001:0000cb0c       _tolower_l                 000000018000db0c f   libucrt:tolower_toupper.obj
 0001:0000cc4c       wcscpy_s                   000000018000dc4c f   libucrt:wcscpy_s.obj
 0001:0000ccb4       wcsnlen                    000000018000dcb4 f   libucrt:strnlen.obj
 0001:0000cea4       __acrt_initialize_new_handler 000000018000dea4 f   libucrt:new_handler.obj
 0001:0000ceac       _callnewh                  000000018000deac f   libucrt:new_handler.obj
 0001:0000ceec       _query_new_handler         000000018000deec f   libucrt:new_handler.obj
 0001:0000cf20       _seh_filter_dll            000000018000df20 f   libucrt:exception_filter.obj
 0001:0000cf34       _seh_filter_exe            000000018000df34 f   libucrt:exception_filter.obj
 0001:0000d2f4       __acrt_initialize_thread_local_exit_callback 000000018000e2f4 f   libucrt:exit.obj
 0001:0000d2fc       _cexit                     000000018000e2fc f   libucrt:exit.obj
 0001:0000d30c       _exit                      000000018000e30c f   libucrt:exit.obj
 0001:0000d318       _is_c_termination_complete 000000018000e318 f   libucrt:exit.obj
 0001:0000d4dc       __acrt_allocate_buffer_for_argv 000000018000e4dc f   libucrt:argv_parsing.obj
 0001:0000d540       _configure_narrow_argv     000000018000e540 f   libucrt:argv_parsing.obj
 0001:0000d89c       __dcrt_uninitialize_environments_nolock 000000018000e89c f   libucrt:environment_initialization.obj
 0001:0000d8d4       _initialize_narrow_environment 000000018000e8d4 f   libucrt:environment_initialization.obj
 0001:0000d8dc       ??$?RV<lambda_b8c45f8f788dd370798f47cfe8ac3a86>@@AEAV<lambda_4e60a939b0d047cfe11ddc22648dfba9>@@V<lambda_332c3edc96d0294ec56c57d38c1cdfd5>@@@?$__crt_seh_guarded_call@H@@QEAAH$$QEAV<lambda_b8c45f8f788dd370798f47cfe8ac3a86>@@AEAV<lambda_4e60a939b0d047cfe11ddc22648dfba9>@@$$QEAV<lambda_332c3edc96d0294ec56c57d38c1cdfd5>@@@Z 000000018000e8dc f i libucrt:onexit.obj
 0001:0000d918       ??$?RV<lambda_e24bbb7b643b32fcea6fa61b31d4c984>@@AEAV<lambda_275893d493268fdec8709772e3fcec0e>@@V<lambda_9d71df4d7cf3f480f8d633942495c3b0>@@@?$__crt_seh_guarded_call@H@@QEAAH$$QEAV<lambda_e24bbb7b643b32fcea6fa61b31d4c984>@@AEAV<lambda_275893d493268fdec8709772e3fcec0e>@@$$QEAV<lambda_9d71df4d7cf3f480f8d633942495c3b0>@@@Z 000000018000e918 f i libucrt:onexit.obj
 0001:0000dc94       _crt_atexit                000000018000ec94 f   libucrt:onexit.obj
 0001:0000dca4       _execute_onexit_table      000000018000eca4 f   libucrt:onexit.obj
 0001:0000dce0       _initialize_onexit_table   000000018000ece0 f   libucrt:onexit.obj
 0001:0000dd20       _register_onexit_function  000000018000ed20 f   libucrt:onexit.obj
 0001:0000ddb0       __acrt_uninitialize_command_line 000000018000edb0 f   libucrt:argv_data.obj
 0001:0000dea0       __acrt_initialize          000000018000eea0 f   libucrt:initialization.obj
 0001:0000deb4       __acrt_thread_attach       000000018000eeb4 f   libucrt:initialization.obj
 0001:0000dec8       __acrt_thread_detach       000000018000eec8 f   libucrt:initialization.obj
 0001:0000ded8       __acrt_uninitialize        000000018000eed8 f   libucrt:initialization.obj
 0001:0000deec       __acrt_uninitialize_critical 000000018000eeec f   libucrt:initialization.obj
 0001:0000defc       _initterm                  000000018000eefc f   libucrt:initterm.obj
 0001:0000df74       _initterm_e                000000018000ef74 f   libucrt:initterm.obj
 0001:0000dfc0       terminate                  000000018000efc0 f   libucrt:terminate.obj
 0001:0000dfe8       strcpy_s                   000000018000efe8 f   libucrt:strcpy_s.obj
 0001:0000e048       ??$is_overflow_condition@K@__crt_strtox@@YA_NIK@Z 000000018000f048 f i libucrt:atox.obj
 0001:0000e074       ??$make_c_string_character_source@_W$$T@__crt_strtox@@YA?AV?$c_string_character_source@_W@0@QEB_W$$T@Z 000000018000f074 f i libucrt:atox.obj
 0001:0000e088       ??$parse_integer@KV?$c_string_character_source@_W@__crt_strtox@@@__crt_strtox@@YAKQEAU__crt_locale_pointers@@V?$c_string_character_source@_W@0@H_N@Z 000000018000f088 f i libucrt:atox.obj
 0001:0000e75c       _wtol                      000000018000f75c f   libucrt:atox.obj
 0001:0000e788       ??$?RV<lambda_c36588078e9f5dfd39652860aa6b3aaf>@@AEAV<lambda_ec61778202f4f5fc7e7711acc23c3bca>@@V<lambda_dc9d2797ccde5d239b4a0efae8ebd7db>@@@?$__crt_seh_guarded_call@P6AXH@Z@@QEAAP6AXH@Z$$QEAV<lambda_c36588078e9f5dfd39652860aa6b3aaf>@@AEAV<lambda_ec61778202f4f5fc7e7711acc23c3bca>@@$$QEAV<lambda_dc9d2797ccde5d239b4a0efae8ebd7db>@@@Z 000000018000f788 f i libucrt:signal.obj
 0001:0000e7d0       __acrt_get_sigabrt_handler 000000018000f7d0 f   libucrt:signal.obj
 0001:0000e800       __acrt_initialize_signal_handlers 000000018000f800 f   libucrt:signal.obj
 0001:0000e820       raise                      000000018000f820 f   libucrt:signal.obj
 0001:0000eabc       ??$?RV<lambda_46352004c1216016012b18bd6f87e700>@@AEAV<lambda_3bd07e1a1191394380780325891bf33f>@@V<lambda_334532d3f185bcaa59b5be82d7d22bff>@@@?$__crt_seh_guarded_call@X@@QEAAX$$QEAV<lambda_46352004c1216016012b18bd6f87e700>@@AEAV<lambda_3bd07e1a1191394380780325891bf33f>@@$$QEAV<lambda_334532d3f185bcaa59b5be82d7d22bff>@@@Z 000000018000fabc f i libucrt:per_thread_data.obj
 0001:0000eb1c       ??$?RV<lambda_5e887d1dcbef67a5eb4283622ba103bf>@@AEAV<lambda_4466841279450cc726390878d4a41900>@@V<lambda_341c25c0346d94847f1f3c463c57e077>@@@?$__crt_seh_guarded_call@X@@QEAAX$$QEAV<lambda_5e887d1dcbef67a5eb4283622ba103bf>@@AEAV<lambda_4466841279450cc726390878d4a41900>@@$$QEAV<lambda_341c25c0346d94847f1f3c463c57e077>@@@Z 000000018000fb1c f i libucrt:per_thread_data.obj
 0001:0000eb64       ??$?RV<lambda_72d1df2b273a38828b1ce30cbf4cdab5>@@AEAV<lambda_876a65b173b8412d3a47c70a915b0cf4>@@V<lambda_41932305e351933ebe8f8be3ed8bb5dc>@@@?$__crt_seh_guarded_call@X@@QEAAX$$QEAV<lambda_72d1df2b273a38828b1ce30cbf4cdab5>@@AEAV<lambda_876a65b173b8412d3a47c70a915b0cf4>@@$$QEAV<lambda_41932305e351933ebe8f8be3ed8bb5dc>@@@Z 000000018000fb64 f i libucrt:per_thread_data.obj
 0001:0000eba4       ??$?RV<lambda_fb3a7dec4e47f37f22dae91bb15c9095>@@AEAV<lambda_698284760c8add0bfb0756c19673e34b>@@V<lambda_dfb8eca1e75fef3034a8fb18dd509707>@@@?$__crt_seh_guarded_call@X@@QEAAX$$QEAV<lambda_fb3a7dec4e47f37f22dae91bb15c9095>@@AEAV<lambda_698284760c8add0bfb0756c19673e34b>@@$$QEAV<lambda_dfb8eca1e75fef3034a8fb18dd509707>@@@Z 000000018000fba4 f i libucrt:per_thread_data.obj
 0001:0000ee34       __acrt_freeptd             000000018000fe34 f   libucrt:per_thread_data.obj
 0001:0000ee78       __acrt_getptd              000000018000fe78 f   libucrt:per_thread_data.obj
 0001:0000ef0c       __acrt_getptd_noexit       000000018000ff0c f   libucrt:per_thread_data.obj
 0001:0000efac       __acrt_initialize_ptd      000000018000ffac f   libucrt:per_thread_data.obj
 0001:0000efe8       __acrt_uninitialize_ptd    000000018000ffe8 f   libucrt:per_thread_data.obj
 0001:0000f00c       __acrt_update_locale_info  000000018001000c f   libucrt:locale_update.obj
 0001:0000f040       __acrt_update_multibyte_info 0000000180010040 f   libucrt:locale_update.obj
 0001:0000f074       ??$?RV<lambda_5df02c53a8f32f81fd64e5bbb78039f1>@@AEAV<lambda_2af78c5f5901b1372d98f9ab3177dfa6>@@AEAV<lambda_f51fe5fd7c79a33db34fc9310f277369>@@@?$__crt_seh_guarded_call@X@@QEAAX$$QEAV<lambda_5df02c53a8f32f81fd64e5bbb78039f1>@@AEAV<lambda_2af78c5f5901b1372d98f9ab3177dfa6>@@AEAV<lambda_f51fe5fd7c79a33db34fc9310f277369>@@@Z 0000000180010074 f i libucrt:wsetlocale.obj
 0001:0000f0a0       ??$?RV<lambda_d67e8342c384adda8f857579ab50b2ae>@@AEAV<lambda_30712929f77e709619002f448b6a9510>@@V<lambda_4525336fd7e478d965fb7ca7a337cad8>@@@?$__crt_seh_guarded_call@X@@QEAAX$$QEAV<lambda_d67e8342c384adda8f857579ab50b2ae>@@AEAV<lambda_30712929f77e709619002f448b6a9510>@@$$QEAV<lambda_4525336fd7e478d965fb7ca7a337cad8>@@@Z 00000001800100a0 f i libucrt:wsetlocale.obj
 0001:0000f26c       __acrt_copy_locale_name    000000018001026c f   libucrt:wsetlocale.obj
 0001:0000f2f0       __acrt_set_locale_changed  00000001800102f0 f   libucrt:wsetlocale.obj
 0001:0000f2fc       __acrt_uninitialize_locale 00000001800102fc f   libucrt:wsetlocale.obj
 0001:0000f344       __lc_lctowcs               0000000180010344 f   libucrt:wsetlocale.obj
 0001:0000f3e8       __lc_wcstolc               00000001800103e8 f   libucrt:wsetlocale.obj
 0001:0000f660       _expandlocale              0000000180010660 f   libucrt:wsetlocale.obj
 0001:0000fa5c       _wcscats                   0000000180010a5c f   libucrt:wsetlocale.obj
 0001:0000fac4       _wsetlocale                0000000180010ac4 f   libucrt:wsetlocale.obj
 0001:00010354       ??$?RV<lambda_630b2aca97f6d20d5b5ea6529ea6b6af>@@AEAV<lambda_af91936f1d075d609f72d9d8cba980af>@@V<lambda_e82fa975f615b5c7c7b0e4d178fdae67>@@@?$__crt_seh_guarded_call@H@@QEAAH$$QEAV<lambda_630b2aca97f6d20d5b5ea6529ea6b6af>@@AEAV<lambda_af91936f1d075d609f72d9d8cba980af>@@$$QEAV<lambda_e82fa975f615b5c7c7b0e4d178fdae67>@@@Z 0000000180011354 f i libucrt:winapi_thunks.obj
 0001:0001058c       __acrt_EnumSystemLocalesEx 000000018001158c f   libucrt:winapi_thunks.obj
 0001:00010634       __acrt_FlsAlloc            0000000180011634 f   libucrt:winapi_thunks.obj
 0001:0001068c       __acrt_FlsFree             000000018001168c f   libucrt:winapi_thunks.obj
 0001:000106e4       __acrt_FlsGetValue         00000001800116e4 f   libucrt:winapi_thunks.obj
 0001:0001073c       __acrt_FlsSetValue         000000018001173c f   libucrt:winapi_thunks.obj
 0001:000107a4       __acrt_GetLocaleInfoEx     00000001800117a4 f   libucrt:winapi_thunks.obj
 0001:0001083c       __acrt_GetUserDefaultLocaleName 000000018001183c f   libucrt:winapi_thunks.obj
 0001:000108b0       __acrt_InitializeCriticalSectionEx 00000001800118b0 f   libucrt:winapi_thunks.obj
 0001:00010928       __acrt_IsValidLocaleName   0000000180011928 f   libucrt:winapi_thunks.obj
 0001:00010990       __acrt_LCIDToLocaleName    0000000180011990 f   libucrt:winapi_thunks.obj
 0001:00010a1c       __acrt_LCMapStringEx       0000000180011a1c f   libucrt:winapi_thunks.obj
 0001:00010b0c       __acrt_LocaleNameToLCID    0000000180011b0c f   libucrt:winapi_thunks.obj
 0001:00010b74       __acrt_can_use_vista_locale_apis 0000000180011b74 f   libucrt:winapi_thunks.obj
 0001:00010ba4       __acrt_initialize_winapi_thunks 0000000180011ba4 f   libucrt:winapi_thunks.obj
 0001:00010bdc       __acrt_is_packaged_app     0000000180011bdc f   libucrt:winapi_thunks.obj
 0001:00010c64       __acrt_uninitialize_winapi_thunks 0000000180011c64 f   libucrt:winapi_thunks.obj
 0001:00010e84       _mbstowcs_s_l              0000000180011e84 f   libucrt:mbstowcs.obj
 0001:00010fb4       mbstowcs_s                 0000000180011fb4 f   libucrt:mbstowcs.obj
 0001:00011308       _wcstombs_s_l              0000000180012308 f   libucrt:wcstombs.obj
 0001:000113f4       _query_new_mode            00000001800123f4 f   libucrt:new_mode.obj
 0001:000113fc       __acrt_initialize_heap     00000001800123fc f   libucrt:heap_handle.obj
 0001:00011418       __acrt_uninitialize_heap   0000000180012418 f   libucrt:heap_handle.obj
 0001:00011424       _isctype_l                 0000000180012424 f   libucrt:isctype.obj
 0001:000116d4       __acrt_GetLocaleInfoA      00000001800126d4 f   libucrt:getlocaleinfoa.obj
 0001:0001189c       __acrt_GetStringTypeA      000000018001289c f   libucrt:getstringtypea.obj
 0001:00011dac       __acrt_LCMapStringA        0000000180012dac f   libucrt:lcmapstringa.obj
 0001:00011e44       iswctype                   0000000180012e44 f   libucrt:iswctype.obj
 0001:00011eb4       _raise_exc                 0000000180012eb4 f   libucrt:fpexcept.obj
 0001:00011edc       _raise_exc_ex              0000000180012edc f   libucrt:fpexcept.obj
 0001:000121e4       _raise_excf                00000001800131e4 f   libucrt:fpexcept.obj
 0001:00012210       _set_errno_from_matherr    0000000180013210 f   libucrt:fpexcept.obj
 0001:00012240       _clrfp                     0000000180013240 f   libucrt:fpctrl.obj
 0001:00012260       _ctrlfp                    0000000180013260 f   libucrt:fpctrl.obj
 0001:000122dc       _set_statfp                00000001800132dc f   libucrt:fpctrl.obj
 0001:000122fc       _statfp                    00000001800132fc f   libucrt:fpctrl.obj
 0001:00012310       _mbtowc_l                  0000000180013310 f   libucrt:mbtowc.obj
 0001:00012458       mbtowc                     0000000180013458 f   libucrt:mbtowc.obj
 0001:00012460       _fileno                    0000000180013460 f   libucrt:fileno.obj
 0001:00012488       __acrt_initialize_stdio    0000000180013488 f   libucrt:_file.obj
 0001:000125a8       __acrt_uninitialize_stdio  00000001800135a8 f   libucrt:_file.obj
 0001:00012604       _lock_file                 0000000180013604 f   libucrt:_file.obj
 0001:00012610       _unlock_file               0000000180013610 f   libucrt:_file.obj
 0001:00012804       __acrt_initialize_lowio    0000000180013804 f   libucrt:ioinit.obj
 0001:00012840       __acrt_uninitialize_lowio  0000000180013840 f   libucrt:ioinit.obj
 0001:00012880       __acrt_initialize_fma3     0000000180013880 f   libucrt:fma3_available.obj
 0001:000128f0       _pow_special               00000001800138f0 f   libucrt:pow_special.obj
 0001:00012a14       _powf_special              0000000180013a14 f   libucrt:pow_special.obj
 0001:00012ba0       _wcsicmp                   0000000180013ba0 f   libucrt:wcsicmp.obj
 0001:00012c28       _wcsicmp_l                 0000000180013c28 f   libucrt:wcsicmp.obj
 0001:00012d18       __acrt_initialize_timeset  0000000180013d18 f   libucrt:timeset.obj
 0001:00012d48       _isleadbyte_l              0000000180013d48 f i libucrt:_wctype.obj
 0001:00013264       ?expand_if_necessary@?$argument_list@D@?A0xca0879c4@@AEAAHXZ 0000000180014264 f i libucrt:argv_wildcards.obj
 0001:0001332c       __acrt_expand_narrow_argv_wildcards 000000018001432c f   libucrt:argv_wildcards.obj
 0001:00013334       ??$?RV<lambda_99476a1ad63dd22509b5d3e65b0ffc95>@@AEAV<lambda_ad1ced32f4ac17aa236e5ef05d6b3b7c>@@V<lambda_f7424dd8d45958661754dc4f2697e9c3>@@@?$__crt_seh_guarded_call@X@@QEAAX$$QEAV<lambda_99476a1ad63dd22509b5d3e65b0ffc95>@@AEAV<lambda_ad1ced32f4ac17aa236e5ef05d6b3b7c>@@$$QEAV<lambda_f7424dd8d45958661754dc4f2697e9c3>@@@Z 0000000180014334 f i libucrt:mbctype.obj
 0001:00013a30       __acrt_initialize_multibyte 0000000180014a30 f   libucrt:mbctype.obj
 0001:00013a58       __acrt_update_thread_multibyte_data 0000000180014a58 f   libucrt:mbctype.obj
 0001:00013b18       _setmbcp_nolock            0000000180014b18 f   libucrt:mbctype.obj
 0001:00013dc0       __acrt_initialize_command_line 0000000180014dc0 f   libucrt:argv_data.obj
 0001:00013de8       __dcrt_get_narrow_environment_from_os 0000000180014de8 f   libucrt:get_environment_from_os.obj
 0001:00013eec       _recalloc                  0000000180014eec f   libucrt:recalloc.obj
 0001:00013ef4       _recalloc_base             0000000180014ef4 f   libucrt:recalloc.obj
 0001:00013f8c       __acrt_execute_initializers 0000000180014f8c f   libucrt:shared_initialization.obj
 0001:00014020       __acrt_execute_uninitializers 0000000180015020 f   libucrt:shared_initialization.obj
 0001:00014070       __acrt_has_user_matherr    0000000180015070 f   libucrt:matherr.obj
 0001:00014090       __acrt_initialize_user_matherr 0000000180015090 f   libucrt:matherr.obj
 0001:00014098       __acrt_invoke_user_matherr 0000000180015098 f   libucrt:matherr.obj
 0001:000140e0       __acrt_add_locale_ref      00000001800150e0 f   libucrt:locale_refcounting.obj
 0001:0001416c       __acrt_free_locale         000000018001516c f   libucrt:locale_refcounting.obj
 0001:000142e4       __acrt_locale_add_lc_time_reference 00000001800152e4 f   libucrt:locale_refcounting.obj
 0001:0001430c       __acrt_locale_free_lc_time_if_unreferenced 000000018001530c f   libucrt:locale_refcounting.obj
 0001:00014344       __acrt_locale_release_lc_time_reference 0000000180015344 f   libucrt:locale_refcounting.obj
 0001:0001436c       __acrt_release_locale_ref  000000018001536c f   libucrt:locale_refcounting.obj
 0001:00014414       __acrt_update_thread_locale_data 0000000180015414 f   libucrt:locale_refcounting.obj
 0001:00014484       _updatetlocinfoEx_nolock   0000000180015484 f   libucrt:locale_refcounting.obj
 0001:000144ec       __acrt_locale_free_monetary 00000001800154ec f   libucrt:initmon.obj
 0001:000145f8       __acrt_locale_initialize_monetary 00000001800155f8 f   libucrt:initmon.obj
 0001:00014b30       __acrt_locale_free_numeric 0000000180015b30 f   libucrt:initnum.obj
 0001:00014b9c       __acrt_locale_initialize_numeric 0000000180015b9c f   libucrt:initnum.obj
 0001:00015220       __acrt_locale_free_time    0000000180016220 f   libucrt:inittime.obj
 0001:00015328       __acrt_locale_initialize_time 0000000180016328 f   libucrt:inittime.obj
 0001:000153bc       wcscat_s                   00000001800163bc f   libucrt:wcscat_s.obj
 0001:0001543c       wcsncpy_s                  000000018001643c f   libucrt:wcsncpy_s.obj
 0001:00015520       wcscspn                    0000000180016520 f   libucrt:wcscspn.obj
 0001:00015560       wcsncmp                    0000000180016560 f   libucrt:wcsncmp.obj
 0001:0001558c       wcspbrk                    000000018001658c f   libucrt:wcspbrk.obj
 0001:00015e30       __acrt_get_qualified_locale 0000000180016e30 f   libucrt:get_qualified_locale.obj
 0001:0001681c       __acrt_get_qualified_locale_downlevel 000000018001781c f   libucrt:getqloc_downlevel.obj
 0001:00016b74       __acrt_DownlevelLCIDToLocaleName 0000000180017b74 f   libucrt:lcidtoname_downlevel.obj
 0001:00016c58       __acrt_DownlevelLocaleNameToLCID 0000000180017c58 f   libucrt:lcidtoname_downlevel.obj
 0001:00016c8c       strncpy_s                  0000000180017c8c f   libucrt:strncpy_s.obj
 0001:00016d70       _get_fpsr                  0000000180017d70 f   libucrt:fpsr.obj
 0001:00016d80       _set_fpsr                  0000000180017d80 f   libucrt:fpsr.obj
 0001:00016d8a       _fclrf                     0000000180017d8a f   libucrt:fpsr.obj
 0001:00016d9e       _frnd                      0000000180017d9e f   libucrt:fpsr.obj
 0001:00016dc0       _fcloseall                 0000000180017dc0 f   libucrt:closeall.obj
 0001:00016e74       __acrt_stdio_flush_nolock  0000000180017e74 f   libucrt:fflush.obj
 0001:00016eec       _fflush_nolock             0000000180017eec f   libucrt:fflush.obj
 0001:00016f38       _flushall                  0000000180017f38 f   libucrt:fflush.obj
 0001:00017028       __acrt_stdio_free_buffer_nolock 0000000180018028 f   libucrt:_freebuf.obj
 0001:00017068       _isatty                    0000000180018068 f   libucrt:isatty.obj
 0001:000170c8       __acrt_lowio_create_handle_array 00000001800180c8 f   libucrt:osfinfo.obj
 0001:00017160       __acrt_lowio_destroy_handle_array 0000000180018160 f   libucrt:osfinfo.obj
 0001:000171b0       __acrt_lowio_ensure_fh_exists 00000001800181b0 f   libucrt:osfinfo.obj
 0001:00017268       __acrt_lowio_lock_fh       0000000180018268 f   libucrt:osfinfo.obj
 0001:0001728c       __acrt_lowio_unlock_fh     000000018001828c f   libucrt:osfinfo.obj
 0001:000172b0       _free_osfhnd               00000001800182b0 f   libucrt:osfinfo.obj
 0001:0001736c       _get_osfhandle             000000018001836c f   libucrt:osfinfo.obj
 0001:00017508       _handle_error              0000000180018508 f   libucrt:libm_error.obj
 0001:00017630       _handle_errorf             0000000180018630 f   libucrt:libm_error.obj
 0001:00017764       _handle_nan                0000000180018764 f   libucrt:libm_error.obj
 0001:00017780       _handle_nanf               0000000180018780 f   libucrt:libm_error.obj
 0001:00017790       _towlower_l                0000000180018790 f   libucrt:towlower.obj
 0001:00017930       qsort                      0000000180018930 f   libucrt:qsort.obj
 0001:00017c64       strpbrk                    0000000180018c64 f   libucrt:strpbrk.obj
 0001:00017d04       _mbsdec                    0000000180018d04 f   libucrt:mbsdec.obj
 0001:00017d0c       _mbsdec_l                  0000000180018d0c f   libucrt:mbsdec.obj
 0001:00017dbc       _msize                     0000000180018dbc f   libucrt:msize.obj
 0001:00017f20       _itow_s                    0000000180018f20 f   libucrt:xtoa.obj
 0001:00017f40       _wcsnicmp                  0000000180018f40 f   libucrt:wcsnicmp.obj
 0001:00017fdc       _wcsnicmp_l                0000000180018fdc f   libucrt:wcsnicmp.obj
 0001:000180f4       wcscmp                     00000001800190f4 f   libucrt:wcscmp.obj
 0001:00018130       log10                      0000000180019130 f   libucrt:log10.obj
 0001:00018c7c       _write                     0000000180019c7c f   libucrt:write.obj
 0001:00018d68       _write_nolock              0000000180019d68 f   libucrt:write.obj
 0001:000190e8       _lseeki64_nolock           000000018001a0e8 f   libucrt:lseek.obj
 0001:000190f0       _fclose_nolock             000000018001a0f0 f   libucrt:fclose.obj
 0001:00019174       fclose                     000000018001a174 f   libucrt:fclose.obj
 0001:000191e0       ??$?RV<lambda_b521505b218e5242e90febf6bfebc422>@@AEAV<lambda_6978c1fb23f02e42e1d9e99668cc68aa>@@V<lambda_314360699dd331753a4119843814e9a7>@@@?$__crt_seh_guarded_call@H@@QEAAH$$QEAV<lambda_b521505b218e5242e90febf6bfebc422>@@AEAV<lambda_6978c1fb23f02e42e1d9e99668cc68aa>@@$$QEAV<lambda_314360699dd331753a4119843814e9a7>@@@Z 000000018001a1e0 f i libucrt:commit.obj
 0001:0001926c       _commit                    000000018001a26c f   libucrt:commit.obj
 0001:00019300       _query_app_type            000000018001a300 f   libucrt:report_runtime_error.obj
 0001:00019308       __acrt_LCMapStringW        000000018001a308 f   libucrt:lcmapstringw.obj
 0001:00019390       _log10_special             000000018001a390 f   libucrt:log_special.obj
 0001:00019448       _putwch_nolock             000000018001a448 f   libucrt:putwch.obj
 0001:000194a4       ??$?RV<lambda_bfedae4ebbf01fab1bb6dcc6a9e276e0>@@AEAV<lambda_2fe9b910cf3cbf4a0ab98a02ba45b3ec>@@V<lambda_237c231691f317818eb88cc1d5d642d6>@@@?$__crt_seh_guarded_call@H@@QEAAH$$QEAV<lambda_bfedae4ebbf01fab1bb6dcc6a9e276e0>@@AEAV<lambda_2fe9b910cf3cbf4a0ab98a02ba45b3ec>@@$$QEAV<lambda_237c231691f317818eb88cc1d5d642d6>@@@Z 000000018001a4a4 f i libucrt:close.obj
 0001:00019518       _close                     000000018001a518 f   libucrt:close.obj
 0001:000195bc       _close_nolock              000000018001a5bc f   libucrt:close.obj
 0001:00019678       ?__acrt_stdio_free_stream@@YAXV__crt_stdio_stream@@@Z 000000018001a678 f   libucrt:stream.obj
 0001:000196bc       __dcrt_lowio_initialize_console_output 000000018001a6bc f   libucrt:initcon.obj
 0001:000196f8       __dcrt_terminate_console_output 000000018001a6f8 f   libucrt:initcon.obj
 0001:00019718       IsProcessorFeaturePresent  000000018001a718 f   kernel32:KERNEL32.dll
 0001:0001971e       RtlUnwindEx                000000018001a71e f   kernel32:KERNEL32.dll
 0001:00019724       ?DloadAcquireSectionWriteAccess@@YAXXZ 000000018001a724 f i DelayImp:delayhlp.obj
 0001:000197e0       ?DloadGetSRWLockFunctionPointers@@YAEXZ 000000018001a7e0 f i DelayImp:delayhlp.obj
 0001:0001987c       ?DloadMakePermanentImageCommit@@YAXPEAX_K@Z 000000018001a87c f i DelayImp:delayhlp.obj
 0001:00019914       ?DloadObtainSection@@YAPEAXPEAK0@Z 000000018001a914 f i DelayImp:delayhlp.obj
 0001:000199ac       ?DloadProtectSection@@YAXKPEAK@Z 000000018001a9ac f i DelayImp:delayhlp.obj
 0001:00019a3c       ?DloadReleaseSectionWriteAccess@@YAXXZ 000000018001aa3c f i DelayImp:delayhlp.obj
 0001:00019ae0       __delayLoadHelper2         000000018001aae0 f   DelayImp:delayhlp.obj
 0001:00019de0       _FindPESection             000000018001ade0 f   LIBCMT:pesect.obj
 0001:00019e30       _IsNonwritableInCurrentImage 000000018001ae30 f   LIBCMT:pesect.obj
 0001:00019e80       _ValidateImageBase         000000018001ae80 f   LIBCMT:pesect.obj
 0001:00019eb0       wcschr                     000000018001aeb0 f   libvcruntime:wcschr.obj
 0001:00019f60       _guard_dispatch_icall_nop  000000018001af60 f   LIBCMT:_guard_dispatch_.obj
 0001:0001a350       ??__F_Static@?1???$_Immortalize@V_Iostream_error_category@std@@@std@@YAAEAV_Iostream_error_category@0@XZ@YAXXZ 000000018001b350 f i wifi.obj
 0002:00000000       __imp_GetModuleHandleA     000000018001c000     kernel32:KERNEL32.dll
 0002:00000008       __imp_VirtualQuery         000000018001c008     kernel32:KERNEL32.dll
 0002:00000010       __imp_VirtualProtect       000000018001c010     kernel32:KERNEL32.dll
 0002:00000018       __imp_GetSystemInfo        000000018001c018     kernel32:KERNEL32.dll
 0002:00000020       __imp_CreateFileW          000000018001c020     kernel32:KERNEL32.dll
 0002:00000028       __imp_WriteConsoleW        000000018001c028     kernel32:KERNEL32.dll
 0002:00000030       __imp_WideCharToMultiByte  000000018001c030     kernel32:KERNEL32.dll
 0002:00000038       __imp_EnterCriticalSection 000000018001c038     kernel32:KERNEL32.dll
 0002:00000040       __imp_LeaveCriticalSection 000000018001c040     kernel32:KERNEL32.dll
 0002:00000048       __imp_DeleteCriticalSection 000000018001c048     kernel32:KERNEL32.dll
 0002:00000050       __imp_EncodePointer        000000018001c050     kernel32:KERNEL32.dll
 0002:00000058       __imp_DecodePointer        000000018001c058     kernel32:KERNEL32.dll
 0002:00000060       __imp_MultiByteToWideChar  000000018001c060     kernel32:KERNEL32.dll
 0002:00000068       __imp_SetLastError         000000018001c068     kernel32:KERNEL32.dll
 0002:00000070       __imp_InitializeCriticalSectionAndSpinCount 000000018001c070     kernel32:KERNEL32.dll
 0002:00000078       __imp_CreateEventW         000000018001c078     kernel32:KERNEL32.dll
 0002:00000080       __imp_TlsAlloc             000000018001c080     kernel32:KERNEL32.dll
 0002:00000088       __imp_TlsGetValue          000000018001c088     kernel32:KERNEL32.dll
 0002:00000090       __imp_TlsSetValue          000000018001c090     kernel32:KERNEL32.dll
 0002:00000098       __imp_TlsFree              000000018001c098     kernel32:KERNEL32.dll
 0002:000000a0       __imp_GetSystemTimeAsFileTime 000000018001c0a0     kernel32:KERNEL32.dll
 0002:000000a8       __imp_GetModuleHandleW     000000018001c0a8     kernel32:KERNEL32.dll
 0002:000000b0       __imp_GetProcAddress       000000018001c0b0     kernel32:KERNEL32.dll
 0002:000000b8       __imp_LCMapStringW         000000018001c0b8     kernel32:KERNEL32.dll
 0002:000000c0       __imp_GetLocaleInfoW       000000018001c0c0     kernel32:KERNEL32.dll
 0002:000000c8       __imp_GetStringTypeW       000000018001c0c8     kernel32:KERNEL32.dll
 0002:000000d0       __imp_GetCPInfo            000000018001c0d0     kernel32:KERNEL32.dll
 0002:000000d8       __imp_CloseHandle          000000018001c0d8     kernel32:KERNEL32.dll
 0002:000000e0       __imp_SetEvent             000000018001c0e0     kernel32:KERNEL32.dll
 0002:000000e8       __imp_ResetEvent           000000018001c0e8     kernel32:KERNEL32.dll
 0002:000000f0       __imp_WaitForSingleObjectEx 000000018001c0f0     kernel32:KERNEL32.dll
 0002:000000f8       __imp_RtlCaptureContext    000000018001c0f8     kernel32:KERNEL32.dll
 0002:00000100       __imp_RtlLookupFunctionEntry 000000018001c100     kernel32:KERNEL32.dll
 0002:00000108       __imp_RtlVirtualUnwind     000000018001c108     kernel32:KERNEL32.dll
 0002:00000110       __imp_UnhandledExceptionFilter 000000018001c110     kernel32:KERNEL32.dll
 0002:00000118       __imp_SetUnhandledExceptionFilter 000000018001c118     kernel32:KERNEL32.dll
 0002:00000120       __imp_GetCurrentProcess    000000018001c120     kernel32:KERNEL32.dll
 0002:00000128       __imp_TerminateProcess     000000018001c128     kernel32:KERNEL32.dll
 0002:00000130       __imp_IsProcessorFeaturePresent 000000018001c130     kernel32:KERNEL32.dll
 0002:00000138       __imp_IsDebuggerPresent    000000018001c138     kernel32:KERNEL32.dll
 0002:00000140       __imp_GetStartupInfoW      000000018001c140     kernel32:KERNEL32.dll
 0002:00000148       __imp_QueryPerformanceCounter 000000018001c148     kernel32:KERNEL32.dll
 0002:00000150       __imp_GetCurrentProcessId  000000018001c150     kernel32:KERNEL32.dll
 0002:00000158       __imp_GetCurrentThreadId   000000018001c158     kernel32:KERNEL32.dll
 0002:00000160       __imp_InitializeSListHead  000000018001c160     kernel32:KERNEL32.dll
 0002:00000168       __imp_RtlPcToFileHeader    000000018001c168     kernel32:KERNEL32.dll
 0002:00000170       __imp_RaiseException       000000018001c170     kernel32:KERNEL32.dll
 0002:00000178       __imp_RtlUnwindEx          000000018001c178     kernel32:KERNEL32.dll
 0002:00000180       __imp_GetLastError         000000018001c180     kernel32:KERNEL32.dll
 0002:00000188       __imp_FreeLibrary          000000018001c188     kernel32:KERNEL32.dll
 0002:00000190       __imp_LoadLibraryExW       000000018001c190     kernel32:KERNEL32.dll
 0002:00000198       __imp_InterlockedFlushSList 000000018001c198     kernel32:KERNEL32.dll
 0002:000001a0       __imp_HeapAlloc            000000018001c1a0     kernel32:KERNEL32.dll
 0002:000001a8       __imp_HeapReAlloc          000000018001c1a8     kernel32:KERNEL32.dll
 0002:000001b0       __imp_HeapFree             000000018001c1b0     kernel32:KERNEL32.dll
 0002:000001b8       __imp_ExitProcess          000000018001c1b8     kernel32:KERNEL32.dll
 0002:000001c0       __imp_GetModuleHandleExW   000000018001c1c0     kernel32:KERNEL32.dll
 0002:000001c8       __imp_GetModuleFileNameA   000000018001c1c8     kernel32:KERNEL32.dll
 0002:000001d0       __imp_GetACP               000000018001c1d0     kernel32:KERNEL32.dll
 0002:000001d8       __imp_IsValidLocale        000000018001c1d8     kernel32:KERNEL32.dll
 0002:000001e0       __imp_GetUserDefaultLCID   000000018001c1e0     kernel32:KERNEL32.dll
 0002:000001e8       __imp_EnumSystemLocalesW   000000018001c1e8     kernel32:KERNEL32.dll
 0002:000001f0       __imp_GetProcessHeap       000000018001c1f0     kernel32:KERNEL32.dll
 0002:000001f8       __imp_GetStdHandle         000000018001c1f8     kernel32:KERNEL32.dll
 0002:00000200       __imp_GetFileType          000000018001c200     kernel32:KERNEL32.dll
 0002:00000208       __imp_FindClose            000000018001c208     kernel32:KERNEL32.dll
 0002:00000210       __imp_FindFirstFileExA     000000018001c210     kernel32:KERNEL32.dll
 0002:00000218       __imp_FindNextFileA        000000018001c218     kernel32:KERNEL32.dll
 0002:00000220       __imp_IsValidCodePage      000000018001c220     kernel32:KERNEL32.dll
 0002:00000228       __imp_GetOEMCP             000000018001c228     kernel32:KERNEL32.dll
 0002:00000230       __imp_GetCommandLineA      000000018001c230     kernel32:KERNEL32.dll
 0002:00000238       __imp_GetCommandLineW      000000018001c238     kernel32:KERNEL32.dll
 0002:00000240       __imp_GetEnvironmentStringsW 000000018001c240     kernel32:KERNEL32.dll
 0002:00000248       __imp_FreeEnvironmentStringsW 000000018001c248     kernel32:KERNEL32.dll
 0002:00000250       __imp_SetStdHandle         000000018001c250     kernel32:KERNEL32.dll
 0002:00000258       __imp_HeapSize             000000018001c258     kernel32:KERNEL32.dll
 0002:00000260       __imp_WriteFile            000000018001c260     kernel32:KERNEL32.dll
 0002:00000268       __imp_GetConsoleCP         000000018001c268     kernel32:KERNEL32.dll
 0002:00000270       __imp_GetConsoleMode       000000018001c270     kernel32:KERNEL32.dll
 0002:00000278       __imp_SetFilePointerEx     000000018001c278     kernel32:KERNEL32.dll
 0002:00000280       __imp_FlushFileBuffers     000000018001c280     kernel32:KERNEL32.dll
 0002:00000288       __imp_LoadLibraryExA       000000018001c288     kernel32:KERNEL32.dll
 0002:00000290       \177KERNEL32_NULL_THUNK_DATA 000000018001c290     kernel32:KERNEL32.dll
 0002:00000298       __imp_StringFromGUID2      000000018001c298     ole32:ole32.dll
 0002:000002a0       \177ole32_NULL_THUNK_DATA  000000018001c2a0     ole32:ole32.dll
 0002:000002a8       __imp_WlanEnumInterfaces   000000018001c2a8     wlanapi:wlanapi.dll
 0002:000002b0       __imp_WlanOpenHandle       000000018001c2b0     wlanapi:wlanapi.dll
 0002:000002b8       __imp_WlanGetAvailableNetworkList 000000018001c2b8     wlanapi:wlanapi.dll
 0002:000002c0       __imp_WlanCloseHandle      000000018001c2c0     wlanapi:wlanapi.dll
 0002:000002c8       __imp_WlanFreeMemory       000000018001c2c8     wlanapi:wlanapi.dll
 0002:000002d0       \177wlanapi_NULL_THUNK_DATA 000000018001c2d0     wlanapi:wlanapi.dll
 0002:000002d8       __guard_check_icall_fptr   000000018001c2d8     LIBCMT:guard_support.obj
 0002:000002e0       __guard_dispatch_icall_fptr 000000018001c2e0     LIBCMT:guard_support.obj
 0002:000002e8       __xc_a                     000000018001c2e8     LIBCMT:initializers.obj
 0002:00000318       _register_wifi_            000000018001c318     wifi.obj
 0002:00000320       __xc_z                     000000018001c320     LIBCMT:initializers.obj
 0002:00000328       __xi_a                     000000018001c328     LIBCMT:initializers.obj
 0002:00000340       __acrt_stdio_initializer   000000018001c340     libucrt:stdio_initializer.obj
 0002:00000348       __acrt_tran_fma3_initializer 000000018001c348     libucrt:fma3_initializer.obj
 0002:00000350       __acrt_timeset_initializer 000000018001c350     libucrt:timeset_initializer.obj
 0002:00000358       __acrt_multibyte_initializer 000000018001c358     libucrt:multibyte_initializer.obj
 0002:00000360       __xi_z                     000000018001c360     LIBCMT:initializers.obj
 0002:00000368       __xl_a                     000000018001c368     LIBCMT:tlssup.obj
 0002:00000370       __xl_z                     000000018001c370     LIBCMT:tlssup.obj
 0002:00000378       __xp_a                     000000018001c378     LIBCMT:initializers.obj
 0002:00000380       __acrt_locale_terminator   000000018001c380     libucrt:locale_initializer.obj
 0002:00000388       __dcrt_console_output_terminator 000000018001c388     libucrt:console_output_initializer.obj
 0002:00000390       __acrt_stdio_terminator    000000018001c390     libucrt:stdio_initializer.obj
 0002:00000398       __xp_z                     000000018001c398     LIBCMT:initializers.obj
 0002:000003a0       __xt_a                     000000018001c3a0     LIBCMT:initializers.obj
 0002:000003a8       __xt_z                     000000018001c3a8     LIBCMT:initializers.obj
 0002:000003b0       __sz_node_exe              000000018001c3b0     node:node.exe
 0002:00000490       ??_7_Facet_base@std@@6B@   000000018001c490     libcpmt:locale0.obj
 0002:000004b0       ??_7_Locimp@locale@std@@6B@ 000000018001c4b0     libcpmt:locale0.obj
 0002:000004c8       ??_C@_01NBENCBCI@?$CK?$AA@ 000000018001c4c8     libcpmt:locale0.obj
 0002:000004cc       ??_C@_01GFHCPBMG@C?$AA@    000000018001c4cc     libcpmt:locale0.obj
 0002:000004d8       ??_7exception@std@@6B@     000000018001c4d8     libcpmt:xthrow.obj
 0002:000004e8       ??_C@_0BC@EOODALEL@Unknown?5exception?$AA@ 000000018001c4e8     libcpmt:xthrow.obj
 0002:00000508       ??_7bad_alloc@std@@6B@     000000018001c508     libcpmt:xthrow.obj
 0002:00000518       ??_C@_0P@GHFPNOJB@bad?5allocation?$AA@ 000000018001c518     libcpmt:xthrow.obj
 0002:00000530       ??_7logic_error@std@@6B@   000000018001c530     libcpmt:xthrow.obj
 0002:00000548       ??_7length_error@std@@6B@  000000018001c548     libcpmt:xthrow.obj
 0002:00000560       ??_7out_of_range@std@@6B@  000000018001c560     libcpmt:xthrow.obj
 0002:00000578       ??_7runtime_error@std@@6B@ 000000018001c578     libcpmt:xthrow.obj
 0002:00000588       ?_BADOFF@std@@3_JB         000000018001c588     libcpmt:ios.obj
 0002:00000cc0       ??_C@_0BN@LKKBCCDB@address?5family?5not?5supported?$AA@ 000000018001ccc0     libcpmt:syserror.obj
 0002:00000ce0       ??_C@_0P@LDMLAFHI@address?5in?5use?$AA@ 000000018001cce0     libcpmt:syserror.obj
 0002:00000cf0       ??_C@_0BG@DHPCNBJB@address?5not?5available?$AA@ 000000018001ccf0     libcpmt:syserror.obj
 0002:00000d08       ??_C@_0BC@DFIBIBIL@already?5connected?$AA@ 000000018001cd08     libcpmt:syserror.obj
 0002:00000d20       ??_C@_0BH@CAKOHOMI@argument?5list?5too?5long?$AA@ 000000018001cd20     libcpmt:syserror.obj
 0002:00000d38       ??_C@_0BH@CGIMPKIM@argument?5out?5of?5domain?$AA@ 000000018001cd38     libcpmt:syserror.obj
 0002:00000d50       ??_C@_0M@KGHGGJGL@bad?5address?$AA@ 000000018001cd50     libcpmt:syserror.obj
 0002:00000d60       ??_C@_0BE@MPJPGCEO@bad?5file?5descriptor?$AA@ 000000018001cd60     libcpmt:syserror.obj
 0002:00000d78       ??_C@_0M@PMMIEFCP@bad?5message?$AA@ 000000018001cd78     libcpmt:syserror.obj
 0002:00000d88       ??_C@_0M@KPHOFDBE@broken?5pipe?$AA@ 000000018001cd88     libcpmt:syserror.obj
 0002:00000d98       ??_C@_0BD@MGNDDEGM@connection?5aborted?$AA@ 000000018001cd98     libcpmt:syserror.obj
 0002:00000db0       ??_C@_0BP@KAIHPOGN@connection?5already?5in?5progress?$AA@ 000000018001cdb0     libcpmt:syserror.obj
 0002:00000dd0       ??_C@_0BD@PJLIIJEL@connection?5refused?$AA@ 000000018001cdd0     libcpmt:syserror.obj
 0002:00000de8       ??_C@_0BB@IECNJNOI@connection?5reset?$AA@ 000000018001cde8     libcpmt:syserror.obj
 0002:00000e00       ??_C@_0BC@PPHBOELF@cross?5device?5link?$AA@ 000000018001ce00     libcpmt:syserror.obj
 0002:00000e18       ??_C@_0BN@KDMIFEIP@destination?5address?5required?$AA@ 000000018001ce18     libcpmt:syserror.obj
 0002:00000e38       ??_C@_0BI@NGCEHDD@device?5or?5resource?5busy?$AA@ 000000018001ce38     libcpmt:syserror.obj
 0002:00000e50       ??_C@_0BE@JIDOCPHM@directory?5not?5empty?$AA@ 000000018001ce50     libcpmt:syserror.obj
 0002:00000e68       ??_C@_0BI@BNCLIGPB@executable?5format?5error?$AA@ 000000018001ce68     libcpmt:syserror.obj
 0002:00000e80       ??_C@_0M@MIDIAGJP@file?5exists?$AA@ 000000018001ce80     libcpmt:syserror.obj
 0002:00000e90       ??_C@_0P@DNAJLBJK@file?5too?5large?$AA@ 000000018001ce90     libcpmt:syserror.obj
 0002:00000ea0       ??_C@_0BC@EJHOMAAK@filename?5too?5long?$AA@ 000000018001cea0     libcpmt:syserror.obj
 0002:00000eb8       ??_C@_0BH@KEFGLDAF@function?5not?5supported?$AA@ 000000018001ceb8     libcpmt:syserror.obj
 0002:00000ed0       ??_C@_0BB@DHFDFGDM@host?5unreachable?$AA@ 000000018001ced0     libcpmt:syserror.obj
[...]
 0004:000015f0       $pdata$_isatty             00000001800335f0     libucrt:isatty.obj
 0004:000015fc       $pdata$__acrt_lowio_create_handle_array 00000001800335fc     libucrt:osfinfo.obj
 0004:00001608       $pdata$__acrt_lowio_destroy_handle_array 0000000180033608     libucrt:osfinfo.obj
 0004:00001614       $pdata$__acrt_lowio_ensure_fh_exists 0000000180033614     libucrt:osfinfo.obj
 0004:00001620       $pdata$_free_osfhnd        0000000180033620     libucrt:osfinfo.obj
 0004:0000162c       $pdata$_get_osfhandle      000000018003362c     libucrt:osfinfo.obj
 0004:00001638       $pdata$_call_matherr       0000000180033638     libucrt:libm_error.obj
 0004:00001644       $pdata$_exception_enabled  0000000180033644     libucrt:libm_error.obj
 0004:00001650       $pdata$_handle_error       0000000180033650     libucrt:libm_error.obj
 0004:0000165c       $pdata$_handle_errorf      000000018003365c     libucrt:libm_error.obj
 0004:00001668       $pdata$_towlower_l         0000000180033668     libucrt:towlower.obj
 0004:00001674       $pdata$?shortsort@@YAXPEAD0_KP6AHPEBX2@Z@Z 0000000180033674     libucrt:qsort.obj
 0004:00001680       $pdata$2$?shortsort@@YAXPEAD0_KP6AHPEBX2@Z@Z 0000000180033680     libucrt:qsort.obj
 0004:0000168c       $pdata$3$?shortsort@@YAXPEAD0_KP6AHPEBX2@Z@Z 000000018003368c     libucrt:qsort.obj
 0004:00001698       $pdata$qsort               0000000180033698     libucrt:qsort.obj
 0004:000016a4       $pdata$4$qsort             00000001800336a4     libucrt:qsort.obj
 0004:000016b0       $pdata$5$qsort             00000001800336b0     libucrt:qsort.obj
 0004:000016bc       $pdata$strpbrk             00000001800336bc     libucrt:strpbrk.obj
 0004:000016c8       $pdata$_mbsdec_l           00000001800336c8     libucrt:mbsdec.obj
 0004:000016d4       $pdata$?initialize_multibyte@@YAHXZ 00000001800336d4     libucrt:multibyte_initializer.obj
 0004:000016e0       $pdata$_msize              00000001800336e0     libucrt:msize.obj
 0004:000016ec       $pdata$??$common_xtox@K_W@@YAHKQEA_W_KI_N@Z 00000001800336ec     libucrt:xtoa.obj
 0004:000016f8       $pdata$??$common_xtox_s@K_W@@YAHKQEA_W_KI_N@Z 00000001800336f8     libucrt:xtoa.obj
 0004:00001704       $pdata$_itow_s             0000000180033704     libucrt:xtoa.obj
 0004:00001710       $pdata$_wcsnicmp           0000000180033710     libucrt:wcsnicmp.obj
 0004:0000171c       $pdata$_wcsnicmp_l         000000018003371c     libucrt:wcsnicmp.obj
 0004:00001734       $pdata$?write_double_translated_ansi_nolock@@YA?AUwrite_result@?A0x9c548279@@HQEBDI@Z 0000000180033734     libucrt:write.obj
 0004:00001740       $pdata$?write_text_ansi_nolock@@YA?AUwrite_result@?A0x9c548279@@HQEBDI@Z 0000000180033740     libucrt:write.obj
 0004:0000174c       $pdata$?write_text_utf16le_nolock@@YA?AUwrite_result@?A0x9c548279@@HQEBDI@Z 000000018003374c     libucrt:write.obj
 0004:00001758       $pdata$?write_text_utf8_nolock@@YA?AUwrite_result@?A0x9c548279@@HQEBDI@Z 0000000180033758     libucrt:write.obj
 0004:00001764       $pdata$_write              0000000180033764     libucrt:write.obj
 0004:00001770       $pdata$_write_nolock       0000000180033770     libucrt:write.obj
 0004:0000177c       $pdata$??$common_lseek_nolock@_J@@YA_JH_JH@Z 000000018003377c     libucrt:lseek.obj
 0004:00001788       $pdata$_fclose_nolock      0000000180033788     libucrt:fclose.obj
 0004:00001794       $pdata$fclose              0000000180033794     libucrt:fclose.obj
 0004:000017a0       $pdata$??$?RV<lambda_b521505b218e5242e90febf6bfebc422>@@AEAV<lambda_6978c1fb23f02e42e1d9e99668cc68aa>@@V<lambda_314360699dd331753a4119843814e9a7>@@@?$__crt_seh_guarded_call@H@@QEAAH$$QEAV<lambda_b521505b218e5242e90febf6bfebc422>@@AEAV<lambda_6978c1fb23f02e42e1d9e99668cc68aa>@@$$QEAV<lambda_314360699dd331753a4119843814e9a7>@@@Z 00000001800337a0     libucrt:commit.obj
 0004:000017ac       $pdata$_commit             00000001800337ac     libucrt:commit.obj
 0004:000017b8       $pdata$__acrt_LCMapStringW 00000001800337b8     libucrt:lcmapstringw.obj
 0004:000017c4       $pdata$_log10_special      00000001800337c4     libucrt:log_special.obj
 0004:000017d0       $pdata$_log_special_common 00000001800337d0     libucrt:log_special.obj
 0004:000017dc       $pdata$_putwch_nolock      00000001800337dc     libucrt:putwch.obj
 0004:000017e8       $pdata$??$?RV<lambda_bfedae4ebbf01fab1bb6dcc6a9e276e0>@@AEAV<lambda_2fe9b910cf3cbf4a0ab98a02ba45b3ec>@@V<lambda_237c231691f317818eb88cc1d5d642d6>@@@?$__crt_seh_guarded_call@H@@QEAAH$$QEAV<lambda_bfedae4ebbf01fab1bb6dcc6a9e276e0>@@AEAV<lambda_2fe9b910cf3cbf4a0ab98a02ba45b3ec>@@$$QEAV<lambda_237c231691f317818eb88cc1d5d642d6>@@@Z 00000001800337e8     libucrt:close.obj
 0004:000017f4       $pdata$_close              00000001800337f4     libucrt:close.obj
 0004:00001800       $pdata$_close_nolock       0000000180033800     libucrt:close.obj
 0004:0000180c       $pdata$__dcrt_lowio_initialize_console_output 000000018003380c     libucrt:initcon.obj
 0004:00001818       $pdata$__dcrt_terminate_console_output 0000000180033818     libucrt:initcon.obj
 0004:00001824       $pdata$?DloadAcquireSectionWriteAccess@@YAXXZ 0000000180033824     DelayImp:delayhlp.obj
 0004:00001830       $pdata$?DloadGetSRWLockFunctionPointers@@YAEXZ 0000000180033830     DelayImp:delayhlp.obj
 0004:0000183c       $pdata$?DloadMakePermanentImageCommit@@YAXPEAX_K@Z 000000018003383c     DelayImp:delayhlp.obj
 0004:00001848       $pdata$?DloadObtainSection@@YAPEAXPEAK0@Z 0000000180033848     DelayImp:delayhlp.obj
 0004:00001854       $pdata$?DloadProtectSection@@YAXKPEAK@Z 0000000180033854     DelayImp:delayhlp.obj
 0004:00001860       $pdata$?DloadReleaseSectionWriteAccess@@YAXXZ 0000000180033860     DelayImp:delayhlp.obj
 0004:0000186c       $pdata$__delayLoadHelper2  000000018003386c     DelayImp:delayhlp.obj
 0004:00001878       $pdata$_IsNonwritableInCurrentImage 0000000180033878     LIBCMT:pesect.obj
 0004:00001884       $pdata$wcschr              0000000180033884     libvcruntime:wcschr.obj
 0004:0000189c       $pdata$__scrt_is_nonwritable_in_current_image$filt$0 000000018003389c     LIBCMT:utility.obj
 0004:000018a8       $pdata$?fin$0@?0??dllmain_crt_process_attach@@YAHQEAUHINSTANCE__@@QEAX@Z@4HA 00000001800338a8     LIBCMT:dll_dllmain.obj
 0004:000018b4       $pdata$?fin$0@?0??dllmain_crt_process_detach@@YAH_N@Z@4HA 00000001800338b4     LIBCMT:dll_dllmain.obj
 0004:000018c0       $pdata$?filt$0@?0??dllmain_dispatch@@YAHQEAUHINSTANCE__@@KQEAX@Z@4HA 00000001800338c0     LIBCMT:dll_dllmain.obj
 0004:000018cc       $pdata$__CxxCallCatchBlock$filt$0 00000001800338cc     libvcruntime:frame.obj
 0004:000018d8       $pdata$__CxxCallCatchBlock$fin$1 00000001800338d8     libvcruntime:frame.obj
 0004:000018e4       $pdata$__DestructExceptionObject$filt$0 00000001800338e4     libvcruntime:frame.obj
 0004:000018f0       $pdata$__FrameUnwindToState$filt$0 00000001800338f0     libvcruntime:frame.obj
 0004:000018fc       $pdata$__FrameUnwindToState$fin$1 00000001800338fc     libvcruntime:frame.obj
 0004:00001908       $pdata$_CallSETranslator$filt$0 0000000180033908     libvcruntime:trnsctrl.obj
 0004:00001914       $pdata$setlocale$fin$0     0000000180033914     libucrt:setlocale.obj
 0004:00001920       $pdata$_query_new_handler$fin$0 0000000180033920     libucrt:new_handler.obj
 0004:0000192c       $pdata$?filt$0@?0??common_exit@@YAXHW4_crt_exit_cleanup_mode@@W4_crt_exit_return_mode@@@Z@4HA 000000018003392c     libucrt:exit.obj
 0004:00001938       $pdata$?fin$1@?0??common_exit@@YAXHW4_crt_exit_cleanup_mode@@W4_crt_exit_return_mode@@@Z@4HA 0000000180033938     libucrt:exit.obj
 0004:00001944       $pdata$?fin$0@?0???$?RV<lambda_72d1df2b273a38828b1ce30cbf4cdab5>@@AEAV<lambda_876a65b173b8412d3a47c70a915b0cf4>@@V<lambda_41932305e351933ebe8f8be3ed8bb5dc>@@@?$__crt_seh_guarded_call@X@@QEAAX$$QEAV<lambda_72d1df2b273a38828b1ce30cbf4cdab5>@@AEAV<lambda_876a65b173b8412d3a47c70a915b0cf4>@@$$QEAV<lambda_41932305e351933ebe8f8be3ed8bb5dc>@@@Z@4HA 0000000180033944     libucrt:per_thread_data.obj
 0004:00001944       $pdata$?fin$0@?0???$?RV<lambda_d67e8342c384adda8f857579ab50b2ae>@@AEAV<lambda_30712929f77e709619002f448b6a9510>@@V<lambda_4525336fd7e478d965fb7ca7a337cad8>@@@?$__crt_seh_guarded_call@X@@QEAAX$$QEAV<lambda_d67e8342c384adda8f857579ab50b2ae>@@AEAV<lambda_30712929f77e709619002f448b6a9510>@@$$QEAV<lambda_4525336fd7e478d965fb7ca7a337cad8>@@@Z@4HA 0000000180033944     libucrt:wsetlocale.obj
 0004:00001944       $pdata$?fin$0@?0???$?RV<lambda_46352004c1216016012b18bd6f87e700>@@AEAV<lambda_3bd07e1a1191394380780325891bf33f>@@V<lambda_334532d3f185bcaa59b5be82d7d22bff>@@@?$__crt_seh_guarded_call@X@@QEAAX$$QEAV<lambda_46352004c1216016012b18bd6f87e700>@@AEAV<lambda_3bd07e1a1191394380780325891bf33f>@@$$QEAV<lambda_334532d3f185bcaa59b5be82d7d22bff>@@@Z@4HA 0000000180033944     libucrt:per_thread_data.obj
 0004:00001944       $pdata$?fin$0@?0???$?RV<lambda_c36588078e9f5dfd39652860aa6b3aaf>@@AEAV<lambda_ec61778202f4f5fc7e7711acc23c3bca>@@V<lambda_dc9d2797ccde5d239b4a0efae8ebd7db>@@@?$__crt_seh_guarded_call@P6AXH@Z@@QEAAP6AXH@Z$$QEAV<lambda_c36588078e9f5dfd39652860aa6b3aaf>@@AEAV<lambda_ec61778202f4f5fc7e7711acc23c3bca>@@$$QEAV<lambda_dc9d2797ccde5d239b4a0efae8ebd7db>@@@Z@4HA 0000000180033944     libucrt:signal.obj
 0004:00001944       $pdata$?fin$0@?0???$?RV<lambda_fb3a7dec4e47f37f22dae91bb15c9095>@@AEAV<lambda_698284760c8add0bfb0756c19673e34b>@@V<lambda_dfb8eca1e75fef3034a8fb18dd509707>@@@?$__crt_seh_guarded_call@X@@QEAAX$$QEAV<lambda_fb3a7dec4e47f37f22dae91bb15c9095>@@AEAV<lambda_698284760c8add0bfb0756c19673e34b>@@$$QEAV<lambda_dfb8eca1e75fef3034a8fb18dd509707>@@@Z@4HA 0000000180033944     libucrt:per_thread_data.obj
 0004:00001944       $pdata$?fin$0@?0???$?RV<lambda_630b2aca97f6d20d5b5ea6529ea6b6af>@@AEAV<lambda_af91936f1d075d609f72d9d8cba980af>@@V<lambda_e82fa975f615b5c7c7b0e4d178fdae67>@@@?$__crt_seh_guarded_call@H@@QEAAH$$QEAV<lambda_630b2aca97f6d20d5b5ea6529ea6b6af>@@AEAV<lambda_af91936f1d075d609f72d9d8cba980af>@@$$QEAV<lambda_e82fa975f615b5c7c7b0e4d178fdae67>@@@Z@4HA 0000000180033944     libucrt:winapi_thunks.obj
 0004:00001944       $pdata$?fin$0@?0???$?RV<lambda_b8c45f8f788dd370798f47cfe8ac3a86>@@AEAV<lambda_4e60a939b0d047cfe11ddc22648dfba9>@@V<lambda_332c3edc96d0294ec56c57d38c1cdfd5>@@@?$__crt_seh_guarded_call@H@@QEAAH$$QEAV<lambda_b8c45f8f788dd370798f47cfe8ac3a86>@@AEAV<lambda_4e60a939b0d047cfe11ddc22648dfba9>@@$$QEAV<lambda_332c3edc96d0294ec56c57d38c1cdfd5>@@@Z@4HA 0000000180033944     libucrt:onexit.obj
 0004:00001944       $pdata$?fin$0@?0???$?RV<lambda_5e887d1dcbef67a5eb4283622ba103bf>@@AEAV<lambda_4466841279450cc726390878d4a41900>@@V<lambda_341c25c0346d94847f1f3c463c57e077>@@@?$__crt_seh_guarded_call@X@@QEAAX$$QEAV<lambda_5e887d1dcbef67a5eb4283622ba103bf>@@AEAV<lambda_4466841279450cc726390878d4a41900>@@$$QEAV<lambda_341c25c0346d94847f1f3c463c57e077>@@@Z@4HA 0000000180033944     libucrt:per_thread_data.obj
 0004:00001944       $pdata$?fin$0@?0???$?RV<lambda_99476a1ad63dd22509b5d3e65b0ffc95>@@AEAV<lambda_ad1ced32f4ac17aa236e5ef05d6b3b7c>@@V<lambda_f7424dd8d45958661754dc4f2697e9c3>@@@?$__crt_seh_guarded_call@X@@QEAAX$$QEAV<lambda_99476a1ad63dd22509b5d3e65b0ffc95>@@AEAV<lambda_ad1ced32f4ac17aa236e5ef05d6b3b7c>@@$$QEAV<lambda_f7424dd8d45958661754dc4f2697e9c3>@@@Z@4HA 0000000180033944     libucrt:mbctype.obj
 0004:00001950       $pdata$?fin$0@?0???$?RV<lambda_e24bbb7b643b32fcea6fa61b31d4c984>@@AEAV<lambda_275893d493268fdec8709772e3fcec0e>@@V<lambda_9d71df4d7cf3f480f8d633942495c3b0>@@@?$__crt_seh_guarded_call@H@@QEAAH$$QEAV<lambda_e24bbb7b643b32fcea6fa61b31d4c984>@@AEAV<lambda_275893d493268fdec8709772e3fcec0e>@@$$QEAV<lambda_9d71df4d7cf3f480f8d633942495c3b0>@@@Z@4HA 0000000180033950     libucrt:onexit.obj
 0004:0000195c       $pdata$raise$fin$0         000000018003395c     libucrt:signal.obj
 0004:00001968       $pdata$?fin$0@?0???$?RV<lambda_5df02c53a8f32f81fd64e5bbb78039f1>@@AEAV<lambda_2af78c5f5901b1372d98f9ab3177dfa6>@@AEAV<lambda_f51fe5fd7c79a33db34fc9310f277369>@@@?$__crt_seh_guarded_call@X@@QEAAX$$QEAV<lambda_5df02c53a8f32f81fd64e5bbb78039f1>@@AEAV<lambda_2af78c5f5901b1372d98f9ab3177dfa6>@@AEAV<lambda_f51fe5fd7c79a33db34fc9310f277369>@@@Z@4HA 0000000180033968     libucrt:wsetlocale.obj
 0004:00001974       $pdata$__acrt_uninitialize_locale$fin$0 0000000180033974     libucrt:wsetlocale.obj
 0004:00001974       $pdata$__acrt_update_thread_locale_data$fin$0 0000000180033974     libucrt:locale_refcounting.obj
 0004:00001980       $pdata$_ctrlfp$filt$0      0000000180033980     libucrt:fpctrl.obj
 0004:0000198c       $pdata$__acrt_update_thread_multibyte_data$fin$0 000000018003398c     libucrt:mbctype.obj
 0004:00001998       $pdata$_fcloseall$fin$0    0000000180033998     libucrt:closeall.obj
 0004:000019a4       $pdata$common_flush_all$fin$0 00000001800339a4     libucrt:fflush.obj
 0004:000019b0       $pdata$common_flush_all$fin$1 00000001800339b0     libucrt:fflush.obj
 0004:000019bc       $pdata$__acrt_initialize_lowio$fin$0 00000001800339bc     libucrt:ioinit.obj
 0004:000019bc       $pdata$__acrt_lowio_ensure_fh_exists$fin$0 00000001800339bc     libucrt:osfinfo.obj
 0004:000019c8       $pdata$_write$fin$0        00000001800339c8     libucrt:write.obj
 0004:000019d4       $pdata$fclose$fin$0        00000001800339d4     libucrt:fclose.obj
 0004:000019e0       $pdata$?fin$0@?0???$?RV<lambda_b521505b218e5242e90febf6bfebc422>@@AEAV<lambda_6978c1fb23f02e42e1d9e99668cc68aa>@@V<lambda_314360699dd331753a4119843814e9a7>@@@?$__crt_seh_guarded_call@H@@QEAAH$$QEAV<lambda_b521505b218e5242e90febf6bfebc422>@@AEAV<lambda_6978c1fb23f02e42e1d9e99668cc68aa>@@$$QEAV<lambda_314360699dd331753a4119843814e9a7>@@@Z@4HA 00000001800339e0     libucrt:commit.obj
 0004:000019e0       $pdata$?fin$0@?0???$?RV<lambda_bfedae4ebbf01fab1bb6dcc6a9e276e0>@@AEAV<lambda_2fe9b910cf3cbf4a0ab98a02ba45b3ec>@@V<lambda_237c231691f317818eb88cc1d5d642d6>@@@?$__crt_seh_guarded_call@H@@QEAAH$$QEAV<lambda_bfedae4ebbf01fab1bb6dcc6a9e276e0>@@AEAV<lambda_2fe9b910cf3cbf4a0ab98a02ba45b3ec>@@$$QEAV<lambda_237c231691f317818eb88cc1d5d642d6>@@@Z@4HA 00000001800339e0     libucrt:close.obj
 0004:000019ec       $pdata$_IsNonwritableInCurrentImage$filt$0 00000001800339ec     LIBCMT:pesect.obj
 0004:000019f8       $pdata$??__F_Fac_tidy_reg@std@@YAXXZ 00000001800339f8     libcpmt:locale0.obj
 0004:00001a04       $pdata$??__Fclassic_locale@std@@YAXXZ 0000000180033a04     libcpmt:locale0.obj
 0004:00001a10       $pdata$??__Finit_atexit@@YAXXZ 0000000180033a10     libcpmt:iosptrs.obj
 0005:00000000       __guard_fids__             0000000180034000     libucrt:initialization.obj
 0005:00000060       __guard_fids___acrt_initialize_ptd 0000000180034060     libucrt:per_thread_data.obj
 0005:00000064       __guard_fids__             0000000180034064     libucrt:wsetlocale.obj
 0005:0000007c       __guard_fids_??$?RV<lambda_630b2aca97f6d20d5b5ea6529ea6b6af>@@AEAV<lambda_af91936f1d075d609f72d9d8cba980af>@@V<lambda_e82fa975f615b5c7c7b0e4d178fdae67>@@@?$__crt_seh_guarded_call@H@@QEAAH$$QEAV<lambda_630b2aca97f6d20d5b5ea6529ea6b6af>@@AEAV<lambda_af91936f1d075d609f72d9d8cba980af>@@$$QEAV<lambda_e82fa975f615b5c7c7b0e4d178fdae67>@@@Z 000000018003407c     libucrt:winapi_thunks.obj
 0005:00000080       __guard_fids_??$expand_argument_wildcards@D@@YAHQEAD0AEAV?$argument_list@D@?A0xca0879c4@@@Z 0000000180034080     libucrt:argv_wildcards.obj
 0005:00000084       __guard_fids__             0000000180034084     libucrt:locale_initializer.obj
 0005:00000088       __guard_fids_GetLocaleNameFromLangCountry 0000000180034088     libucrt:get_qualified_locale.obj
 0005:0000008c       __guard_fids_GetLocaleNameFromLanguage 000000018003408c     libucrt:get_qualified_locale.obj
 0005:00000090       __guard_fids___acrt_get_qualified_locale_downlevel 0000000180034090     libucrt:getqloc_downlevel.obj
 0005:00000094       __guard_fids_GetLcidFromLangCountry 0000000180034094     libucrt:getqloc_downlevel.obj
 0005:00000098       __guard_fids_GetLcidFromLanguage 0000000180034098     libucrt:getqloc_downlevel.obj
 0005:0000009c       __guard_fids__             000000018003409c     libucrt:stdio_initializer.obj
 0005:000000a0       __guard_fids__             00000001800340a0     libucrt:stdio_initializer.obj
 0005:000000a4       __guard_fids__             00000001800340a4     libucrt:fma3_initializer.obj
 0005:000000a8       __guard_fids__             00000001800340a8     libucrt:timeset_initializer.obj
 0005:000000ac       __guard_fids__             00000001800340ac     libucrt:multibyte_initializer.obj
 0005:000000b0       __guard_fids__             00000001800340b0     libucrt:console_output_initializer.obj
 0005:000000b4       __guard_fids_??__Einitlocks@std@@YAXXZ 00000001800340b4     libcpmt:xlock.obj
 0005:000000b8       __guard_fids__             00000001800340b8     libcpmt:xlock.obj
 0005:000000bc       __guard_fids_??__E_Fac_tidy_reg@std@@YAXXZ 00000001800340bc     libcpmt:locale0.obj
 0005:000000c0       __guard_fids_?_Setgloballocale@locale@std@@CAXPEAX@Z 00000001800340c0     libcpmt:locale0.obj
 0005:000000c4       __guard_fids_??__Eclassic_locale@std@@YAXXZ 00000001800340c4     libcpmt:locale0.obj
 0005:000000c8       __guard_fids__             00000001800340c8     libcpmt:locale0.obj
 0005:000000d4       __guard_fids__             00000001800340d4     libcpmt:locale0.obj
 0005:000000e0       __guard_fids__             00000001800340e0     libcpmt:locale0.obj
 0005:000000e4       __guard_fids__             00000001800340e4     libcpmt:locale0.obj
 0005:000000e8       __guard_fids__             00000001800340e8     libcpmt:xthrow.obj
 0005:000000f0       __guard_fids__             00000001800340f0     libcpmt:xthrow.obj
 0005:000000f8       __guard_fids__             00000001800340f8     libcpmt:xthrow.obj
 0005:00000100       __guard_fids__             0000000180034100     libcpmt:xthrow.obj
 0005:00000108       __guard_fids__             0000000180034108     libcpmt:xthrow.obj
 0005:00000110       __guard_fids__             0000000180034110     libcpmt:xthrow.obj
 0005:00000118       __guard_fids_??__Einitlocks@std@@YAXXZ 0000000180034118     libcpmt:iosptrs.obj
 0005:0000011c       __guard_fids_??__Einit_atexit@@YAXXZ 000000018003411c     libcpmt:iosptrs.obj
 0005:00000120       __guard_fids__             0000000180034120     libcpmt:iosptrs.obj
 0005:00000124       __guard_fids__             0000000180034124     libcpmt:iosptrs.obj
 0005:00000128       __guard_fids__             0000000180034128     libcpmt:locale.obj
 0005:00000154       __guard_fids__             0000000180034154     libcpmt:winapisupp.obj
 0005:00000158       __guard_fids__             0000000180034158     LIBCMT:thread_safe_statics.obj
 0005:0000015c       __guard_fids_?__scrt_initialize_thread_safe_statics@@YAHXZ 000000018003415c     LIBCMT:thread_safe_statics.obj
 0005:00000160       __guard_fids_?dllmain_crt_process_attach@@YAHQEAUHINSTANCE__@@QEAX@Z 0000000180034160     LIBCMT:dll_dllmain.obj
 0005:00000168       __guard_fids_?dllmain_dispatch@@YAHQEAUHINSTANCE__@@KQEAX@Z 0000000180034168     LIBCMT:dll_dllmain.obj
 0005:0000016c       __guard_fids__             000000018003416c     LIBCMT:std_type_info_static.obj
 0005:00000170       __guard_fids__             0000000180034170     LIBCMT:throw_bad_alloc.obj
 0005:00000178       __guard_fids__             0000000180034178     LIBCMT:guard_support.obj
 0005:0000017c       __guard_fids__             000000018003417c     libvcruntime:frame.obj
 0005:00000180       __guard_fids__             0000000180034180     libvcruntime:frame.obj
 0005:00000188       __guard_fids__UnwindNestedFrames 0000000180034188     libvcruntime:trnsctrl.obj
 0005:0000018c       __guard_fids___vcrt_initialize_ptd 000000018003418c     libvcruntime:per_thread_data.obj
 0007:00000060       $R000000                   0000000180036060     * linker generated manifest res *

 Exports

  ordinal    name

        1    _register_wifi_
